#
# A fatal error has been detected by the Java Runtime Environment:
#
#  EXCEPTION_ACCESS_VIOLATION (0xc0000005) at pc=0x00007ffdca0a4142, pid=16488, tid=12644
#
# JRE version: OpenJDK Runtime Environment Temurin-21.0.10+7 (21.0.10+7) (build 21.0.10+7-LTS)
# Java VM: OpenJDK 64-Bit Server VM Temurin-21.0.10+7 (21.0.10+7-LTS, mixed mode, sharing, tiered, compressed oops, compressed class ptrs, parallel gc, windows-amd64)
# Problematic frame:
# V  [jvm.dll+0x6e4142]
#
# No core dump will be written. Minidumps are not enabled by default on client versions of Windows
#
# If you would like to submit a bug report, please visit:
#   https://github.com/adoptium/adoptium-support/issues
#

---------------  S U M M A R Y ------------

Command Line: --add-modules=ALL-SYSTEM --add-opens=java.base/java.util=ALL-UNNAMED --add-opens=java.base/java.lang=ALL-UNNAMED --add-opens=java.base/sun.nio.fs=ALL-UNNAMED -Declipse.application=org.eclipse.jdt.ls.core.id1 -Dosgi.bundles.defaultStartLevel=4 -Declipse.product=org.eclipse.jdt.ls.core.product -Djava.import.generatesMetadataFilesAtProjectRoot=false -DDetectVMInstallationsJob.disabled=true -Dfile.encoding=utf8 -XX:+UseParallelGC -XX:GCTimeRatio=4 -XX:AdaptiveSizePolicyWeight=90 -Dsun.zip.disableMemoryMapping=true -Xmx2G -Xms100m -Xlog:disable -javaagent:c:\Users\user\.vscode\extensions\redhat.java-1.53.0-win32-x64\lombok\lombok-1.18.39-4050.jar -XX:+HeapDumpOnOutOfMemoryError -XX:HeapDumpPath=c:\Users\user\AppData\Roaming\Code\User\workspaceStorage\67230564ebbaacde8c83c45484b6110f\redhat.java -Daether.dependencyCollector.impl=bf c:\Users\user\.vscode\extensions\redhat.java-1.53.0-win32-x64\server\plugins\org.eclipse.equinox.launcher_1.7.100.v20251111-0406.jar -configuration c:\Users\user\AppData\Roaming\Code\User\globalStorage\redhat.java\1.53.0\config_win -data c:\Users\user\AppData\Roaming\Code\User\workspaceStorage\67230564ebbaacde8c83c45484b6110f\redhat.java\jdt_ws --pipe=\\.\pipe\lsp-2bceb38a73e5fe6a71bda10d36bfe5ec-sock

Host: Intel(R) Core(TM) i5-1035G4 CPU @ 1.10GHz, 8 cores, 7G,  Windows 11 , 64 bit Build 26100 (10.0.26100.7920)
Time: Sun Apr  5 19:45:34 2026 Hora est. Pacífico, Sudamérica elapsed time: 2346.238135 seconds (0d 0h 39m 6s)

---------------  T H R E A D  ---------------

Current thread (0x000001fdfdcaa1f0):  WorkerThread "GC Thread#4"    [id=12644, stack(0x0000002ea1200000,0x0000002ea1300000) (1024K)]

Stack: [0x0000002ea1200000,0x0000002ea1300000],  sp=0x0000002ea12ffb70,  free space=1022k
Native frames: (J=compiled Java code, j=interpreted, Vv=VM code, C=native code)
V  [jvm.dll+0x6e4142]
V  [jvm.dll+0x6e18a6]
V  [jvm.dll+0x6e215e]
V  [jvm.dll+0x70cb9f]
V  [jvm.dll+0x70c2ad]
V  [jvm.dll+0x71341d]
V  [jvm.dll+0x71425c]
V  [jvm.dll+0x8e2b41]
V  [jvm.dll+0x85f59d]
V  [jvm.dll+0x6d626d]
C  [ucrtbase.dll+0x37b0]
C  [KERNEL32.DLL+0x2e8d7]
C  [ntdll.dll+0x8c48c]


siginfo: EXCEPTION_ACCESS_VIOLATION (0xc0000005), reading address 0x000002d5b886b938


Registers:
RAX=0x000001fdb8810000, RBX=0x00000000816e4f98, RCX=0x00000000000000ff, RDX=0x000006c0002dc9ff
RSP=0x0000002ea12ffb70, RBP=0x0000002ea12ffc30, RSI=0x00000000816e4f98, RDI=0x000001fda428f230
R8 =0x000002d5b886b938, R9 =0x000001fdb686b938, R10=0x0000000000000001, R11=0x000006c00000000d
R12=0x00007ffdca608250, R13=0x0000002ea03fe740, R14=0x000001fdbb00eb18, R15=0x00000000816e4f80
RIP=0x00007ffdca0a4142, EFLAGS=0x0000000000010207

XMM[0]=0x0000000000000000 0x000001fd00001800
XMM[1]=0x0000000000000000 0x0000002ea3aff860
XMM[2]=0x0000000000000000 0x0000000000000000
XMM[3]=0x0000000000000000 0x0000000000000000
XMM[4]=0x0000000000000000 0x0000000000000000
XMM[5]=0x0000000000000000 0x0000000000000000
XMM[6]=0x0000000000000000 0x0000000000000000
XMM[7]=0x0000000000000000 0x0000000000000000
XMM[8]=0x0000000000000000 0x0000000000000000
XMM[9]=0x0000000000000000 0x0000000000000000
XMM[10]=0x0000000000000000 0x0000000000000000
XMM[11]=0x0000000000000000 0x0000000000000000
XMM[12]=0x0000000000000000 0x0000000000000000
XMM[13]=0x0000000000000000 0x0000000000000000
XMM[14]=0x0000000000000000 0x0000000000000000
XMM[15]=0x0000000000000000 0x0000000000000000
  MXCSR=0x00001fa0


Register to memory mapping:

RAX=0x000001fdb8810000 points into unknown readable memory: 0x0492000000000002 | 02 00 00 00 00 00 92 04
RBX=0x00000000816e4f98 points into unknown readable memory: 0x0000000000000009 | 09 00 00 00 00 00 00 00
RCX=0x00000000000000ff is an unknown value
RDX=0x000006c0002dc9ff is an unknown value
RSP=0x0000002ea12ffb70 points into unknown readable memory: 0x00000000816e5098 | 98 50 6e 81 00 00 00 00
RBP=0x0000002ea12ffc30 points into unknown readable memory: 0x00007ffdca4595a0 | a0 95 45 ca fd 7f 00 00
RSI=0x00000000816e4f98 points into unknown readable memory: 0x0000000000000009 | 09 00 00 00 00 00 00 00
RDI=0x000001fda428f230 points into unknown readable memory: 0x000001fda441afd0 | d0 af 41 a4 fd 01 00 00
R8 =0x000002d5b886b938 is an unknown value
R9 =0x000001fdb686b938 points into unknown readable memory: 0x1009000480000420 | 20 04 00 80 04 00 09 10
R10=0x0000000000000001 is an unknown value
R11=0x000006c00000000d is an unknown value
R12=0x00007ffdca608250 jvm.dll
R13=0x0000002ea03fe740 points into unknown readable memory: 0x00007ffdca45a000 | 00 a0 45 ca fd 7f 00 00
R14={method} {0x000001fdbb00eb20} 'equals' '(Ljava/lang/Object;)Z' in 'java/lang/String'
R15=0x00000000816e4f80 is an oop: java.lang.String 
{0x00000000816e4f80} - klass: 'java/lang/String'
 - ---- fields (total size 3 words):
 - private 'hash' 'I' @12  0 (0x00000000)
 - private final 'coder' 'B' @16  0 (0x00)
 - private 'hashIsZero' 'Z' @17  false (0x00)
 - injected 'flags' 'B' @18  0 (0x00)
 - private final 'value' '[B' @20  
[error occurred during error reporting (printing register info), id 0xc0000005, EXCEPTION_ACCESS_VIOLATION (0xc0000005) at pc=0x00007ffdca082816]

Top of Stack: (sp=0x0000002ea12ffb70)
0x0000002ea12ffb70:   00000000816e5098 000001fda428f230
0x0000002ea12ffb80:   0000000082a31258 00007ffdca0a306f
0x0000002ea12ffb90:   00000000816e4f98 00007ffdca0a18a6
0x0000002ea12ffba0:   00007ffdca4595a0 00007ffdca0a417a
0x0000002ea12ffbb0:   000000008081ec70 0000000080830f60
0x0000002ea12ffbc0:   000001fdbb00eb10 00007ffdca0a215e
0x0000002ea12ffbd0:   00000000816e4f94 00007ffdca0cc0ea
0x0000002ea12ffbe0:   0000000000000000 00007ffdca608250
0x0000002ea12ffbf0:   00007ffdca4595a0 0000000000000000
0x0000002ea12ffc00:   00000000816e4f80 00007ffdca0ccb9f
0x0000002ea12ffc10:   0000000000000ce0 000001fda428f230
0x0000002ea12ffc20:   00007ffdca3b77e0 00000000b422e698
0x0000002ea12ffc30:   00007ffdca4595a0 000001fda4364f30
0x0000002ea12ffc40:   0000000000000004 000001fda428f230
0x0000002ea12ffc50:   0000000000000000 000001fda428f4f8
0x0000002ea12ffc60:   00007ffdca608250 0000000000000007
0x0000002ea12ffc70:   000001fda428f230 00007ffdca0cc2ad
0x0000002ea12ffc80:   0000000000000001 0000078d00000ce0
0x0000002ea12ffc90:   000001fda428f4f8 00000000816e4f10
0x0000002ea12ffca0:   0000000000000000 0000000000000000
0x0000002ea12ffcb0:   00007ffdca4595a0 0000000000000000
0x0000002ea12ffcc0:   000001fda428f230 0000000000000007
0x0000002ea12ffcd0:   0000002ea03fe880 00007ffdca0d341d
0x0000002ea12ffce0:   0000002ea03fe880 0000000000000000
0x0000002ea12ffcf0:   00000000816e4f10 00007ffdca0cc2ad
0x0000002ea12ffd00:   0000000000000000 00007ffd00000000
0x0000002ea12ffd10:   00007ffdca4595a0 000001fda4364f30
0x0000002ea12ffd20:   0000000000000004 000001fda428f230
0x0000002ea12ffd30:   0000002ea03fe848 0000000000000020
0x0000002ea12ffd40:   000001fda428f230 0000000000000000
0x0000002ea12ffd50:   000001fda42b8640 00007ffdca0d425c
0x0000002ea12ffd60:   0000000000000005 0000000000000001 

Instructions: (pc=0x00007ffdca0a4142)
0x00007ffdca0a4042:   4c 8b c6 48 2b cb 48 ff c1 48 03 f9 48 8d 50 01
0x00007ffdca0a4052:   49 8d 4e 10 e8 f5 f8 ff ff 48 8b d8 48 3b c5 72
0x00007ffdca0a4062:   cd 8b 0d 43 61 55 00 48 8b 5c 24 40 48 8b 6c 24
0x00007ffdca0a4072:   48 48 8b 74 24 50 48 d3 e7 48 8b c7 48 83 c4 20
0x00007ffdca0a4082:   41 5f 41 5e 5f c3 cc cc cc cc cc cc cc cc 40 53
0x00007ffdca0a4092:   48 83 ec 20 48 8b d9 e8 02 89 92 ff 8b 0d 08 61
0x00007ffdca0a40a2:   55 00 4c 8b c3 4c 2b 05 a2 f3 5d 00 41 ba 01 00
0x00007ffdca0a40b2:   00 00 49 c1 e8 03 4c 8b d8 49 d3 e8 48 8b 0d 9b
0x00007ffdca0a40c2:   f3 5d 00 49 8b d0 48 c1 ea 06 48 8b 04 d1 4c 8d
0x00007ffdca0a40d2:   0c d1 41 0f b6 c8 41 8b d2 80 e1 3f 48 d3 e2 48
0x00007ffdca0a40e2:   8b c8 48 0b ca 48 3b c8 74 16 0f 1f 40 00 f0 49
0x00007ffdca0a40f2:   0f b1 09 74 13 48 8b c8 48 0b ca 48 3b c8 75 ee
0x00007ffdca0a4102:   32 c0 48 83 c4 20 5b c3 8b 0d 9c 60 55 00 4a 8d
0x00007ffdca0a4112:   14 dd 00 00 00 00 48 2b 15 31 f3 5d 00 48 8b 05
0x00007ffdca0a4122:   4a f3 5d 00 48 83 c2 f8 48 03 d3 48 c1 ea 03 48
0x00007ffdca0a4132:   d3 ea 48 8b ca 48 c1 e9 06 4c 8d 04 c8 0f b6 ca
0x00007ffdca0a4142:   49 8b 00 80 e1 3f 49 d3 e2 48 8b c8 49 0b ca 48
0x00007ffdca0a4152:   3b c8 74 12 f0 49 0f b1 08 74 0b 48 8b c8 49 0b
0x00007ffdca0a4162:   ca 48 3b c8 75 ee 4d 8b c3 48 8d 0d 1e f3 5d 00
0x00007ffdca0a4172:   48 8b d3 e8 46 af 02 00 80 3d de 63 55 00 00 74
0x00007ffdca0a4182:   15 8b 43 08 8b 0d ac 4e 55 00 48 d3 e0 48 03 05
0x00007ffdca0a4192:   9a 4e 55 00 eb 04 48 8b 43 08 83 78 0c 04 75 17
0x00007ffdca0a41a2:   48 63 05 0f 7c 5b 00 0f b6 04 18 a8 08 75 08 48
0x00007ffdca0a41b2:   8b cb e8 37 5a 0c 00 b0 01 48 83 c4 20 5b c3 cc
0x00007ffdca0a41c2:   cc cc cc cc cc cc cc cc cc cc cc cc cc cc 48 89
0x00007ffdca0a41d2:   5c 24 08 48 89 7c 24 10 4c 8b d9 4c 8b d2 4c 2b
0x00007ffdca0a41e2:   11 48 8b da 8b 0d c0 5f 55 00 49 8b f8 49 c1 ea
0x00007ffdca0a41f2:   03 49 8b 43 10 49 d3 ea 41 0f b6 ca 4d 8b ca 80
0x00007ffdca0a4202:   e1 3f 49 c1 e9 06 4e 8d 04 c8 41 b9 01 00 00 00
0x00007ffdca0a4212:   49 8b 00 41 8b d1 48 d3 e2 48 8b c8 48 0b ca 48
0x00007ffdca0a4222:   3b c8 74 12 f0 49 0f b1 08 74 18 48 8b c8 48 0b
0x00007ffdca0a4232:   ca 48 3b c8 75 ee 32 c0 48 8b 5c 24 08 48 8b 7c 


Stack slot to memory mapping:

stack at sp + 0 slots: 0x00000000816e5098 is an oop: [B 
{0x00000000816e5098} - klass: {type array byte}
 - length: 16
stack at sp + 1 slots: 0x000001fda428f230 points into unknown readable memory: 0x000001fda441afd0 | d0 af 41 a4 fd 01 00 00
stack at sp + 2 slots: 0x0000000082a31258 is an oop: java.lang.ref.SoftReference 
{0x0000000082a31258} - klass: 'java/lang/ref/SoftReference'
 - ---- fields (total size 5 words):
 - private 'referent' 'Ljava/lang/Object;' @12  a 'java/lang/invoke/LambdaForm'{0x0000000082a22d00} => a 'java/lang/invoke/MemberName'{0x0000000082a22fd8} = {method} {0x000001fd8365ce90} 'invokeSpecial' '(Ljava/lang/Object;Ljava/lang/Object;IJ)J' in 'java/lang/invoke/LambdaForm$DMH+0x000001fdbc73b800' (0x82a22d00)
 - volatile 'queue' 'Ljava/lang/ref/ReferenceQueue;' @16  a 'java/lang/ref/ReferenceQueue$Null'{0x0000000080723910} (0x80723910)
 - volatile 'next' 'Ljava/lang/ref/Reference;' @20  null (0x00000000)
 - private transient 'discovered' 'Ljava/lang/ref/Reference;' @24  a 'java/lang/ref/SoftReference'{0x0000000081890a98} (0x81890a98)
 - private 'timestamp' 'J' @32  465938376 (0x000000001bc5a7c8)
stack at sp + 3 slots: 0x00007ffdca0a306f jvm.dll
stack at sp + 4 slots: 0x00000000816e4f98 points into unknown readable memory: 0x0000000000000009 | 09 00 00 00 00 00 00 00
stack at sp + 5 slots: 0x00007ffdca0a18a6 jvm.dll
stack at sp + 6 slots: 0x00007ffdca4595a0 jvm.dll
stack at sp + 7 slots: 0x00007ffdca0a417a jvm.dll


---------------  P R O C E S S  ---------------

Threads class SMR info:
_java_thread_list=0x000001fdfd6b2bf0, length=52, elements={
0x000001fda435e780, 0x000001fda42cb350, 0x000001fda42cdcc0, 0x000001fda42d24b0,
0x000001fda42d3110, 0x000001fda42d5b80, 0x000001fda42d65e0, 0x000001fda42d8380,
0x000001fdfd6ad7e0, 0x000001fdfd821460, 0x000001fdfd85f460, 0x000001fdfdea8f50,
0x000001fdfded2cd0, 0x000001fdfe0ca290, 0x000001fdfe024a80, 0x000001fdfe5b6960,
0x000001fdfe7b7740, 0x000001fdfe72da50, 0x000001fdfe74a960, 0x000001fdfe748890,
0x000001fdfe74b680, 0x000001fd84729750, 0x000001fd84729de0, 0x000001fd847290c0,
0x000001fd8472a470, 0x000001fd84726ff0, 0x000001fd8472ab00, 0x000001fd847283a0,
0x000001fd84727680, 0x000001fd8472b190, 0x000001fd84728a30, 0x000001fd8472beb0,
0x000001fdfdc55c50, 0x000001fdff058220, 0x000001fdff057500, 0x000001fdff058f40,
0x000001fdff0595d0, 0x000001fdff059c60, 0x000001fdff0567e0, 0x000001fdff057b90,
0x000001fdff05a2f0, 0x000001fdff056e70, 0x000001fdff05de00, 0x000001fdff05d0e0,
0x000001fdff05d770, 0x000001fdff05bd30, 0x000001fdff05a980, 0x000001fdff05b010,
0x000001fdff05b6a0, 0x000001fdfdc52e60, 0x000001fdfdc53b80, 0x000001fdfdc54210
}

Java Threads: ( => current thread )
  0x000001fda435e780 JavaThread "main"                              [_thread_blocked, id=12276, stack(0x0000002ea0000000,0x0000002ea0100000) (1024K)]
  0x000001fda42cb350 JavaThread "Reference Handler"          daemon [_thread_blocked, id=8992, stack(0x0000002ea0400000,0x0000002ea0500000) (1024K)]
  0x000001fda42cdcc0 JavaThread "Finalizer"                  daemon [_thread_blocked, id=2828, stack(0x0000002ea0500000,0x0000002ea0600000) (1024K)]
  0x000001fda42d24b0 JavaThread "Signal Dispatcher"          daemon [_thread_blocked, id=16076, stack(0x0000002ea0600000,0x0000002ea0700000) (1024K)]
  0x000001fda42d3110 JavaThread "Attach Listener"            daemon [_thread_blocked, id=13372, stack(0x0000002ea0700000,0x0000002ea0800000) (1024K)]
  0x000001fda42d5b80 JavaThread "Service Thread"             daemon [_thread_blocked, id=17168, stack(0x0000002ea0800000,0x0000002ea0900000) (1024K)]
  0x000001fda42d65e0 JavaThread "Monitor Deflation Thread"   daemon [_thread_blocked, id=12648, stack(0x0000002ea0900000,0x0000002ea0a00000) (1024K)]
  0x000001fda42d8380 JavaThread "C2 CompilerThread0"         daemon [_thread_blocked, id=4536, stack(0x0000002ea0a00000,0x0000002ea0b00000) (1024K)]
  0x000001fdfd6ad7e0 JavaThread "C1 CompilerThread0"         daemon [_thread_blocked, id=16248, stack(0x0000002ea0b00000,0x0000002ea0c00000) (1024K)]
  0x000001fdfd821460 JavaThread "Common-Cleaner"             daemon [_thread_blocked, id=8064, stack(0x0000002ea0c00000,0x0000002ea0d00000) (1024K)]
  0x000001fdfd85f460 JavaThread "Notification Thread"        daemon [_thread_blocked, id=4076, stack(0x0000002ea0e00000,0x0000002ea0f00000) (1024K)]
  0x000001fdfdea8f50 JavaThread "Active Thread: Equinox Container: 041c66c1-05fb-42e5-82b7-ce8706a7e6a2"        [_thread_blocked, id=8544, stack(0x0000002ea1500000,0x0000002ea1600000) (1024K)]
  0x000001fdfded2cd0 JavaThread "Refresh Thread: Equinox Container: 041c66c1-05fb-42e5-82b7-ce8706a7e6a2" daemon [_thread_blocked, id=17016, stack(0x0000002ea1700000,0x0000002ea1800000) (1024K)]
  0x000001fdfe0ca290 JavaThread "Framework Event Dispatcher: Equinox Container: 041c66c1-05fb-42e5-82b7-ce8706a7e6a2" daemon [_thread_blocked, id=5700, stack(0x0000002ea1800000,0x0000002ea1900000) (1024K)]
  0x000001fdfe024a80 JavaThread "Start Level: Equinox Container: 041c66c1-05fb-42e5-82b7-ce8706a7e6a2" daemon [_thread_blocked, id=18496, stack(0x0000002ea0d00000,0x0000002ea0e00000) (1024K)]
  0x000001fdfe5b6960 JavaThread "Bundle File Closer"         daemon [_thread_blocked, id=8068, stack(0x0000002ea1a00000,0x0000002ea1b00000) (1024K)]
  0x000001fdfe7b7740 JavaThread "SCR Component Actor"        daemon [_thread_blocked, id=9936, stack(0x0000002ea1b00000,0x0000002ea1c00000) (1024K)]
  0x000001fdfe72da50 JavaThread "Worker-JM"                         [_thread_blocked, id=3316, stack(0x0000002ea1c00000,0x0000002ea1d00000) (1024K)]
  0x000001fdfe74a960 JavaThread "JNA Cleaner"                daemon [_thread_blocked, id=13124, stack(0x0000002ea1900000,0x0000002ea1a00000) (1024K)]
  0x000001fdfe748890 JavaThread "Java indexing"              daemon [_thread_blocked, id=6412, stack(0x0000002ea2200000,0x0000002ea2300000) (1024K)]
  0x000001fdfe74b680 JavaThread "Thread-1"                   daemon [_thread_in_native, id=1408, stack(0x0000002ea2800000,0x0000002ea2900000) (1024K)]
  0x000001fd84729750 JavaThread "Thread-2"                   daemon [_thread_in_native, id=18936, stack(0x0000002ea2900000,0x0000002ea2a00000) (1024K)]
  0x000001fd84729de0 JavaThread "Thread-3"                   daemon [_thread_in_native, id=6168, stack(0x0000002ea2a00000,0x0000002ea2b00000) (1024K)]
  0x000001fd847290c0 JavaThread "Thread-4"                   daemon [_thread_blocked, id=18704, stack(0x0000002ea2b00000,0x0000002ea2c00000) (1024K)]
  0x000001fd8472a470 JavaThread "Thread-5"                   daemon [_thread_in_native, id=13552, stack(0x0000002ea2c00000,0x0000002ea2d00000) (1024K)]
  0x000001fd84726ff0 JavaThread "Thread-6"                   daemon [_thread_in_native, id=18856, stack(0x0000002ea2d00000,0x0000002ea2e00000) (1024K)]
  0x000001fd8472ab00 JavaThread "Thread-7"                   daemon [_thread_in_native, id=16292, stack(0x0000002ea2e00000,0x0000002ea2f00000) (1024K)]
  0x000001fd847283a0 JavaThread "Thread-8"                   daemon [_thread_in_native, id=7520, stack(0x0000002ea2f00000,0x0000002ea3000000) (1024K)]
  0x000001fd84727680 JavaThread "Thread-9"                   daemon [_thread_in_native, id=19168, stack(0x0000002ea3000000,0x0000002ea3100000) (1024K)]
  0x000001fd8472b190 JavaThread "pool-2-thread-1"                   [_thread_blocked, id=18036, stack(0x0000002ea3100000,0x0000002ea3200000) (1024K)]
  0x000001fd84728a30 JavaThread "WorkspaceEventsHandler"            [_thread_blocked, id=9984, stack(0x0000002ea3300000,0x0000002ea3400000) (1024K)]
  0x000001fd8472beb0 JavaThread "pool-1-thread-1"                   [_thread_blocked, id=5264, stack(0x0000002ea3400000,0x0000002ea3500000) (1024K)]
  0x000001fdfdc55c50 JavaThread "Cleaner-0"                  daemon [_thread_blocked, id=8964, stack(0x0000002ea3e00000,0x0000002ea3f00000) (1024K)]
  0x000001fdff058220 JavaThread "Worker-18"                         [_thread_blocked, id=1708, stack(0x0000002ea1d00000,0x0000002ea1e00000) (1024K)]
  0x000001fdff057500 JavaThread "Worker-19"                         [_thread_blocked, id=16268, stack(0x0000002ea1e00000,0x0000002ea1f00000) (1024K)]
  0x000001fdff058f40 JavaThread "Compiler Source File Reader" daemon [_thread_blocked, id=10260, stack(0x0000002ea2100000,0x0000002ea2200000) (1024K)]
  0x000001fdff0595d0 JavaThread "ForkJoinPool.commonPool-worker-19" daemon [_thread_blocked, id=2388, stack(0x0000002e9fe00000,0x0000002e9ff00000) (1024K)]
  0x000001fdff059c60 JavaThread "ForkJoinPool.commonPool-worker-20" daemon [_thread_blocked, id=10500, stack(0x0000002e9ff00000,0x0000002ea0000000) (1024K)]
  0x000001fdff0567e0 JavaThread "Worker-20"                         [_thread_blocked, id=17428, stack(0x0000002ea1f00000,0x0000002ea2000000) (1024K)]
  0x000001fdff057b90 JavaThread "ForkJoinPool.commonPool-worker-21" daemon [_thread_blocked, id=18616, stack(0x0000002ea2000000,0x0000002ea2100000) (1024K)]
  0x000001fdff05a2f0 JavaThread "Compiler Source File Reader" daemon [_thread_blocked, id=1384, stack(0x0000002ea2300000,0x0000002ea2400000) (1024K)]
  0x000001fdff056e70 JavaThread "Compiler Processing Task"   daemon [_thread_blocked, id=7960, stack(0x0000002ea2400000,0x0000002ea2500000) (1024K)]
  0x000001fdff05de00 JavaThread "ForkJoinPool.commonPool-worker-22" daemon [_thread_blocked, id=13932, stack(0x0000002ea2700000,0x0000002ea2800000) (1024K)]
  0x000001fdff05d0e0 JavaThread "Compiler Source File Reader" daemon [_thread_blocked, id=18500, stack(0x0000002ea2500000,0x0000002ea2600000) (1024K)]
  0x000001fdff05d770 JavaThread "Compiler Source File Reader" daemon [_thread_blocked, id=1596, stack(0x0000002ea3200000,0x0000002ea3300000) (1024K)]
  0x000001fdff05bd30 JavaThread "Worker-21"                         [_thread_blocked, id=18352, stack(0x0000002ea3500000,0x0000002ea3600000) (1024K)]
  0x000001fdff05a980 JavaThread "Compiler Source File Reader" daemon [_thread_blocked, id=9760, stack(0x0000002ea3600000,0x0000002ea3700000) (1024K)]
  0x000001fdff05b010 JavaThread "Compiler Source File Reader" daemon [_thread_blocked, id=18424, stack(0x0000002ea3700000,0x0000002ea3800000) (1024K)]
  0x000001fdff05b6a0 JavaThread "Worker-22"                         [_thread_blocked, id=18192, stack(0x0000002ea3800000,0x0000002ea3900000) (1024K)]
  0x000001fdfdc52e60 JavaThread "ForkJoinPool.commonPool-worker-23" daemon [_thread_blocked, id=14896, stack(0x0000002ea2600000,0x0000002ea2700000) (1024K)]
  0x000001fdfdc53b80 JavaThread "ForkJoinPool.commonPool-worker-24" daemon [_thread_blocked, id=4652, stack(0x0000002ea3900000,0x0000002ea3a00000) (1024K)]
  0x000001fdfdc54210 JavaThread "ForkJoinPool.commonPool-worker-25" daemon [_thread_blocked, id=13248, stack(0x0000002ea3a00000,0x0000002ea3b00000) (1024K)]
Total: 52

Other Threads:
  0x000001fda42b25d0 VMThread "VM Thread"                           [id=3120, stack(0x0000002ea0300000,0x0000002ea0400000) (1024K)]
  0x000001fda43cb750 WatcherThread "VM Periodic Task Thread"        [id=6904, stack(0x0000002ea0200000,0x0000002ea0300000) (1024K)]
  0x000001fda437db60 WorkerThread "GC Thread#0"                     [id=15128, stack(0x0000002ea0100000,0x0000002ea0200000) (1024K)]
  0x000001fdfde45e20 WorkerThread "GC Thread#1"                     [id=7140, stack(0x0000002ea0f00000,0x0000002ea1000000) (1024K)]
  0x000001fdfdf96320 WorkerThread "GC Thread#2"                     [id=8632, stack(0x0000002ea1000000,0x0000002ea1100000) (1024K)]
  0x000001fdfdf966d0 WorkerThread "GC Thread#3"                     [id=9044, stack(0x0000002ea1100000,0x0000002ea1200000) (1024K)]
=>0x000001fdfdcaa1f0 WorkerThread "GC Thread#4"                     [id=12644, stack(0x0000002ea1200000,0x0000002ea1300000) (1024K)]
  0x000001fdfdcaa9b0 WorkerThread "GC Thread#5"                     [id=7580, stack(0x0000002ea1300000,0x0000002ea1400000) (1024K)]
  0x000001fdfdc69150 WorkerThread "GC Thread#6"                     [id=17952, stack(0x0000002ea1400000,0x0000002ea1500000) (1024K)]
  0x000001fdfded1fd0 WorkerThread "GC Thread#7"                     [id=1036, stack(0x0000002ea1600000,0x0000002ea1700000) (1024K)]
Total: 10

Threads with active compile tasks:
C2 CompilerThread0  2346387 19796   !   4       org.eclipse.lsp4j.jsonrpc.services.EndpointProxy::invoke (208 bytes)
Total: 1

VM state: at safepoint (normal execution)

VM Mutex/Monitor currently owned by a thread:  ([mutex/lock_event])
[0x00007ffdca67e560] Threads_lock - owner thread: 0x000001fda42b25d0
[0x00007ffdca67e660] Heap_lock - owner thread: 0x000001fdfe748890

Heap address: 0x0000000080000000, size: 2048 MB, Compressed Oops mode: 32-bit

CDS archive(s) mapped at: [0x000001fdbb000000-0x000001fdbbba0000-0x000001fdbbba0000), size 12189696, SharedBaseAddress: 0x000001fdbb000000, ArchiveRelocationMode: 1.
Compressed class space mapped at: 0x000001fdbc000000-0x000001fdfc000000, reserved size: 1073741824
Narrow klass base: 0x000001fdbb000000, Narrow klass shift: 0, Narrow klass range: 0x100000000

GC Precious Log:
 CardTable entry size: 512
 CPUs: 8 total, 8 available
 Memory: 7987M
 Large Page Support: Disabled
 NUMA Support: Disabled
 Compressed Oops: Enabled (32-bit)
 Alignments: Space 512K, Generation 512K, Heap 2M
 Heap Min Capacity: 100M
 Heap Initial Capacity: 100M
 Heap Max Capacity: 2G
 Pre-touch: Disabled
 Parallel Workers: 8

Heap:
 PSYoungGen      total 7680K, used 7552K [0x00000000d5580000, 0x00000000d6180000, 0x0000000100000000)
  eden space 4096K, 100% used [0x00000000d5580000,0x00000000d5980000,0x00000000d5980000)
  from space 3584K, 96% used [0x00000000d5980000,0x00000000d5ce0000,0x00000000d5d00000)
  to   space 4096K, 99% used [0x00000000d5d80000,0x00000000d6178250,0x00000000d6180000)
 ParOldGen       total 1398272K, used 1398267K [0x0000000080000000, 0x00000000d5580000, 0x00000000d5580000)
  object space 1398272K, 99% used [0x0000000080000000,0x00000000d557ee20,0x00000000d5580000)
 Metaspace       used 86636K, committed 88320K, reserved 1179648K
  class space    used 8820K, committed 9600K, reserved 1048576K

Card table byte_map: [0x000001fda3d00000,0x000001fda4110000] _byte_map_base: 0x000001fda3900000

Marking Bits: (ParMarkBitMap*) 0x00007ffdca683450
 Begin Bits: [0x000001fdb6810000, 0x000001fdb8810000)
 End Bits:   [0x000001fdb8810000, 0x000001fdba810000)

Polling page: 0x000001fda2100000

Metaspace:

Usage:
  Non-class:     75.99 MB used.
      Class:      8.61 MB used.
       Both:     84.61 MB used.

Virtual space:
  Non-class space:      128.00 MB reserved,      76.88 MB ( 60%) committed,  2 nodes.
      Class space:        1.00 GB reserved,       9.38 MB ( <1%) committed,  1 nodes.
             Both:        1.12 GB reserved,      86.25 MB (  7%) committed. 

Chunk freelists:
   Non-Class:  3.14 MB
       Class:  6.48 MB
        Both:  9.62 MB

MaxMetaspaceSize: unlimited
CompressedClassSpaceSize: 1.00 GB
Initial GC threshold: 21.00 MB
Current GC threshold: 136.06 MB
CDS: on
 - commit_granule_bytes: 65536.
 - commit_granule_words: 8192.
 - virtual_space_node_default_size: 8388608.
 - enlarge_chunks_in_place: 1.
 - use_allocation_guard: 0.


Internal statistics:

num_allocs_failed_limit: 9.
num_arena_births: 1536.
num_arena_deaths: 38.
num_vsnodes_births: 3.
num_vsnodes_deaths: 0.
num_space_committed: 1380.
num_space_uncommitted: 0.
num_chunks_returned_to_freelist: 58.
num_chunks_taken_from_freelist: 5810.
num_chunk_merges: 10.
num_chunk_splits: 3445.
num_chunks_enlarged: 1836.
num_inconsistent_stats: 0.

CodeHeap 'non-profiled nmethods': size=120000Kb used=20108Kb max_used=20108Kb free=99891Kb
 bounds [0x000001fdaf030000, 0x000001fdb03e0000, 0x000001fdb6560000]
CodeHeap 'profiled nmethods': size=120000Kb used=47151Kb max_used=47151Kb free=72848Kb
 bounds [0x000001fda7560000, 0x000001fdaa370000, 0x000001fdaea90000]
CodeHeap 'non-nmethods': size=5760Kb used=1523Kb max_used=1594Kb free=4236Kb
 bounds [0x000001fdaea90000, 0x000001fdaed00000, 0x000001fdaf030000]
CodeCache: size=245760Kb, used=68782Kb, max_used=68853Kb, free=176975Kb
 total_blobs=18990, nmethods=18156, adapters=735, full_count=0
Compilation: enabled, stopped_count=0, restarted_count=0

Compilation events (20 events):
Event: 2340.597 Thread 0x000001fdfd6ad7e0 nmethod 19788 0x000001fdaa369410 code [0x000001fdaa3695c0, 0x000001fdaa369790]
Event: 2340.597 Thread 0x000001fdfd6ad7e0 19789       3       org.eclipse.core.internal.resources.ResourceInfo::incrementModificationStamp (11 bytes)
Event: 2340.597 Thread 0x000001fdfd6ad7e0 nmethod 19789 0x000001fdaa369890 code [0x000001fdaa369a20, 0x000001fdaa369b40]
Event: 2341.315 Thread 0x000001fda42d8380 19790       4       org.eclipse.core.resources.ProjectScope::getNode (59 bytes)
Event: 2341.320 Thread 0x000001fda42d8380 nmethod 19790 0x000001fdb03d1410 code [0x000001fdb03d1640, 0x000001fdb03d1a70]
Event: 2341.667 Thread 0x000001fdfd6ad7e0 19791       3       org.eclipse.jdt.internal.core.manipulation.MembersOrderPreferenceCacheCommon::getVisibilityOffsets (65 bytes)
Event: 2341.668 Thread 0x000001fdfd6ad7e0 nmethod 19791 0x000001fdaa369c10 code [0x000001fdaa369e40, 0x000001fdaa36a648]
Event: 2342.977 Thread 0x000001fda42d8380 19792       4       java.io.BufferedWriter::<init> (12 bytes)
Event: 2342.981 Thread 0x000001fda42d8380 nmethod 19792 0x000001fdb03d1f90 code [0x000001fdb03d2160, 0x000001fdb03d25a0]
Event: 2342.991 Thread 0x000001fdfd6ad7e0 19793       3       org.eclipse.jface.text.AbstractDocument::fireDocumentChanged (26 bytes)
Event: 2342.991 Thread 0x000001fdfd6ad7e0 nmethod 19793 0x000001fdaa36a910 code [0x000001fdaa36aae0, 0x000001fdaa36ae08]
Event: 2345.251 Thread 0x000001fda42d8380 19794       4       org.eclipse.jdt.internal.core.SourceType::isInterface (44 bytes)
Event: 2345.253 Thread 0x000001fda42d8380 nmethod 19794 0x000001fdb03d2910 code [0x000001fdb03d2ae0, 0x000001fdb03d2d68]
Event: 2346.097 Thread 0x000001fdfd6ad7e0 19795       1       org.eclipse.core.internal.localstore.UnifiedTreeNode::getResource (5 bytes)
Event: 2346.097 Thread 0x000001fdfd6ad7e0 nmethod 19795 0x000001fdb03d3010 code [0x000001fdb03d31a0, 0x000001fdb03d3268]
Event: 2346.098 Thread 0x000001fda42d8380 19796   !   4       org.eclipse.lsp4j.jsonrpc.services.EndpointProxy::invoke (208 bytes)
Event: 2346.122 Thread 0x000001fdfd6ad7e0 19797       3       org.eclipse.jdt.internal.core.SourceConstructorInfo::getReturnTypeName (4 bytes)
Event: 2346.123 Thread 0x000001fdfd6ad7e0 nmethod 19797 0x000001fdaa36af10 code [0x000001fdaa36b0a0, 0x000001fdaa36b1b8]
Event: 2346.123 Thread 0x000001fdfd6ad7e0 19798       3       org.eclipse.jdt.internal.core.hierarchy.TypeHierarchy::isAffectedByPackageFragment (60 bytes)
Event: 2346.124 Thread 0x000001fdfd6ad7e0 nmethod 19798 0x000001fdaa36b290 code [0x000001fdaa36b4a0, 0x000001fdaa36bab8]

GC Heap History (20 events):
Event: 2343.015 GC heap after
{Heap after GC invocations=2371 (full 4):
 PSYoungGen      total 4608K, used 512K [0x00000000d5580000, 0x00000000d6480000, 0x0000000100000000)
  eden space 4096K, 0% used [0x00000000d5580000,0x00000000d5580000,0x00000000d5980000)
  from space 512K, 100% used [0x00000000d5a00000,0x00000000d5a80000,0x00000000d5a80000)
  to   space 5632K, 0% used [0x00000000d5f00000,0x00000000d5f00000,0x00000000d6480000)
 ParOldGen       total 1385472K, used 1385220K [0x0000000080000000, 0x00000000d4900000, 0x00000000d5580000)
  object space 1385472K, 99% used [0x0000000080000000,0x00000000d48c1080,0x00000000d4900000)
 Metaspace       used 86636K, committed 88320K, reserved 1179648K
  class space    used 8820K, committed 9600K, reserved 1048576K
}
Event: 2343.044 GC heap before
{Heap before GC invocations=2372 (full 4):
 PSYoungGen      total 4608K, used 4608K [0x00000000d5580000, 0x00000000d6480000, 0x0000000100000000)
  eden space 4096K, 100% used [0x00000000d5580000,0x00000000d5980000,0x00000000d5980000)
  from space 512K, 100% used [0x00000000d5a00000,0x00000000d5a80000,0x00000000d5a80000)
  to   space 5632K, 0% used [0x00000000d5f00000,0x00000000d5f00000,0x00000000d6480000)
 ParOldGen       total 1385472K, used 1385220K [0x0000000080000000, 0x00000000d4900000, 0x00000000d5580000)
  object space 1385472K, 99% used [0x0000000080000000,0x00000000d48c1080,0x00000000d4900000)
 Metaspace       used 86636K, committed 88320K, reserved 1179648K
  class space    used 8820K, committed 9600K, reserved 1048576K
}
Event: 2343.047 GC heap after
{Heap after GC invocations=2372 (full 4):
 PSYoungGen      total 7680K, used 3328K [0x00000000d5580000, 0x00000000d6280000, 0x0000000100000000)
  eden space 4096K, 0% used [0x00000000d5580000,0x00000000d5580000,0x00000000d5980000)
  from space 3584K, 92% used [0x00000000d5f00000,0x00000000d6240250,0x00000000d6280000)
  to   space 4096K, 0% used [0x00000000d5a80000,0x00000000d5a80000,0x00000000d5e80000)
 ParOldGen       total 1385984K, used 1385764K [0x0000000080000000, 0x00000000d4980000, 0x00000000d5580000)
  object space 1385984K, 99% used [0x0000000080000000,0x00000000d4949080,0x00000000d4980000)
 Metaspace       used 86636K, committed 88320K, reserved 1179648K
  class space    used 8820K, committed 9600K, reserved 1048576K
}
Event: 2343.081 GC heap before
{Heap before GC invocations=2373 (full 4):
 PSYoungGen      total 7680K, used 7424K [0x00000000d5580000, 0x00000000d6280000, 0x0000000100000000)
  eden space 4096K, 100% used [0x00000000d5580000,0x00000000d5980000,0x00000000d5980000)
  from space 3584K, 92% used [0x00000000d5f00000,0x00000000d6240250,0x00000000d6280000)
  to   space 4096K, 0% used [0x00000000d5a80000,0x00000000d5a80000,0x00000000d5e80000)
 ParOldGen       total 1385984K, used 1385764K [0x0000000080000000, 0x00000000d4980000, 0x00000000d5580000)
  object space 1385984K, 99% used [0x0000000080000000,0x00000000d4949080,0x00000000d4980000)
 Metaspace       used 86636K, committed 88320K, reserved 1179648K
  class space    used 8820K, committed 9600K, reserved 1048576K
}
Event: 2343.086 GC heap after
{Heap after GC invocations=2373 (full 4):
 PSYoungGen      total 7680K, used 3312K [0x00000000d5580000, 0x00000000d6080000, 0x0000000100000000)
  eden space 4096K, 0% used [0x00000000d5580000,0x00000000d5580000,0x00000000d5980000)
  from space 3584K, 92% used [0x00000000d5a80000,0x00000000d5dbc000,0x00000000d5e00000)
  to   space 2560K, 0% used [0x00000000d5e00000,0x00000000d5e00000,0x00000000d6080000)
 ParOldGen       total 1389056K, used 1388988K [0x0000000080000000, 0x00000000d4c80000, 0x00000000d5580000)
  object space 1389056K, 99% used [0x0000000080000000,0x00000000d4c6f2d0,0x00000000d4c80000)
 Metaspace       used 86636K, committed 88320K, reserved 1179648K
  class space    used 8820K, committed 9600K, reserved 1048576K
}
Event: 2343.531 GC heap before
{Heap before GC invocations=2374 (full 4):
 PSYoungGen      total 7680K, used 7408K [0x00000000d5580000, 0x00000000d6080000, 0x0000000100000000)
  eden space 4096K, 100% used [0x00000000d5580000,0x00000000d5980000,0x00000000d5980000)
  from space 3584K, 92% used [0x00000000d5a80000,0x00000000d5dbc000,0x00000000d5e00000)
  to   space 2560K, 0% used [0x00000000d5e00000,0x00000000d5e00000,0x00000000d6080000)
 ParOldGen       total 1389056K, used 1388988K [0x0000000080000000, 0x00000000d4c80000, 0x00000000d5580000)
  object space 1389056K, 99% used [0x0000000080000000,0x00000000d4c6f2d0,0x00000000d4c80000)
 Metaspace       used 86636K, committed 88320K, reserved 1179648K
  class space    used 8820K, committed 9600K, reserved 1048576K
}
Event: 2343.537 GC heap after
{Heap after GC invocations=2374 (full 4):
 PSYoungGen      total 4608K, used 192K [0x00000000d5580000, 0x00000000d5e80000, 0x0000000100000000)
  eden space 4096K, 0% used [0x00000000d5580000,0x00000000d5580000,0x00000000d5980000)
  from space 512K, 37% used [0x00000000d5e00000,0x00000000d5e30000,0x00000000d5e80000)
  to   space 1536K, 0% used [0x00000000d5b80000,0x00000000d5b80000,0x00000000d5d00000)
 ParOldGen       total 1392128K, used 1392012K [0x0000000080000000, 0x00000000d4f80000, 0x00000000d5580000)
  object space 1392128K, 99% used [0x0000000080000000,0x00000000d4f632d0,0x00000000d4f80000)
 Metaspace       used 86636K, committed 88320K, reserved 1179648K
  class space    used 8820K, committed 9600K, reserved 1048576K
}
Event: 2345.036 GC heap before
{Heap before GC invocations=2375 (full 4):
 PSYoungGen      total 4608K, used 4288K [0x00000000d5580000, 0x00000000d5e80000, 0x0000000100000000)
  eden space 4096K, 100% used [0x00000000d5580000,0x00000000d5980000,0x00000000d5980000)
  from space 512K, 37% used [0x00000000d5e00000,0x00000000d5e30000,0x00000000d5e80000)
  to   space 1536K, 0% used [0x00000000d5b80000,0x00000000d5b80000,0x00000000d5d00000)
 ParOldGen       total 1392128K, used 1392012K [0x0000000080000000, 0x00000000d4f80000, 0x00000000d5580000)
  object space 1392128K, 99% used [0x0000000080000000,0x00000000d4f632d0,0x00000000d4f80000)
 Metaspace       used 86636K, committed 88320K, reserved 1179648K
  class space    used 8820K, committed 9600K, reserved 1048576K
}
Event: 2345.039 GC heap after
{Heap after GC invocations=2375 (full 4):
 PSYoungGen      total 5632K, used 224K [0x00000000d5580000, 0x00000000d5e80000, 0x0000000100000000)
  eden space 4096K, 0% used [0x00000000d5580000,0x00000000d5580000,0x00000000d5980000)
  from space 1536K, 14% used [0x00000000d5b80000,0x00000000d5bb8000,0x00000000d5d00000)
  to   space 512K, 0% used [0x00000000d5e00000,0x00000000d5e00000,0x00000000d5e80000)
 ParOldGen       total 1392128K, used 1392052K [0x0000000080000000, 0x00000000d4f80000, 0x00000000d5580000)
  object space 1392128K, 99% used [0x0000000080000000,0x00000000d4f6d2d0,0x00000000d4f80000)
 Metaspace       used 86636K, committed 88320K, reserved 1179648K
  class space    used 8820K, committed 9600K, reserved 1048576K
}
Event: 2345.359 GC heap before
{Heap before GC invocations=2376 (full 4):
 PSYoungGen      total 5632K, used 4320K [0x00000000d5580000, 0x00000000d5e80000, 0x0000000100000000)
  eden space 4096K, 100% used [0x00000000d5580000,0x00000000d5980000,0x00000000d5980000)
  from space 1536K, 14% used [0x00000000d5b80000,0x00000000d5bb8000,0x00000000d5d00000)
  to   space 512K, 0% used [0x00000000d5e00000,0x00000000d5e00000,0x00000000d5e80000)
 ParOldGen       total 1392128K, used 1392052K [0x0000000080000000, 0x00000000d4f80000, 0x00000000d5580000)
  object space 1392128K, 99% used [0x0000000080000000,0x00000000d4f6d2d0,0x00000000d4f80000)
 Metaspace       used 86636K, committed 88320K, reserved 1179648K
  class space    used 8820K, committed 9600K, reserved 1048576K
}
Event: 2345.361 GC heap after
{Heap after GC invocations=2376 (full 4):
 PSYoungGen      total 4608K, used 512K [0x00000000d5580000, 0x00000000d5e80000, 0x0000000100000000)
  eden space 4096K, 0% used [0x00000000d5580000,0x00000000d5580000,0x00000000d5980000)
  from space 512K, 100% used [0x00000000d5e00000,0x00000000d5e80000,0x00000000d5e80000)
  to   space 1024K, 0% used [0x00000000d5c80000,0x00000000d5c80000,0x00000000d5d80000)
 ParOldGen       total 1392128K, used 1392108K [0x0000000080000000, 0x00000000d4f80000, 0x00000000d5580000)
  object space 1392128K, 99% used [0x0000000080000000,0x00000000d4f7b2d0,0x00000000d4f80000)
 Metaspace       used 86636K, committed 88320K, reserved 1179648K
  class space    used 8820K, committed 9600K, reserved 1048576K
}
Event: 2345.767 GC heap before
{Heap before GC invocations=2377 (full 4):
 PSYoungGen      total 4608K, used 4608K [0x00000000d5580000, 0x00000000d5e80000, 0x0000000100000000)
  eden space 4096K, 100% used [0x00000000d5580000,0x00000000d5980000,0x00000000d5980000)
  from space 512K, 100% used [0x00000000d5e00000,0x00000000d5e80000,0x00000000d5e80000)
  to   space 1024K, 0% used [0x00000000d5c80000,0x00000000d5c80000,0x00000000d5d80000)
 ParOldGen       total 1392128K, used 1392108K [0x0000000080000000, 0x00000000d4f80000, 0x00000000d5580000)
  object space 1392128K, 99% used [0x0000000080000000,0x00000000d4f7b2d0,0x00000000d4f80000)
 Metaspace       used 86636K, committed 88320K, reserved 1179648K
  class space    used 8820K, committed 9600K, reserved 1048576K
}
Event: 2345.770 GC heap after
{Heap after GC invocations=2377 (full 4):
 PSYoungGen      total 5120K, used 224K [0x00000000d5580000, 0x00000000d5e80000, 0x0000000100000000)
  eden space 4096K, 0% used [0x00000000d5580000,0x00000000d5580000,0x00000000d5980000)
  from space 1024K, 21% used [0x00000000d5c80000,0x00000000d5cb8000,0x00000000d5d80000)
  to   space 512K, 0% used [0x00000000d5e00000,0x00000000d5e00000,0x00000000d5e80000)
 ParOldGen       total 1392640K, used 1392489K [0x0000000080000000, 0x00000000d5000000, 0x00000000d5580000)
  object space 1392640K, 99% used [0x0000000080000000,0x00000000d4fda760,0x00000000d5000000)
 Metaspace       used 86636K, committed 88320K, reserved 1179648K
  class space    used 8820K, committed 9600K, reserved 1048576K
}
Event: 2346.117 GC heap before
{Heap before GC invocations=2378 (full 4):
 PSYoungGen      total 5120K, used 4319K [0x00000000d5580000, 0x00000000d5e80000, 0x0000000100000000)
  eden space 4096K, 99% used [0x00000000d5580000,0x00000000d597fff8,0x00000000d5980000)
  from space 1024K, 21% used [0x00000000d5c80000,0x00000000d5cb8000,0x00000000d5d80000)
  to   space 512K, 0% used [0x00000000d5e00000,0x00000000d5e00000,0x00000000d5e80000)
 ParOldGen       total 1392640K, used 1392489K [0x0000000080000000, 0x00000000d5000000, 0x00000000d5580000)
  object space 1392640K, 99% used [0x0000000080000000,0x00000000d4fda760,0x00000000d5000000)
 Metaspace       used 86636K, committed 88320K, reserved 1179648K
  class space    used 8820K, committed 9600K, reserved 1048576K
}
Event: 2346.122 GC heap after
{Heap after GC invocations=2378 (full 4):
 PSYoungGen      total 4608K, used 500K [0x00000000d5580000, 0x00000000d6080000, 0x0000000100000000)
  eden space 4096K, 0% used [0x00000000d5580000,0x00000000d5580000,0x00000000d5980000)
  from space 512K, 97% used [0x00000000d5e00000,0x00000000d5e7d350,0x00000000d5e80000)
  to   space 3584K, 0% used [0x00000000d5980000,0x00000000d5980000,0x00000000d5d00000)
 ParOldGen       total 1395200K, used 1394998K [0x0000000080000000, 0x00000000d5280000, 0x00000000d5580000)
  object space 1395200K, 99% used [0x0000000080000000,0x00000000d524dad0,0x00000000d5280000)
 Metaspace       used 86636K, committed 88320K, reserved 1179648K
  class space    used 8820K, committed 9600K, reserved 1048576K
}
Event: 2346.140 GC heap before
{Heap before GC invocations=2379 (full 4):
 PSYoungGen      total 4608K, used 4596K [0x00000000d5580000, 0x00000000d6080000, 0x0000000100000000)
  eden space 4096K, 100% used [0x00000000d5580000,0x00000000d5980000,0x00000000d5980000)
  from space 512K, 97% used [0x00000000d5e00000,0x00000000d5e7d350,0x00000000d5e80000)
  to   space 3584K, 0% used [0x00000000d5980000,0x00000000d5980000,0x00000000d5d00000)
 ParOldGen       total 1395200K, used 1394998K [0x0000000080000000, 0x00000000d5280000, 0x00000000d5580000)
  object space 1395200K, 99% used [0x0000000080000000,0x00000000d524dad0,0x00000000d5280000)
 Metaspace       used 86636K, committed 88320K, reserved 1179648K
  class space    used 8820K, committed 9600K, reserved 1048576K
}
Event: 2346.145 GC heap after
{Heap after GC invocations=2379 (full 4):
 PSYoungGen      total 7680K, used 3456K [0x00000000d5580000, 0x00000000d6180000, 0x0000000100000000)
  eden space 4096K, 0% used [0x00000000d5580000,0x00000000d5580000,0x00000000d5980000)
  from space 3584K, 96% used [0x00000000d5980000,0x00000000d5ce0000,0x00000000d5d00000)
  to   space 4096K, 0% used [0x00000000d5d80000,0x00000000d5d80000,0x00000000d6180000)
 ParOldGen       total 1395712K, used 1395475K [0x0000000080000000, 0x00000000d5300000, 0x00000000d5580000)
  object space 1395712K, 99% used [0x0000000080000000,0x00000000d52c4e20,0x00000000d5300000)
 Metaspace       used 86636K, committed 88320K, reserved 1179648K
  class space    used 8820K, committed 9600K, reserved 1048576K
}
Event: 2346.175 GC heap before
{Heap before GC invocations=2380 (full 4):
 PSYoungGen      total 7680K, used 7552K [0x00000000d5580000, 0x00000000d6180000, 0x0000000100000000)
  eden space 4096K, 100% used [0x00000000d5580000,0x00000000d5980000,0x00000000d5980000)
  from space 3584K, 96% used [0x00000000d5980000,0x00000000d5ce0000,0x00000000d5d00000)
  to   space 4096K, 0% used [0x00000000d5d80000,0x00000000d5d80000,0x00000000d6180000)
 ParOldGen       total 1395712K, used 1395475K [0x0000000080000000, 0x00000000d5300000, 0x00000000d5580000)
  object space 1395712K, 99% used [0x0000000080000000,0x00000000d52c4e20,0x00000000d5300000)
 Metaspace       used 86636K, committed 88320K, reserved 1179648K
  class space    used 8820K, committed 9600K, reserved 1048576K
}
Event: 2346.183 GC heap after
{Heap after GC invocations=2380 (full 4):
 PSYoungGen      total 7680K, used 7552K [0x00000000d5580000, 0x00000000d6180000, 0x0000000100000000)
  eden space 4096K, 100% used [0x00000000d5580000,0x00000000d5980000,0x00000000d5980000)
  from space 3584K, 96% used [0x00000000d5980000,0x00000000d5ce0000,0x00000000d5d00000)
  to   space 4096K, 99% used [0x00000000d5d80000,0x00000000d6178250,0x00000000d6180000)
 ParOldGen       total 1398272K, used 1398267K [0x0000000080000000, 0x00000000d5580000, 0x00000000d5580000)
  object space 1398272K, 99% used [0x0000000080000000,0x00000000d557ee20,0x00000000d5580000)
 Metaspace       used 86636K, committed 88320K, reserved 1179648K
  class space    used 8820K, committed 9600K, reserved 1048576K
}
Event: 2346.183 GC heap before
{Heap before GC invocations=2381 (full 5):
 PSYoungGen      total 7680K, used 7552K [0x00000000d5580000, 0x00000000d6180000, 0x0000000100000000)
  eden space 4096K, 100% used [0x00000000d5580000,0x00000000d5980000,0x00000000d5980000)
  from space 3584K, 96% used [0x00000000d5980000,0x00000000d5ce0000,0x00000000d5d00000)
  to   space 4096K, 99% used [0x00000000d5d80000,0x00000000d6178250,0x00000000d6180000)
 ParOldGen       total 1398272K, used 1398267K [0x0000000080000000, 0x00000000d5580000, 0x00000000d5580000)
  object space 1398272K, 99% used [0x0000000080000000,0x00000000d557ee20,0x00000000d5580000)
 Metaspace       used 86636K, committed 88320K, reserved 1179648K
  class space    used 8820K, committed 9600K, reserved 1048576K
}

Dll operation events (12 events):
Event: 0.024 Loaded shared library c:\Users\user\.vscode\extensions\redhat.java-1.53.0-win32-x64\jre\21.0.10-win32-x86_64\bin\java.dll
Event: 0.319 Loaded shared library c:\Users\user\.vscode\extensions\redhat.java-1.53.0-win32-x64\jre\21.0.10-win32-x86_64\bin\zip.dll
Event: 0.347 Loaded shared library C:\Users\user\.vscode\extensions\redhat.java-1.53.0-win32-x64\jre\21.0.10-win32-x86_64\bin\instrument.dll
Event: 0.463 Loaded shared library C:\Users\user\.vscode\extensions\redhat.java-1.53.0-win32-x64\jre\21.0.10-win32-x86_64\bin\net.dll
Event: 0.467 Loaded shared library C:\Users\user\.vscode\extensions\redhat.java-1.53.0-win32-x64\jre\21.0.10-win32-x86_64\bin\nio.dll
Event: 0.474 Loaded shared library C:\Users\user\.vscode\extensions\redhat.java-1.53.0-win32-x64\jre\21.0.10-win32-x86_64\bin\zip.dll
Event: 0.527 Loaded shared library C:\Users\user\.vscode\extensions\redhat.java-1.53.0-win32-x64\jre\21.0.10-win32-x86_64\bin\jimage.dll
Event: 0.650 Loaded shared library c:\Users\user\.vscode\extensions\redhat.java-1.53.0-win32-x64\jre\21.0.10-win32-x86_64\bin\verify.dll
Event: 3.179 Loaded shared library C:\Users\user\AppData\Roaming\Code\User\globalStorage\redhat.java\1.53.0\config_win\org.eclipse.equinox.launcher\org.eclipse.equinox.launcher.win32.win32.x86_64_1.3.0.v20260203-2149\eclipse_11919.dll
Event: 5.505 Loaded shared library C:\Users\user\AppData\Local\Temp\jna-3599307\jna6546742084150433006.dll
Event: 8.966 Loaded shared library C:\Users\user\.vscode\extensions\redhat.java-1.53.0-win32-x64\jre\21.0.10-win32-x86_64\bin\sunmscapi.dll
Event: 9.067 Loaded shared library C:\Users\user\.vscode\extensions\redhat.java-1.53.0-win32-x64\jre\21.0.10-win32-x86_64\bin\extnet.dll

Deoptimization events (20 events):
Event: 2333.404 Thread 0x000001fdff059c60 Uncommon trap: trap_request=0xffffff45 fr.pc=0x000001fdb01d2204 relative=0x0000000000003524
Event: 2333.404 Thread 0x000001fdff059c60 Uncommon trap: reason=unstable_if action=reinterpret pc=0x000001fdb01d2204 method=org.eclipse.jdt.internal.compiler.lookup.LocalVariableBinding.computeUniqueKey(Z)[C @ 67 c2
Event: 2333.404 Thread 0x000001fdff059c60 DEOPT PACKING pc=0x000001fdb01d2204 sp=0x0000002e9fffdd40
Event: 2333.404 Thread 0x000001fdff059c60 DEOPT UNPACKING pc=0x000001fdaeae6da2 sp=0x0000002e9fffdd20 mode 2
Event: 2333.620 Thread 0x000001fdff05de00 Uncommon trap: trap_request=0xffffff45 fr.pc=0x000001fdb00c5d28 relative=0x0000000000000688
Event: 2333.620 Thread 0x000001fdff05de00 Uncommon trap: reason=unstable_if action=reinterpret pc=0x000001fdb00c5d28 method=org.eclipse.jdt.core.dom.DefaultBindingResolver.getMethodOrLambdaBinding(Lorg/eclipse/jdt/internal/compiler/lookup/MethodBinding;Lorg/eclipse/jdt/internal/compiler/lookup/Me
Event: 2333.620 Thread 0x000001fdff05de00 DEOPT PACKING pc=0x000001fdb00c5d28 sp=0x0000002ea27fe840
Event: 2333.620 Thread 0x000001fdff05de00 DEOPT UNPACKING pc=0x000001fdaeae6da2 sp=0x0000002ea27fe790 mode 2
Event: 2333.620 Thread 0x000001fdff05de00 Uncommon trap: trap_request=0xffffff45 fr.pc=0x000001fdafe305d4 relative=0x00000000000016f4
Event: 2333.620 Thread 0x000001fdff05de00 Uncommon trap: reason=unstable_if action=reinterpret pc=0x000001fdafe305d4 method=org.eclipse.jdt.core.dom.DefaultBindingResolver.resolveName(Lorg/eclipse/jdt/core/dom/Name;)Lorg/eclipse/jdt/core/dom/IBinding; @ 1022 c2
Event: 2333.620 Thread 0x000001fdff05de00 DEOPT PACKING pc=0x000001fdafe305d4 sp=0x0000002ea27fe8d0
Event: 2333.620 Thread 0x000001fdff05de00 DEOPT UNPACKING pc=0x000001fdaeae6da2 sp=0x0000002ea27fe860 mode 2
Event: 2334.177 Thread 0x000001fdff05de00 Uncommon trap: trap_request=0xffffff45 fr.pc=0x000001fdb00e47b8 relative=0x00000000000002d8
Event: 2334.177 Thread 0x000001fdff05de00 Uncommon trap: reason=unstable_if action=reinterpret pc=0x000001fdb00e47b8 method=org.eclipse.jdt.core.dom.TypeBinding.isMember()Z @ 11 c2
Event: 2334.177 Thread 0x000001fdff05de00 DEOPT PACKING pc=0x000001fdb00e47b8 sp=0x0000002ea27feb20
Event: 2334.177 Thread 0x000001fdff05de00 DEOPT UNPACKING pc=0x000001fdaeae6da2 sp=0x0000002ea27feac8 mode 2
Event: 2334.845 Thread 0x000001fdff05de00 Uncommon trap: trap_request=0xffffffcc fr.pc=0x000001fdb03c67dc relative=0x000000000000019c
Event: 2334.845 Thread 0x000001fdff05de00 Uncommon trap: reason=intrinsic_or_type_checked_inlining action=make_not_entrant pc=0x000001fdb03c67dc method=org.eclipse.core.internal.resources.WorkspaceRoot.getProjects(I)[Lorg/eclipse/core/resources/IProject; @ 8 c2
Event: 2334.845 Thread 0x000001fdff05de00 DEOPT PACKING pc=0x000001fdb03c67dc sp=0x0000002ea27fe930
Event: 2334.845 Thread 0x000001fdff05de00 DEOPT UNPACKING pc=0x000001fdaeae6da2 sp=0x0000002ea27fe8a8 mode 2

Classes loaded (20 events):
Event: 804.824 Loading class java/util/function/IntPredicate
Event: 804.824 Loading class java/util/function/IntPredicate done
Event: 804.841 Loading class java/util/regex/Pattern$Bound
Event: 804.841 Loading class java/util/regex/Pattern$Bound done
Event: 807.129 Loading class java/util/stream/ReferencePipeline$4
Event: 807.130 Loading class java/util/stream/ReferencePipeline$4 done
Event: 807.130 Loading class java/util/stream/Nodes$IntFixedNodeBuilder
Event: 807.133 Loading class java/util/stream/Node$Builder$OfInt
Event: 807.134 Loading class java/util/stream/Node$Builder$OfInt done
Event: 807.134 Loading class java/util/stream/Nodes$IntArrayNode
Event: 807.134 Loading class java/util/stream/Nodes$IntArrayNode done
Event: 807.134 Loading class java/util/stream/Nodes$IntFixedNodeBuilder done
Event: 807.134 Loading class java/util/stream/ReferencePipeline$4$1
Event: 807.134 Loading class java/util/stream/ReferencePipeline$4$1 done
Event: 936.988 Loading class java/util/regex/Pattern$Behind
Event: 936.988 Loading class java/util/regex/Pattern$Behind done
Event: 936.989 Loading class java/util/regex/Pattern$Neg
Event: 936.989 Loading class java/util/regex/Pattern$Neg done
Event: 1125.021 Loading class java/nio/channels/CompletionHandler
Event: 1125.022 Loading class java/nio/channels/CompletionHandler done

Classes unloaded (19 events):
Event: 6.433 Thread 0x000001fda42b25d0 Unloading class 0x000001fdbc1ab800 'java/lang/invoke/LambdaForm$MH+0x000001fdbc1ab800'
Event: 6.433 Thread 0x000001fda42b25d0 Unloading class 0x000001fdbc1ab400 'java/lang/invoke/LambdaForm$MH+0x000001fdbc1ab400'
Event: 6.433 Thread 0x000001fda42b25d0 Unloading class 0x000001fdbc1ab000 'java/lang/invoke/LambdaForm$MH+0x000001fdbc1ab000'
Event: 6.433 Thread 0x000001fda42b25d0 Unloading class 0x000001fdbc1aac00 'java/lang/invoke/LambdaForm$MH+0x000001fdbc1aac00'
Event: 6.433 Thread 0x000001fda42b25d0 Unloading class 0x000001fdbc1aa800 'java/lang/invoke/LambdaForm$BMH+0x000001fdbc1aa800'
Event: 6.433 Thread 0x000001fda42b25d0 Unloading class 0x000001fdbc1aa400 'java/lang/invoke/LambdaForm$DMH+0x000001fdbc1aa400'
Event: 6.433 Thread 0x000001fda42b25d0 Unloading class 0x000001fdbc1a9000 'java/lang/invoke/LambdaForm$DMH+0x000001fdbc1a9000'
Event: 8.543 Thread 0x000001fda42b25d0 Unloading class 0x000001fdbc313800 'java/lang/invoke/LambdaForm$MH+0x000001fdbc313800'
Event: 8.543 Thread 0x000001fda42b25d0 Unloading class 0x000001fdbc312c00 'java/lang/invoke/LambdaForm$MH+0x000001fdbc312c00'
Event: 8.543 Thread 0x000001fda42b25d0 Unloading class 0x000001fdbc312400 'java/lang/invoke/LambdaForm$MH+0x000001fdbc312400'
Event: 8.543 Thread 0x000001fda42b25d0 Unloading class 0x000001fdbc311c00 'java/lang/invoke/LambdaForm$MH+0x000001fdbc311c00'
Event: 8.543 Thread 0x000001fda42b25d0 Unloading class 0x000001fdbc311000 'java/lang/invoke/LambdaForm$MH+0x000001fdbc311000'
Event: 8.543 Thread 0x000001fda42b25d0 Unloading class 0x000001fdbc30b800 'java/lang/invoke/LambdaForm$MH+0x000001fdbc30b800'
Event: 8.543 Thread 0x000001fda42b25d0 Unloading class 0x000001fdbc30b000 'java/lang/invoke/LambdaForm$MH+0x000001fdbc30b000'
Event: 8.543 Thread 0x000001fda42b25d0 Unloading class 0x000001fdbc30ac00 'java/lang/invoke/LambdaForm$MH+0x000001fdbc30ac00'
Event: 8.543 Thread 0x000001fda42b25d0 Unloading class 0x000001fdbc30a000 'java/lang/invoke/LambdaForm$MH+0x000001fdbc30a000'
Event: 8.543 Thread 0x000001fda42b25d0 Unloading class 0x000001fdbc309800 'java/lang/invoke/LambdaForm$MH+0x000001fdbc309800'
Event: 8.543 Thread 0x000001fda42b25d0 Unloading class 0x000001fdbc309000 'java/lang/invoke/LambdaForm$MH+0x000001fdbc309000'
Event: 8.543 Thread 0x000001fda42b25d0 Unloading class 0x000001fdbc308800 'java/lang/invoke/LambdaForm$MH+0x000001fdbc308800'

Classes redefined (0 events):
No events

Internal exceptions (20 events):
Event: 2290.606 Thread 0x000001fdfe748890 Exception <a 'sun/nio/fs/WindowsException'{0x00000000d586da48}> (0x00000000d586da48) 
thrown [s\src\hotspot\share\prims\jni.cpp, line 520]
Event: 2302.199 Thread 0x000001fdfe748890 Exception <a 'sun/nio/fs/WindowsException'{0x00000000d55b92f8}> (0x00000000d55b92f8) 
thrown [s\src\hotspot\share\prims\jni.cpp, line 520]
Event: 2302.287 Thread 0x000001fdfe748890 Exception <a 'sun/nio/fs/WindowsException'{0x00000000d57470a0}> (0x00000000d57470a0) 
thrown [s\src\hotspot\share\prims\jni.cpp, line 520]
Event: 2304.027 Thread 0x000001fdfe748890 Exception <a 'sun/nio/fs/WindowsException'{0x00000000d5605738}> (0x00000000d5605738) 
thrown [s\src\hotspot\share\prims\jni.cpp, line 520]
Event: 2304.150 Thread 0x000001fdfe748890 Exception <a 'sun/nio/fs/WindowsException'{0x00000000d56d49b0}> (0x00000000d56d49b0) 
thrown [s\src\hotspot\share\prims\jni.cpp, line 520]
Event: 2322.811 Thread 0x000001fdff0595d0 Implicit null exception at 0x000001fdb00c3954 to 0x000001fdb00c405c
Event: 2323.980 Thread 0x000001fdfe748890 Exception <a 'sun/nio/fs/WindowsException'{0x00000000d55d4868}> (0x00000000d55d4868) 
thrown [s\src\hotspot\share\prims\jni.cpp, line 520]
Event: 2324.089 Thread 0x000001fdfe748890 Exception <a 'sun/nio/fs/WindowsException'{0x00000000d57b69e0}> (0x00000000d57b69e0) 
thrown [s\src\hotspot\share\prims\jni.cpp, line 520]
Event: 2333.402 Thread 0x000001fdff059c60 Implicit null exception at 0x000001fdaff36c8e to 0x000001fdaff395b0
Event: 2333.404 Thread 0x000001fdff059c60 Implicit null exception at 0x000001fdb01cee4f to 0x000001fdb01d21e0
Event: 2333.620 Thread 0x000001fdff05de00 Implicit null exception at 0x000001fdb00c5753 to 0x000001fdb00c5d18
Event: 2334.423 Thread 0x000001fdfe748890 Exception <a 'sun/nio/fs/WindowsException'{0x00000000d572c3a8}> (0x00000000d572c3a8) 
thrown [s\src\hotspot\share\prims\jni.cpp, line 520]
Event: 2334.532 Thread 0x000001fdfe748890 Exception <a 'sun/nio/fs/WindowsException'{0x00000000d55c17b0}> (0x00000000d55c17b0) 
thrown [s\src\hotspot\share\prims\jni.cpp, line 520]
Event: 2336.226 Thread 0x000001fdfe748890 Exception <a 'sun/nio/fs/WindowsException'{0x00000000d568e188}> (0x00000000d568e188) 
thrown [s\src\hotspot\share\prims\jni.cpp, line 520]
Event: 2336.361 Thread 0x000001fdfe748890 Exception <a 'sun/nio/fs/WindowsException'{0x00000000d55b7468}> (0x00000000d55b7468) 
thrown [s\src\hotspot\share\prims\jni.cpp, line 520]
Event: 2340.505 Thread 0x000001fdfe748890 Exception <a 'sun/nio/fs/WindowsException'{0x00000000d55fa8e8}> (0x00000000d55fa8e8) 
thrown [s\src\hotspot\share\prims\jni.cpp, line 520]
Event: 2340.604 Thread 0x000001fdfe748890 Exception <a 'sun/nio/fs/WindowsException'{0x00000000d5791770}> (0x00000000d5791770) 
thrown [s\src\hotspot\share\prims\jni.cpp, line 520]
Event: 2342.995 Thread 0x000001fdfe748890 Exception <a 'sun/nio/fs/WindowsException'{0x00000000d587ad40}> (0x00000000d587ad40) 
thrown [s\src\hotspot\share\prims\jni.cpp, line 520]
Event: 2343.075 Thread 0x000001fdfe748890 Exception <a 'sun/nio/fs/WindowsException'{0x00000000d58bdd38}> (0x00000000d58bdd38) 
thrown [s\src\hotspot\share\prims\jni.cpp, line 520]
Event: 2346.109 Thread 0x000001fdfe748890 Exception <a 'sun/nio/fs/WindowsException'{0x00000000d568c730}> (0x00000000d568c730) 
thrown [s\src\hotspot\share\prims\jni.cpp, line 520]

ZGC Phase Switch (0 events):
No events

VM Operations (20 events):
Event: 2343.047 Executing safepoint VM operation: ParallelGCFailedAllocation (Allocation Failure) done
Event: 2343.081 Executing safepoint VM operation: ParallelGCFailedAllocation (Allocation Failure)
Event: 2343.086 Executing safepoint VM operation: ParallelGCFailedAllocation (Allocation Failure) done
Event: 2343.531 Executing safepoint VM operation: ParallelGCFailedAllocation (Allocation Failure)
Event: 2343.537 Executing safepoint VM operation: ParallelGCFailedAllocation (Allocation Failure) done
Event: 2344.659 Executing non-safepoint VM operation: HandshakeAllThreads (HandshakeForDeflation)
Event: 2344.659 Executing non-safepoint VM operation: HandshakeAllThreads (HandshakeForDeflation) done
Event: 2344.659 Executing non-safepoint VM operation: RendezvousGCThreads
Event: 2344.659 Executing non-safepoint VM operation: RendezvousGCThreads done
Event: 2345.036 Executing safepoint VM operation: ParallelGCFailedAllocation (Allocation Failure)
Event: 2345.039 Executing safepoint VM operation: ParallelGCFailedAllocation (Allocation Failure) done
Event: 2345.359 Executing safepoint VM operation: ParallelGCFailedAllocation (Allocation Failure)
Event: 2345.361 Executing safepoint VM operation: ParallelGCFailedAllocation (Allocation Failure) done
Event: 2345.767 Executing safepoint VM operation: ParallelGCFailedAllocation (Allocation Failure)
Event: 2345.770 Executing safepoint VM operation: ParallelGCFailedAllocation (Allocation Failure) done
Event: 2346.117 Executing safepoint VM operation: ParallelGCFailedAllocation (Allocation Failure)
Event: 2346.122 Executing safepoint VM operation: ParallelGCFailedAllocation (Allocation Failure) done
Event: 2346.140 Executing safepoint VM operation: ParallelGCFailedAllocation (Allocation Failure)
Event: 2346.145 Executing safepoint VM operation: ParallelGCFailedAllocation (Allocation Failure) done
Event: 2346.175 Executing safepoint VM operation: ParallelGCFailedAllocation (Allocation Failure)

Memory protections (0 events):
No events

Nmethod flushes (20 events):
Event: 1024.057 Thread 0x000001fda42b25d0 flushing  nmethod 0x000001fda833aa90
Event: 1024.057 Thread 0x000001fda42b25d0 flushing  nmethod 0x000001fda833ed10
Event: 1024.057 Thread 0x000001fda42b25d0 flushing  nmethod 0x000001fda833f410
Event: 1024.057 Thread 0x000001fda42b25d0 flushing  nmethod 0x000001fda833f890
Event: 1024.057 Thread 0x000001fda42b25d0 flushing  nmethod 0x000001fda8341410
Event: 1024.057 Thread 0x000001fda42b25d0 flushing  nmethod 0x000001fda8341710
Event: 1024.057 Thread 0x000001fda42b25d0 flushing  nmethod 0x000001fda8341e90
Event: 1024.057 Thread 0x000001fda42b25d0 flushing  nmethod 0x000001fda8354990
Event: 1024.057 Thread 0x000001fda42b25d0 flushing osr nmethod 0x000001fda8368e90
Event: 1024.057 Thread 0x000001fda42b25d0 flushing  nmethod 0x000001fda8372690
Event: 1024.057 Thread 0x000001fda42b25d0 flushing  nmethod 0x000001fda8376490
Event: 1024.057 Thread 0x000001fda42b25d0 flushing  nmethod 0x000001fda8378690
Event: 1024.057 Thread 0x000001fda42b25d0 flushing  nmethod 0x000001fda837a410
Event: 1024.057 Thread 0x000001fda42b25d0 flushing  nmethod 0x000001fda837a810
Event: 1024.057 Thread 0x000001fda42b25d0 flushing  nmethod 0x000001fda8380d10
Event: 1024.057 Thread 0x000001fda42b25d0 flushing  nmethod 0x000001fda83a6c10
Event: 1024.057 Thread 0x000001fda42b25d0 flushing  nmethod 0x000001fda83b0110
Event: 1024.057 Thread 0x000001fda42b25d0 flushing  nmethod 0x000001fda83b8e90
Event: 1024.057 Thread 0x000001fda42b25d0 flushing  nmethod 0x000001fda83d0f90
Event: 1024.057 Thread 0x000001fda42b25d0 flushing  nmethod 0x000001fda83eec90

Events (20 events):
Event: 2186.921 Thread 0x000001fdfda269f0 Thread exited: 0x000001fdfda269f0
Event: 2191.724 Thread 0x000001fda42d8380 Thread added: 0x000001fdfda269f0
Event: 2191.724 Thread 0x000001fda42d8380 Thread added: 0x000001fdfda23370
Event: 2193.345 Thread 0x000001fdfda23370 Thread exited: 0x000001fdfda23370
Event: 2193.617 Thread 0x000001fdfda269f0 Thread exited: 0x000001fdfda269f0
Event: 2193.697 Thread 0x000001fdff057500 Thread added: 0x000001fdff05d0e0
Event: 2193.810 Thread 0x000001fd8472beb0 Thread added: 0x000001fdff05ca50
Event: 2199.282 Thread 0x000001fdff0567e0 Thread added: 0x000001fdff05d770
Event: 2199.307 Thread 0x000001fdff058220 Thread added: 0x000001fdff05bd30
Event: 2201.670 Thread 0x000001fdff057500 Thread added: 0x000001fdff05a980
Event: 2205.156 Thread 0x000001fdff05bd30 Thread added: 0x000001fdff05b010
Event: 2215.083 Thread 0x000001fdfd6ad7e0 Thread added: 0x000001fdfda270c0
Event: 2216.300 Thread 0x000001fdfda270c0 Thread exited: 0x000001fdfda270c0
Event: 2222.138 Thread 0x000001fdff057500 Thread added: 0x000001fdff05b6a0
Event: 2254.033 Thread 0x000001fdff05ca50 Thread exited: 0x000001fdff05ca50
Event: 2268.828 Thread 0x000001fdfd6ad7e0 Thread added: 0x000001fdfda27790
Event: 2270.654 Thread 0x000001fdfda27790 Thread exited: 0x000001fdfda27790
Event: 2331.532 Thread 0x000001fdff05de00 Thread added: 0x000001fdfdc52e60
Event: 2331.542 Thread 0x000001fdfdc52e60 Thread added: 0x000001fdfdc53b80
Event: 2331.542 Thread 0x000001fdff0595d0 Thread added: 0x000001fdfdc54210


Dynamic libraries:
0x00007ff784530000 - 0x00007ff78453e000 	c:\Users\user\.vscode\extensions\redhat.java-1.53.0-win32-x64\jre\21.0.10-win32-x86_64\bin\java.exe
0x00007ffe5ce60000 - 0x00007ffe5d0c7000 	C:\WINDOWS\SYSTEM32\ntdll.dll
0x00007ffe5aed0000 - 0x00007ffe5af99000 	C:\WINDOWS\System32\KERNEL32.DLL
0x00007ffe59c50000 - 0x00007ffe5a041000 	C:\WINDOWS\System32\KERNELBASE.dll
0x00007ffe5a080000 - 0x00007ffe5a1cb000 	C:\WINDOWS\System32\ucrtbase.dll
0x00007ffe2d160000 - 0x00007ffe2d178000 	c:\Users\user\.vscode\extensions\redhat.java-1.53.0-win32-x64\jre\21.0.10-win32-x86_64\bin\jli.dll
0x00007ffe5ac10000 - 0x00007ffe5add5000 	C:\WINDOWS\System32\USER32.dll
0x00007ffe5a050000 - 0x00007ffe5a077000 	C:\WINDOWS\System32\win32u.dll
0x00007ffe5ade0000 - 0x00007ffe5ae0b000 	C:\WINDOWS\System32\GDI32.dll
0x00007ffe5a1d0000 - 0x00007ffe5a2fb000 	C:\WINDOWS\System32\gdi32full.dll
0x00007ffe59a30000 - 0x00007ffe59ad3000 	C:\WINDOWS\System32\msvcp_win.dll
0x00007ffe2f5c0000 - 0x00007ffe2f5de000 	c:\Users\user\.vscode\extensions\redhat.java-1.53.0-win32-x64\jre\21.0.10-win32-x86_64\bin\VCRUNTIME140.dll
0x00007ffe58840000 - 0x00007ffe58ad3000 	C:\WINDOWS\WinSxS\amd64_microsoft.windows.common-controls_6595b64144ccf1df_6.0.26100.8037_none_3e092faae333b53b\COMCTL32.dll
0x00007ffe5b1a0000 - 0x00007ffe5b249000 	C:\WINDOWS\System32\msvcrt.dll
0x00007ffe5c670000 - 0x00007ffe5c6a1000 	C:\WINDOWS\System32\IMM32.DLL
0x00007ffe463d0000 - 0x00007ffe463dc000 	c:\Users\user\.vscode\extensions\redhat.java-1.53.0-win32-x64\jre\21.0.10-win32-x86_64\bin\vcruntime140_1.dll
0x00007ffe0ad00000 - 0x00007ffe0ad8d000 	c:\Users\user\.vscode\extensions\redhat.java-1.53.0-win32-x64\jre\21.0.10-win32-x86_64\bin\msvcp140.dll
0x00007ffdc99c0000 - 0x00007ffdca761000 	c:\Users\user\.vscode\extensions\redhat.java-1.53.0-win32-x64\jre\21.0.10-win32-x86_64\bin\server\jvm.dll
0x00007ffe5ae10000 - 0x00007ffe5aecb000 	C:\WINDOWS\System32\ADVAPI32.dll
0x00007ffe5c210000 - 0x00007ffe5c2b7000 	C:\WINDOWS\System32\sechost.dll
0x00007ffe5c2f0000 - 0x00007ffe5c408000 	C:\WINDOWS\System32\RPCRT4.dll
0x00007ffe5b4a0000 - 0x00007ffe5b514000 	C:\WINDOWS\System32\WS2_32.dll
0x00007ffe595c0000 - 0x00007ffe5961e000 	C:\WINDOWS\SYSTEM32\POWRPROF.dll
0x00007ffe443b0000 - 0x00007ffe443e5000 	C:\WINDOWS\SYSTEM32\WINMM.dll
0x00007ffe49e90000 - 0x00007ffe49e9b000 	C:\WINDOWS\SYSTEM32\VERSION.dll
0x00007ffe595a0000 - 0x00007ffe595b4000 	C:\WINDOWS\SYSTEM32\UMPDC.dll
0x00007ffe57ba0000 - 0x00007ffe57bbb000 	C:\WINDOWS\SYSTEM32\kernel.appcore.dll
0x00007ffe463b0000 - 0x00007ffe463ba000 	c:\Users\user\.vscode\extensions\redhat.java-1.53.0-win32-x64\jre\21.0.10-win32-x86_64\bin\jimage.dll
0x00007ffe58ef0000 - 0x00007ffe59132000 	C:\WINDOWS\SYSTEM32\DBGHELP.DLL
0x00007ffe5bc70000 - 0x00007ffe5bff2000 	C:\WINDOWS\System32\combase.dll
0x00007ffe5b6a0000 - 0x00007ffe5b777000 	C:\WINDOWS\System32\OLEAUT32.dll
0x00007ffe58de0000 - 0x00007ffe58e1b000 	C:\WINDOWS\SYSTEM32\dbgcore.DLL
0x00007ffe598c0000 - 0x00007ffe59965000 	C:\WINDOWS\System32\bcryptPrimitives.dll
0x00007ffe45300000 - 0x00007ffe4530f000 	c:\Users\user\.vscode\extensions\redhat.java-1.53.0-win32-x64\jre\21.0.10-win32-x86_64\bin\instrument.dll
0x00007ffe2b450000 - 0x00007ffe2b470000 	c:\Users\user\.vscode\extensions\redhat.java-1.53.0-win32-x64\jre\21.0.10-win32-x86_64\bin\java.dll
0x00007ffe5c6b0000 - 0x00007ffe5ce0f000 	C:\WINDOWS\System32\SHELL32.dll
0x00007ffe59ae0000 - 0x00007ffe59c4a000 	C:\WINDOWS\System32\wintypes.dll
0x00007ffe5a300000 - 0x00007ffe5ab64000 	C:\WINDOWS\System32\windows.storage.dll
0x00007ffe5b5a0000 - 0x00007ffe5b697000 	C:\WINDOWS\System32\SHCORE.dll
0x00007ffe5c1a0000 - 0x00007ffe5c207000 	C:\WINDOWS\System32\shlwapi.dll
0x00007ffe59660000 - 0x00007ffe59689000 	C:\WINDOWS\SYSTEM32\profapi.dll
0x00007ffe280b0000 - 0x00007ffe280c8000 	c:\Users\user\.vscode\extensions\redhat.java-1.53.0-win32-x64\jre\21.0.10-win32-x86_64\bin\zip.dll
0x00007ffe45000000 - 0x00007ffe45010000 	C:\Users\user\.vscode\extensions\redhat.java-1.53.0-win32-x64\jre\21.0.10-win32-x86_64\bin\net.dll
0x00007ffe4b240000 - 0x00007ffe4b367000 	C:\WINDOWS\SYSTEM32\WINHTTP.dll
0x00007ffe580d0000 - 0x00007ffe5813b000 	C:\WINDOWS\system32\mswsock.dll
0x00007ffe29070000 - 0x00007ffe29086000 	C:\Users\user\.vscode\extensions\redhat.java-1.53.0-win32-x64\jre\21.0.10-win32-x86_64\bin\nio.dll
0x00007ffe44930000 - 0x00007ffe44940000 	c:\Users\user\.vscode\extensions\redhat.java-1.53.0-win32-x64\jre\21.0.10-win32-x86_64\bin\verify.dll
0x00007ffe11010000 - 0x00007ffe11055000 	C:\Users\user\AppData\Roaming\Code\User\globalStorage\redhat.java\1.53.0\config_win\org.eclipse.equinox.launcher\org.eclipse.equinox.launcher.win32.win32.x86_64_1.3.0.v20260203-2149\eclipse_11919.dll
0x00007ffe5c000000 - 0x00007ffe5c195000 	C:\WINDOWS\System32\ole32.dll
0x00007ffe59260000 - 0x00007ffe5927b000 	C:\WINDOWS\SYSTEM32\CRYPTSP.dll
0x00007ffe58210000 - 0x00007ffe58249000 	C:\WINDOWS\system32\rsaenh.dll
0x00007ffe58140000 - 0x00007ffe58172000 	C:\WINDOWS\SYSTEM32\USERENV.dll
0x00007ffe59630000 - 0x00007ffe5965a000 	C:\WINDOWS\SYSTEM32\bcrypt.dll
0x00007ffe583f0000 - 0x00007ffe583fc000 	C:\WINDOWS\SYSTEM32\CRYPTBASE.dll
0x00007ffe575f0000 - 0x00007ffe57623000 	C:\WINDOWS\SYSTEM32\IPHLPAPI.DLL
0x00007ffe5b490000 - 0x00007ffe5b49a000 	C:\WINDOWS\System32\NSI.dll
0x00007ffe11100000 - 0x00007ffe11149000 	C:\Users\user\AppData\Local\Temp\jna-3599307\jna6546742084150433006.dll
0x00007ffe5ac00000 - 0x00007ffe5ac08000 	C:\WINDOWS\System32\PSAPI.DLL
0x00007ffe4b6e0000 - 0x00007ffe4b6fd000 	C:\WINDOWS\SYSTEM32\dhcpcsvc6.DLL
0x00007ffe4b560000 - 0x00007ffe4b583000 	C:\WINDOWS\SYSTEM32\dhcpcsvc.DLL
0x00007ffe48890000 - 0x00007ffe4889e000 	C:\Users\user\.vscode\extensions\redhat.java-1.53.0-win32-x64\jre\21.0.10-win32-x86_64\bin\sunmscapi.dll
0x00007ffe59740000 - 0x00007ffe598b7000 	C:\WINDOWS\System32\CRYPT32.dll
0x00007ffe58800000 - 0x00007ffe58830000 	C:\WINDOWS\SYSTEM32\ncrypt.dll
0x00007ffe587b0000 - 0x00007ffe587ef000 	C:\WINDOWS\SYSTEM32\NTASN1.dll
0x00007ffe57680000 - 0x00007ffe577aa000 	C:\WINDOWS\SYSTEM32\DNSAPI.dll
0x00007ffe4f3c0000 - 0x00007ffe4f3cb000 	C:\Windows\System32\rasadhlp.dll
0x00007ffe49f20000 - 0x00007ffe49fa6000 	C:\WINDOWS\System32\fwpuclnt.dll
0x00007ffe44150000 - 0x00007ffe44159000 	C:\Users\user\.vscode\extensions\redhat.java-1.53.0-win32-x64\jre\21.0.10-win32-x86_64\bin\extnet.dll

JVMTI agents:
c:\Users\user\.vscode\extensions\redhat.java-1.53.0-win32-x64\lombok\lombok-1.18.39-4050.jar path:c:\Users\user\.vscode\extensions\redhat.java-1.53.0-win32-x64\jre\21.0.10-win32-x86_64\bin\instrument.dll, loaded, initialized, instrumentlib options:none

dbghelp: loaded successfully - version: 4.0.5 - missing functions: none
symbol engine: initialized successfully - sym options: 0x614 - pdb path: .;c:\Users\user\.vscode\extensions\redhat.java-1.53.0-win32-x64\jre\21.0.10-win32-x86_64\bin;C:\WINDOWS\SYSTEM32;C:\WINDOWS\WinSxS\amd64_microsoft.windows.common-controls_6595b64144ccf1df_6.0.26100.8037_none_3e092faae333b53b;c:\Users\user\.vscode\extensions\redhat.java-1.53.0-win32-x64\jre\21.0.10-win32-x86_64\bin\server;C:\Users\user\AppData\Roaming\Code\User\globalStorage\redhat.java\1.53.0\config_win\org.eclipse.equinox.launcher\org.eclipse.equinox.launcher.win32.win32.x86_64_1.3.0.v20260203-2149;C:\Users\user\AppData\Local\Temp\jna-3599307

VM Arguments:
jvm_args: --add-modules=ALL-SYSTEM --add-opens=java.base/java.util=ALL-UNNAMED --add-opens=java.base/java.lang=ALL-UNNAMED --add-opens=java.base/sun.nio.fs=ALL-UNNAMED -Declipse.application=org.eclipse.jdt.ls.core.id1 -Dosgi.bundles.defaultStartLevel=4 -Declipse.product=org.eclipse.jdt.ls.core.product -Djava.import.generatesMetadataFilesAtProjectRoot=false -DDetectVMInstallationsJob.disabled=true -Dfile.encoding=utf8 -XX:+UseParallelGC -XX:GCTimeRatio=4 -XX:AdaptiveSizePolicyWeight=90 -Dsun.zip.disableMemoryMapping=true -Xmx2G -Xms100m -Xlog:disable -javaagent:c:\Users\user\.vscode\extensions\redhat.java-1.53.0-win32-x64\lombok\lombok-1.18.39-4050.jar -XX:+HeapDumpOnOutOfMemoryError -XX:HeapDumpPath=c:\Users\user\AppData\Roaming\Code\User\workspaceStorage\67230564ebbaacde8c83c45484b6110f\redhat.java -Daether.dependencyCollector.impl=bf 
java_command: c:\Users\user\.vscode\extensions\redhat.java-1.53.0-win32-x64\server\plugins\org.eclipse.equinox.launcher_1.7.100.v20251111-0406.jar -configuration c:\Users\user\AppData\Roaming\Code\User\globalStorage\redhat.java\1.53.0\config_win -data c:\Users\user\AppData\Roaming\Code\User\workspaceStorage\67230564ebbaacde8c83c45484b6110f\redhat.java\jdt_ws --pipe=\\.\pipe\lsp-2bceb38a73e5fe6a71bda10d36bfe5ec-sock
java_class_path (initial): c:\Users\user\.vscode\extensions\redhat.java-1.53.0-win32-x64\server\plugins\org.eclipse.equinox.launcher_1.7.100.v20251111-0406.jar
Launcher Type: SUN_STANDARD

[Global flags]
    uintx AdaptiveSizePolicyWeight                 = 90                                        {product} {command line}
     intx CICompilerCount                          = 4                                         {product} {ergonomic}
    uintx GCTimeRatio                              = 4                                         {product} {command line}
     bool HeapDumpOnOutOfMemoryError               = true                                   {manageable} {command line}
    ccstr HeapDumpPath                             = c:\Users\user\AppData\Roaming\Code\User\workspaceStorage\67230564ebbaacde8c83c45484b6110f\redhat.java         {manageable} {command line}
   size_t InitialHeapSize                          = 104857600                                 {product} {command line}
   size_t MaxHeapSize                              = 2147483648                                {product} {command line}
   size_t MaxNewSize                               = 715653120                                 {product} {ergonomic}
   size_t MinHeapDeltaBytes                        = 524288                                    {product} {ergonomic}
   size_t MinHeapSize                              = 104857600                                 {product} {command line}
   size_t NewSize                                  = 34603008                                  {product} {ergonomic}
    uintx NonNMethodCodeHeapSize                   = 5839372                                {pd product} {ergonomic}
    uintx NonProfiledCodeHeapSize                  = 122909434                              {pd product} {ergonomic}
   size_t OldSize                                  = 70254592                                  {product} {ergonomic}
    uintx ProfiledCodeHeapSize                     = 122909434                              {pd product} {ergonomic}
    uintx ReservedCodeCacheSize                    = 251658240                              {pd product} {ergonomic}
     bool SegmentedCodeCache                       = true                                      {product} {ergonomic}
   size_t SoftMaxHeapSize                          = 2147483648                             {manageable} {ergonomic}
     bool UseCompressedOops                        = true                           {product lp64_product} {ergonomic}
     bool UseLargePagesIndividualAllocation        = false                                  {pd product} {ergonomic}
     bool UseParallelGC                            = true                                      {product} {command line}

Logging:
Log output configuration:
 #0: stdout all=off uptime,level,tags foldmultilines=false
 #1: stderr all=off uptime,level,tags foldmultilines=false

Release file:
JAVA_VERSION="21.0.10" 
MODULES="java.base java.compiler java.datatransfer java.xml java.prefs java.desktop java.instrument java.logging java.management java.security.sasl java.naming java.rmi java.management.rmi java.net.http java.scripting java.security.jgss java.transaction.xa java.sql java.sql.rowset java.xml.crypto java.se java.smartcardio jdk.accessibility jdk.internal.jvmstat jdk.attach jdk.charsets jdk.internal.opt jdk.zipfs jdk.compiler jdk.crypto.ec jdk.crypto.cryptoki jdk.crypto.mscapi jdk.dynalink jdk.internal.ed jdk.editpad jdk.hotspot.agent jdk.httpserver jdk.internal.le jdk.internal.vm.ci jdk.internal.vm.compiler jdk.internal.vm.compiler.management jdk.jartool jdk.javadoc jdk.jcmd jdk.management jdk.management.agent jdk.jconsole jdk.jdeps jdk.jdwp.agent jdk.jdi jdk.jfr jdk.jshell jdk.jsobject jdk.jstatd jdk.localedata jdk.management.jfr jdk.naming.dns jdk.naming.rmi jdk.net jdk.nio.mapmode jdk.random jdk.sctp jdk.security.auth jdk.security.jgss jdk.unsupported jdk.unsupported.desktop jdk.xml.dom" 

Environment Variables:
PATH=C:\Program Files\Microsoft VS Code;C:\Program Files\Common Files\Oracle\Java\javapath;C:\WINDOWS\system32;C:\WINDOWS;C:\WINDOWS\System32\Wbem;C:\WINDOWS\System32\WindowsPowerShell\v1.0\;C:\WINDOWS\System32\OpenSSH\;C:\Program Files\Microsoft VS Code\bin;C:\Program Files (x86)\Microsoft SQL Server\170\Tools\Binn\;C:\Program Files\Microsoft SQL Server\170\Tools\Binn\;C:\Program Files\Microsoft SQL Server\Client SDK\ODBC\180\Tools\Binn\;C:\Program Files\Microsoft SQL Server\170\DTS\Binn\;C:\Program Files\Git\cmd;%NVM_HOME%;%NVM_SYMLINK%;C:\Users\user\AppData\Local\Microsoft\WindowsApps;C:\Users\user\AppData\Local\nvm;C:\nvm4w\nodejs
USERNAME=user
OS=Windows_NT
PROCESSOR_IDENTIFIER=Intel64 Family 6 Model 126 Stepping 5, GenuineIntel
TMP=C:\Users\user\AppData\Local\Temp
TEMP=C:\Users\user\AppData\Local\Temp




Periodic native trim disabled

---------------  S Y S T E M  ---------------

OS:
 Windows 11 , 64 bit Build 26100 (10.0.26100.7920)
OS uptime: 5 days 10:04 hours

CPU: total 8 (initial active 8) (4 cores per cpu, 2 threads per core) family 6 model 126 stepping 5 microcode 0xb0, cx8, cmov, fxsr, ht, mmx, 3dnowpref, sse, sse2, sse3, ssse3, sse4.1, sse4.2, popcnt, lzcnt, tsc, tscinvbit, avx, avx2, aes, erms, clmul, bmi1, bmi2, adx, avx512f, avx512dq, avx512cd, avx512bw, avx512vl, sha, fma, vzeroupper, avx512_vpopcntdq, avx512_vpclmulqdq, avx512_vaes, avx512_vnni, clflush, clflushopt, avx512_vbmi2, avx512_vbmi, rdtscp, rdpid, fsrm, gfni, avx512_bitalg, f16c, pku, avx512_ifma
Processor Information for processor 0
  Max Mhz: 1498, Current Mhz: 1098, Mhz Limit: 1093
Processor Information for processor 1
  Max Mhz: 1498, Current Mhz: 998, Mhz Limit: 1093
Processor Information for processor 2
  Max Mhz: 1498, Current Mhz: 1098, Mhz Limit: 1093
Processor Information for processor 3
  Max Mhz: 1498, Current Mhz: 1098, Mhz Limit: 1093
Processor Information for processor 4
  Max Mhz: 1498, Current Mhz: 1098, Mhz Limit: 1093
Processor Information for processor 5
  Max Mhz: 1498, Current Mhz: 1098, Mhz Limit: 1093
Processor Information for processor 6
  Max Mhz: 1498, Current Mhz: 1098, Mhz Limit: 1093
Processor Information for processor 7
  Max Mhz: 1498, Current Mhz: 1098, Mhz Limit: 1093

Memory: 4k page, system-wide physical 7987M (1216M free)
TotalPageFile size 14422M (AvailPageFile size 1216M)
current process WorkingSet (physical memory assigned to process): 935M, peak: 1051M
current process commit charge ("private bytes"): 1750M, peak: 1750M

vm_info: OpenJDK 64-Bit Server VM (21.0.10+7-LTS) for windows-amd64 JRE (21.0.10+7-LTS), built on 2026-01-20T00:00:00Z by "admin" with MS VC++ 17.12 (VS2022)

END.
