#
# A fatal error has been detected by the Java Runtime Environment:
#
#  EXCEPTION_ACCESS_VIOLATION (0xc0000005) at pc=0x00007ffdc9c14233, pid=15588, tid=10992
#
# JRE version: OpenJDK Runtime Environment Temurin-21.0.10+7 (21.0.10+7) (build 21.0.10+7-LTS)
# Java VM: OpenJDK 64-Bit Server VM Temurin-21.0.10+7 (21.0.10+7-LTS, mixed mode, sharing, tiered, compressed oops, compressed class ptrs, parallel gc, windows-amd64)
# Problematic frame:
# V  [jvm.dll+0x254233]
#
# No core dump will be written. Minidumps are not enabled by default on client versions of Windows
#
# If you would like to submit a bug report, please visit:
#   https://github.com/adoptium/adoptium-support/issues
#

---------------  S U M M A R Y ------------

Command Line: --add-modules=ALL-SYSTEM --add-opens=java.base/java.util=ALL-UNNAMED --add-opens=java.base/java.lang=ALL-UNNAMED --add-opens=java.base/sun.nio.fs=ALL-UNNAMED -Declipse.application=org.eclipse.jdt.ls.core.id1 -Dosgi.bundles.defaultStartLevel=4 -Declipse.product=org.eclipse.jdt.ls.core.product -Djava.import.generatesMetadataFilesAtProjectRoot=false -DDetectVMInstallationsJob.disabled=true -Dfile.encoding=utf8 -XX:+UseParallelGC -XX:GCTimeRatio=4 -XX:AdaptiveSizePolicyWeight=90 -Dsun.zip.disableMemoryMapping=true -Xmx2G -Xms100m -Xlog:disable -javaagent:c:\Users\user\.vscode\extensions\redhat.java-1.53.0-win32-x64\lombok\lombok-1.18.39-4050.jar -XX:+HeapDumpOnOutOfMemoryError -XX:HeapDumpPath=c:\Users\user\AppData\Roaming\Code\User\workspaceStorage\67230564ebbaacde8c83c45484b6110f\redhat.java -Daether.dependencyCollector.impl=bf c:\Users\user\.vscode\extensions\redhat.java-1.53.0-win32-x64\server\plugins\org.eclipse.equinox.launcher_1.7.100.v20251111-0406.jar -configuration c:\Users\user\AppData\Roaming\Code\User\globalStorage\redhat.java\1.53.0\config_win -data c:\Users\user\AppData\Roaming\Code\User\workspaceStorage\67230564ebbaacde8c83c45484b6110f\redhat.java\jdt_ws --pipe=\\.\pipe\lsp-36d7a8e4550184bf2b0660b6e6352d67-sock

Host: Intel(R) Core(TM) i5-1035G4 CPU @ 1.10GHz, 8 cores, 7G,  Windows 11 , 64 bit Build 26100 (10.0.26100.7920)
Time: Sun Apr  5 20:12:36 2026 Hora est. Pacífico, Sudamérica elapsed time: 1621.990538 seconds (0d 0h 27m 1s)

---------------  T H R E A D  ---------------

Current thread (0x000002b9a0678d00):  JavaThread "C2 CompilerThread2" daemon [_thread_in_native, id=10992, stack(0x000000d55ed00000,0x000000d55ee00000) (1024K)]


Current CompileTask:
C2:1621990 17218       4       lombok.eclipse.EclipseAST::buildMethod (110 bytes)

Stack: [0x000000d55ed00000,0x000000d55ee00000],  sp=0x000000d55edfd750,  free space=1013k
Native frames: (J=compiled Java code, j=interpreted, Vv=VM code, C=native code)
V  [jvm.dll+0x254233]
V  [jvm.dll+0x6fd2c7]
V  [jvm.dll+0x24b87a]
V  [jvm.dll+0x1cb34e]
V  [jvm.dll+0x25b85d]
V  [jvm.dll+0x259dea]
V  [jvm.dll+0x3f857e]
V  [jvm.dll+0x85f59d]
V  [jvm.dll+0x6d626d]
C  [ucrtbase.dll+0x37b0]
C  [KERNEL32.DLL+0x2e8d7]
C  [ntdll.dll+0x8c48c]


siginfo: EXCEPTION_ACCESS_VIOLATION (0xc0000005), reading address 0x0000000400000004


Registers:
RAX=0x000002b9a18a6ba0, RBX=0x000000d55edfe2f0, RCX=0x0000000000000000, RDX=0x000002b9c8318e00
RSP=0x000000d55edfd750, RBP=0x000002b9af4ad3f0, RSI=0x00000000000014fc, RDI=0x0000000400000004
R8 =0x0000000000010000, R9 =0x000002b9b4005050, R10=0x00007ffe2f5c0000, R11=0x0000000000000000
R12=0x0000000000000001, R13=0x000002b9a18a6a60, R14=0x0000000000000008, R15=0x0000000000000010
RIP=0x00007ffdc9c14233, EFLAGS=0x0000000000010246

XMM[0]=0x0000000000000000 0x0000000000000000
XMM[1]=0x0000000000000000 0x0000000000000000
XMM[2]=0x0000000000000000 0x0000000000000000
XMM[3]=0x0000000000000000 0x0000000000000000
XMM[4]=0x0000000000000000 0x0000000000000000
XMM[5]=0x0000000000000000 0x0000000000000000
XMM[6]=0x0000000000000000 0x0000000000000000
XMM[7]=0x0000000000000000 0x0000000000000000
XMM[8]=0x0000000000000000 0x0000000000000000
XMM[9]=0x0000000000000000 0x0000000000000000
XMM[10]=0x0000000000000000 0x0000000000000000
XMM[11]=0x0000000000000000 0x0000000000000000
XMM[12]=0x0000000000000000 0x0000000000000000
XMM[13]=0x0000000000000000 0x0000000000000000
XMM[14]=0x0000000000000000 0x0000000000000000
XMM[15]=0x0000000000000000 0x0000000000000000
  MXCSR=0x00001fa0


Register to memory mapping:

RAX=0x000002b9a18a6ba0 points into unknown readable memory: 0x000002b9a18a6d30 | 30 6d 8a a1 b9 02 00 00
RBX=0x000000d55edfe2f0 is pointing into the stack for thread: 0x000002b9a0678d00
RCX=0x0 is null
RDX=0x000002b9c8318e00 points into unknown readable memory: 0x0000000000010000 | 00 00 01 00 00 00 00 00
RSP=0x000000d55edfd750 is pointing into the stack for thread: 0x000002b9a0678d00
RBP=0x000002b9af4ad3f0 points into unknown readable memory: 0x000000d55edfe560 | 60 e5 df 5e d5 00 00 00
RSI=0x00000000000014fc is an unknown value
RDI=0x0000000400000004 is an unknown value
R8 =0x0000000000010000 is an unknown value
R9 =0x000002b9b4005050 points into unknown readable memory: 0x0000000000000000 | 00 00 00 00 00 00 00 00
R10=0x00007ffe2f5c0000 VCRUNTIME140.dll
R11=0x0 is null
R12=0x0000000000000001 is an unknown value
R13=0x000002b9a18a6a60 points into unknown readable memory: 0x00007ffdca3b3078 | 78 30 3b ca fd 7f 00 00
R14=0x0000000000000008 is an unknown value
R15=0x0000000000000010 is an unknown value

Top of Stack: (sp=0x000000d55edfd750)
0x000000d55edfd750:   000000d55edfe2f0 000002b9af4ad3f0
0x000000d55edfd760:   000000d55edfe430 0000000000004868
0x000000d55edfd770:   000002b9af4b14c0 000000d55edfe2e0
0x000000d55edfd780:   000000d55edfd980 000000d55edfe430
0x000000d55edfd790:   0000000000000000 00007ffdca0bd2c7
0x000000d55edfd7a0:   0000000000000f15 000002b9af4ad3f0
0x000000d55edfd7b0:   000002b9af4ad460 000002b9406330a0
0x000000d55edfd7c0:   0000000000000002 00007ffdc9c0b87a
0x000000d55edfd7d0:   0000000000000000 000000d55edfd8d0
0x000000d55edfd7e0:   000000d55edfe430 0000000000000001
0x000000d55edfd7f0:   0000000000000000 0000000000000000
0x000000d55edfd800:   000000d55edfe430 0000000000000000
0x000000d55edfd810:   000002b9a0040880 0000000000000000
0x000000d55edfd820:   0000000000000000 0000000000000000
0x000000d55edfd830:   0000000000000000 0000000000000000
0x000000d55edfd840:   0000000000000000 00007ffdca3bd61c
0x000000d55edfd850:   0000000000000000 0000000000000000
0x000000d55edfd860:   0000000000000000 00007ffdca3bd61c
0x000000d55edfd870:   0000000000000000 0000000000000000
0x000000d55edfd880:   000002b9a4a2e480 000002b9a09dccf0
0x000000d55edfd890:   000002b9a09dded8 000002b9a09e4cd8
0x000000d55edfd8a0:   0000000000050248 0000000000000000
0x000000d55edfd8b0:   0000000000000000 0000000000000000
0x000000d55edfd8c0:   0000000000000000 0000000000000000
0x000000d55edfd8d0:   0000000000000000 0000000000000000
0x000000d55edfd8e0:   0000000000000000 0000000000000000
0x000000d55edfd8f0:   0000000000000000 0000000000000000
0x000000d55edfd900:   0000000000000000 00007ffdca3dc398
0x000000d55edfd910:   0000000000000000 0000000000000000
0x000000d55edfd920:   00007ffdca3ffb00 0000000000000001
0x000000d55edfd930:   000000d55edfe430 000000d55edff060
0x000000d55edfd940:   000000d55edfd980 000002b9aece86a0 

Instructions: (pc=0x00007ffdc9c14233)
0x00007ffdc9c14133:   ff 41 8b c6 48 f7 d8 4d 8d 3c c7 4c 3b fe 0f 83
0x00007ffdc9c14143:   19 fe ff ff 4c 8b 74 24 30 4c 8b 64 24 38 48 8b
0x00007ffdc9c14153:   7c 24 40 48 8b ac 24 80 00 00 00 48 83 c4 48 41
0x00007ffdc9c14163:   5f 41 5d 5e 5b c3 cc cc cc cc cc cc cc 40 53 56
0x00007ffdc9c14173:   57 48 83 ec 30 8b b9 50 02 00 00 48 8b da 2b b9
0x00007ffdc9c14183:   78 02 00 00 48 8b f1 3b 7a 08 72 0a 8b d7 48 8b
0x00007ffdc9c14193:   cb e8 17 e9 45 00 48 8b 43 10 48 c7 04 f8 00 00
0x00007ffdc9c141a3:   00 00 48 8b 96 e0 02 00 00 48 85 d2 74 08 48 8b
0x00007ffdc9c141b3:   cb e8 67 f5 e7 ff 48 8b 96 e8 02 00 00 48 85 d2
0x00007ffdc9c141c3:   74 08 48 8b cb e8 53 f5 e7 ff 33 c0 89 44 24 50
0x00007ffdc9c141d3:   39 43 18 0f 86 f8 00 00 00 48 89 6c 24 58 4c 89
0x00007ffdc9c141e3:   64 24 60 4c 89 6c 24 68 4c 89 74 24 28 4c 89 7c
0x00007ffdc9c141f3:   24 20 66 66 66 0f 1f 84 00 00 00 00 00 8b c8 48
0x00007ffdc9c14203:   8b 43 10 4c 8b 2c c8 41 8b 45 1c 85 c0 0f 84 92
0x00007ffdc9c14213:   00 00 00 45 33 f6 44 8b e0 0f 1f 40 00 49 8b 45
0x00007ffdc9c14223:   08 49 8b 3c 06 48 85 ff 74 6d 40 f6 c7 01 75 67
0x00007ffdc9c14233:   48 83 3f fe 74 61 44 8b 7f 28 41 8b f7 c1 ee 05
0x00007ffdc9c14243:   3b 73 20 72 0b 8b d6 48 8d 4b 20 e8 dd a2 64 00
0x00007ffdc9c14253:   48 8b 43 28 41 83 e7 1f 48 8d 14 b0 41 0f b6 cf
0x00007ffdc9c14263:   41 b8 01 00 00 00 41 d3 e0 8b 0a 8b c1 41 0b c0
0x00007ffdc9c14273:   89 02 41 85 c8 75 20 8b 73 18 8d 46 01 89 43 18
0x00007ffdc9c14283:   3b 73 08 72 0a 8b d6 48 8b cb e8 1e e8 45 00 48
0x00007ffdc9c14293:   8b 43 10 48 89 3c f0 49 83 c6 08 49 83 ec 01 0f
0x00007ffdc9c142a3:   85 78 ff ff ff 8b 44 24 50 ff c0 89 44 24 50 3b
0x00007ffdc9c142b3:   43 18 0f 82 45 ff ff ff 4c 8b 7c 24 20 4c 8b 74
0x00007ffdc9c142c3:   24 28 4c 8b 6c 24 68 4c 8b 64 24 60 48 8b 6c 24
0x00007ffdc9c142d3:   58 48 83 c4 30 5f 5e 5b c3 cc cc cc cc 40 53 48
0x00007ffdc9c142e3:   83 ec 20 48 8b 81 f0 02 00 00 48 8b d9 48 85 c0
0x00007ffdc9c142f3:   75 27 e8 f6 39 00 00 48 8b d0 48 8b 48 10 48 8b
0x00007ffdc9c14303:   01 48 3b c2 74 06 83 78 38 02 74 06 48 83 c1 08
0x00007ffdc9c14313:   eb ec 48 89 83 f0 02 00 00 48 83 c4 20 5b c3 cc
0x00007ffdc9c14323:   cc cc cc cc cc cc cc cc cc cc cc cc cc 48 8b c4 


Stack slot to memory mapping:

stack at sp + 0 slots: 0x000000d55edfe2f0 is pointing into the stack for thread: 0x000002b9a0678d00
stack at sp + 1 slots: 0x000002b9af4ad3f0 points into unknown readable memory: 0x000000d55edfe560 | 60 e5 df 5e d5 00 00 00
stack at sp + 2 slots: 0x000000d55edfe430 is pointing into the stack for thread: 0x000002b9a0678d00
stack at sp + 3 slots: 0x0000000000004868 is an unknown value
stack at sp + 4 slots: 0x000002b9af4b14c0 points into unknown readable memory: 0x00007ffdca3c8888 | 88 88 3c ca fd 7f 00 00
stack at sp + 5 slots: 0x000000d55edfe2e0 is pointing into the stack for thread: 0x000002b9a0678d00
stack at sp + 6 slots: 0x000000d55edfd980 is pointing into the stack for thread: 0x000002b9a0678d00
stack at sp + 7 slots: 0x000000d55edfe430 is pointing into the stack for thread: 0x000002b9a0678d00


---------------  P R O C E S S  ---------------

Threads class SMR info:
_java_thread_list=0x000002b9a4f10550, length=52, elements={
0x000002b942a8a490, 0x000002b9429fc120, 0x000002b9429fe4b0, 0x000002b942a04e90,
0x000002b942a05b90, 0x000002b942a0bef0, 0x000002b942a1a470, 0x000002b942a2c9c0,
0x000002b942a2f290, 0x000002b9a023b750, 0x000002b9a023a3a0, 0x000002b9a0239d10,
0x000002b9a023aa30, 0x000002b9a023b0c0, 0x000002b9a023bde0, 0x000002b9a0239680,
0x000002b9a023c470, 0x000002b9a0238ff0, 0x000002b9a163c890, 0x000002b9a163dc40,
0x000002b9a163e960, 0x000002b9a163eff0, 0x000002b9a163f680, 0x000002b9a163c200,
0x000002b9a163fd10, 0x000002b9a1642b00, 0x000002b9a1641750, 0x000002b9a1641de0,
0x000002b9a1642470, 0x000002b9a16403a0, 0x000002b9a16410c0, 0x000002b9a1ab2a80,
0x000002b9a1ab16d0, 0x000002b9a43ad420, 0x000002b9a2755740, 0x000002b9a2754390,
0x000002b9a2752950, 0x000002b9a2754a20, 0x000002b9a27550b0, 0x000002b9a2753670,
0x000002b9a43aa630, 0x000002b9a43aacc0, 0x000002b9a43a8bf0, 0x000002b9a43a9910,
0x000002b9a43a8560, 0x000002b9a43a9fa0, 0x000002b9a43ac700, 0x000002b9a4a65900,
0x000002b9a0678d00, 0x000002b9a43ab9e0, 0x000002b9a43ac070, 0x000002b9a1ab3110
}

Java Threads: ( => current thread )
  0x000002b942a8a490 JavaThread "main"                              [_thread_blocked, id=15936, stack(0x000000d55b800000,0x000000d55b900000) (1024K)]
  0x000002b9429fc120 JavaThread "Reference Handler"          daemon [_thread_blocked, id=18124, stack(0x000000d55bc00000,0x000000d55bd00000) (1024K)]
  0x000002b9429fe4b0 JavaThread "Finalizer"                  daemon [_thread_blocked, id=17940, stack(0x000000d55bd00000,0x000000d55be00000) (1024K)]
  0x000002b942a04e90 JavaThread "Signal Dispatcher"          daemon [_thread_blocked, id=6392, stack(0x000000d55be00000,0x000000d55bf00000) (1024K)]
  0x000002b942a05b90 JavaThread "Attach Listener"            daemon [_thread_blocked, id=2000, stack(0x000000d55bf00000,0x000000d55c000000) (1024K)]
  0x000002b942a0bef0 JavaThread "Service Thread"             daemon [_thread_blocked, id=8580, stack(0x000000d55c000000,0x000000d55c100000) (1024K)]
  0x000002b942a1a470 JavaThread "Monitor Deflation Thread"   daemon [_thread_blocked, id=19236, stack(0x000000d55c100000,0x000000d55c200000) (1024K)]
  0x000002b942a2c9c0 JavaThread "C2 CompilerThread0"         daemon [_thread_in_native, id=9000, stack(0x000000d55c200000,0x000000d55c300000) (1024K)]
  0x000002b942a2f290 JavaThread "C1 CompilerThread0"         daemon [_thread_blocked, id=8532, stack(0x000000d55c300000,0x000000d55c400000) (1024K)]
  0x000002b9a023b750 JavaThread "Common-Cleaner"             daemon [_thread_blocked, id=5116, stack(0x000000d55c500000,0x000000d55c600000) (1024K)]
  0x000002b9a023a3a0 JavaThread "Notification Thread"        daemon [_thread_blocked, id=11696, stack(0x000000d55c600000,0x000000d55c700000) (1024K)]
  0x000002b9a0239d10 JavaThread "Active Thread: Equinox Container: 791f6de1-2a97-44da-a89e-a740e78f762e"        [_thread_blocked, id=19356, stack(0x000000d55ce00000,0x000000d55cf00000) (1024K)]
  0x000002b9a023aa30 JavaThread "Refresh Thread: Equinox Container: 791f6de1-2a97-44da-a89e-a740e78f762e" daemon [_thread_blocked, id=17780, stack(0x000000d55d000000,0x000000d55d100000) (1024K)]
  0x000002b9a023b0c0 JavaThread "Framework Event Dispatcher: Equinox Container: 791f6de1-2a97-44da-a89e-a740e78f762e" daemon [_thread_blocked, id=17784, stack(0x000000d55d100000,0x000000d55d200000) (1024K)]
  0x000002b9a023bde0 JavaThread "Start Level: Equinox Container: 791f6de1-2a97-44da-a89e-a740e78f762e" daemon [_thread_blocked, id=7348, stack(0x000000d55d200000,0x000000d55d300000) (1024K)]
  0x000002b9a0239680 JavaThread "Bundle File Closer"         daemon [_thread_blocked, id=15824, stack(0x000000d55d300000,0x000000d55d400000) (1024K)]
  0x000002b9a023c470 JavaThread "SCR Component Actor"        daemon [_thread_blocked, id=17272, stack(0x000000d55c700000,0x000000d55c800000) (1024K)]
  0x000002b9a0238ff0 JavaThread "Worker-JM"                         [_thread_blocked, id=1296, stack(0x000000d55d500000,0x000000d55d600000) (1024K)]
  0x000002b9a163c890 JavaThread "JNA Cleaner"                daemon [_thread_blocked, id=15644, stack(0x000000d55d600000,0x000000d55d700000) (1024K)]
  0x000002b9a163dc40 JavaThread "Java indexing"              daemon [_thread_blocked, id=11164, stack(0x000000d55da00000,0x000000d55db00000) (1024K)]
  0x000002b9a163e960 JavaThread "Worker-3"                          [_thread_blocked, id=19136, stack(0x000000d55dd00000,0x000000d55de00000) (1024K)]
  0x000002b9a163eff0 JavaThread "Thread-1"                   daemon [_thread_in_native, id=8368, stack(0x000000d55df00000,0x000000d55e000000) (1024K)]
  0x000002b9a163f680 JavaThread "Thread-2"                   daemon [_thread_in_native, id=10980, stack(0x000000d55e000000,0x000000d55e100000) (1024K)]
  0x000002b9a163c200 JavaThread "Thread-3"                   daemon [_thread_in_native, id=17292, stack(0x000000d55e100000,0x000000d55e200000) (1024K)]
  0x000002b9a163fd10 JavaThread "Thread-4"                   daemon [_thread_in_native, id=7148, stack(0x000000d55e200000,0x000000d55e300000) (1024K)]
  0x000002b9a1642b00 JavaThread "Thread-5"                   daemon [_thread_in_native, id=9304, stack(0x000000d55e300000,0x000000d55e400000) (1024K)]
  0x000002b9a1641750 JavaThread "Thread-6"                   daemon [_thread_in_native, id=3464, stack(0x000000d55e400000,0x000000d55e500000) (1024K)]
  0x000002b9a1641de0 JavaThread "Thread-7"                   daemon [_thread_in_native, id=7908, stack(0x000000d55e500000,0x000000d55e600000) (1024K)]
  0x000002b9a1642470 JavaThread "Thread-8"                   daemon [_thread_in_native, id=7696, stack(0x000000d55e600000,0x000000d55e700000) (1024K)]
  0x000002b9a16403a0 JavaThread "Thread-9"                   daemon [_thread_in_native, id=7752, stack(0x000000d55e700000,0x000000d55e800000) (1024K)]
  0x000002b9a16410c0 JavaThread "pool-2-thread-1"                   [_thread_blocked, id=12572, stack(0x000000d55e900000,0x000000d55ea00000) (1024K)]
  0x000002b9a1ab2a80 JavaThread "WorkspaceEventsHandler"            [_thread_blocked, id=17468, stack(0x000000d55ea00000,0x000000d55eb00000) (1024K)]
  0x000002b9a1ab16d0 JavaThread "pool-1-thread-1"                   [_thread_blocked, id=7452, stack(0x000000d55eb00000,0x000000d55ec00000) (1024K)]
  0x000002b9a43ad420 JavaThread "Cleaner-0"                  daemon [_thread_blocked, id=19264, stack(0x000000d560500000,0x000000d560600000) (1024K)]
  0x000002b9a2755740 JavaThread "Worker-8"                          [_thread_blocked, id=13164, stack(0x000000d55d700000,0x000000d55d800000) (1024K)]
  0x000002b9a2754390 JavaThread "ForkJoinPool.commonPool-worker-8" daemon [_thread_blocked, id=4244, stack(0x000000d55b500000,0x000000d55b600000) (1024K)]
  0x000002b9a2752950 JavaThread "ForkJoinPool.commonPool-worker-9" daemon [_thread_blocked, id=12132, stack(0x000000d55b700000,0x000000d55b800000) (1024K)]
  0x000002b9a2754a20 JavaThread "Worker-9"                          [_thread_blocked, id=1596, stack(0x000000d55b600000,0x000000d55b700000) (1024K)]
  0x000002b9a27550b0 JavaThread "Compiler Source File Reader" daemon [_thread_blocked, id=3468, stack(0x000000d55d400000,0x000000d55d500000) (1024K)]
  0x000002b9a2753670 JavaThread "Compiler Source File Reader" daemon [_thread_blocked, id=10124, stack(0x000000d55d800000,0x000000d55d900000) (1024K)]
  0x000002b9a43aa630 JavaThread "Compiler Processing Task"   daemon [_thread_blocked, id=9340, stack(0x000000d55d900000,0x000000d55da00000) (1024K)]
  0x000002b9a43aacc0 JavaThread "Compiler Source File Reader" daemon [_thread_blocked, id=4960, stack(0x000000d55c400000,0x000000d55c500000) (1024K)]
  0x000002b9a43a8bf0 JavaThread "ForkJoinPool.commonPool-worker-10" daemon [_thread_blocked, id=19296, stack(0x000000d55db00000,0x000000d55dc00000) (1024K)]
  0x000002b9a43a9910 JavaThread "ForkJoinPool.commonPool-worker-11" daemon [_thread_blocked, id=7112, stack(0x000000d55dc00000,0x000000d55dd00000) (1024K)]
  0x000002b9a43a8560 JavaThread "ForkJoinPool.commonPool-worker-12" daemon [_thread_blocked, id=3612, stack(0x000000d55de00000,0x000000d55df00000) (1024K)]
  0x000002b9a43a9fa0 JavaThread "ForkJoinPool.commonPool-worker-13" daemon [_thread_blocked, id=19276, stack(0x000000d55e800000,0x000000d55e900000) (1024K)]
  0x000002b9a43ac700 JavaThread "ForkJoinPool.commonPool-worker-14" daemon [_thread_blocked, id=17964, stack(0x000000d55ee00000,0x000000d55ef00000) (1024K)]
  0x000002b9a4a65900 JavaThread "C2 CompilerThread1"         daemon [_thread_in_native, id=5656, stack(0x000000d55ec00000,0x000000d55ed00000) (1024K)]
=>0x000002b9a0678d00 JavaThread "C2 CompilerThread2"         daemon [_thread_in_native, id=10992, stack(0x000000d55ed00000,0x000000d55ee00000) (1024K)]
  0x000002b9a43ab9e0 JavaThread "Compiler Source File Reader" daemon [_thread_blocked, id=5076, stack(0x000000d55ef00000,0x000000d55f000000) (1024K)]
  0x000002b9a43ac070 JavaThread "Compiler Source File Reader" daemon [_thread_blocked, id=10012, stack(0x000000d55f000000,0x000000d55f100000) (1024K)]
  0x000002b9a1ab3110 JavaThread "Compiler Source File Reader" daemon [_thread_blocked, id=4012, stack(0x000000d55f100000,0x000000d55f200000) (1024K)]
Total: 52

Other Threads:
  0x000002b9429e25d0 VMThread "VM Thread"                           [id=3420, stack(0x000000d55bb00000,0x000000d55bc00000) (1024K)]
  0x000002b942af8b10 WatcherThread "VM Periodic Task Thread"        [id=19044, stack(0x000000d55ba00000,0x000000d55bb00000) (1024K)]
  0x000002b942aa9b10 WorkerThread "GC Thread#0"                     [id=14636, stack(0x000000d55b900000,0x000000d55ba00000) (1024K)]
  0x000002b9a0494270 WorkerThread "GC Thread#1"                     [id=1496, stack(0x000000d55c800000,0x000000d55c900000) (1024K)]
  0x000002b9a0ba3f70 WorkerThread "GC Thread#2"                     [id=12912, stack(0x000000d55c900000,0x000000d55ca00000) (1024K)]
  0x000002b9a0739ab0 WorkerThread "GC Thread#3"                     [id=8512, stack(0x000000d55ca00000,0x000000d55cb00000) (1024K)]
  0x000002b9a0739e60 WorkerThread "GC Thread#4"                     [id=17984, stack(0x000000d55cb00000,0x000000d55cc00000) (1024K)]
  0x000002b9a073a210 WorkerThread "GC Thread#5"                     [id=15008, stack(0x000000d55cc00000,0x000000d55cd00000) (1024K)]
  0x000002b9a09676c0 WorkerThread "GC Thread#6"                     [id=9648, stack(0x000000d55cd00000,0x000000d55ce00000) (1024K)]
  0x000002b9a0dc0160 WorkerThread "GC Thread#7"                     [id=10824, stack(0x000000d55cf00000,0x000000d55d000000) (1024K)]
Total: 10

Threads with active compile tasks:
C2 CompilerThread0  1622063 17253       4       lombok.eclipse.EclipseAST::buildStatement (57 bytes)
C2 CompilerThread1  1622063 17227       4       org.eclipse.jdt.internal.compiler.lookup.BinaryTypeBinding::createMethod (1666 bytes)
C2 CompilerThread2  1622063 17218       4       lombok.eclipse.EclipseAST::buildMethod (110 bytes)
Total: 3

VM state: not at safepoint (normal execution)

VM Mutex/Monitor currently owned by a thread: None

Heap address: 0x0000000080000000, size: 2048 MB, Compressed Oops mode: 32-bit

CDS archive(s) mapped at: [0x000002b95a000000-0x000002b95aba0000-0x000002b95aba0000), size 12189696, SharedBaseAddress: 0x000002b95a000000, ArchiveRelocationMode: 1.
Compressed class space mapped at: 0x000002b95b000000-0x000002b99b000000, reserved size: 1073741824
Narrow klass base: 0x000002b95a000000, Narrow klass shift: 0, Narrow klass range: 0x100000000

GC Precious Log:
 CardTable entry size: 512
 CPUs: 8 total, 8 available
 Memory: 7987M
 Large Page Support: Disabled
 NUMA Support: Disabled
 Compressed Oops: Enabled (32-bit)
 Alignments: Space 512K, Generation 512K, Heap 2M
 Heap Min Capacity: 100M
 Heap Initial Capacity: 100M
 Heap Max Capacity: 2G
 Pre-touch: Disabled
 Parallel Workers: 8

Heap:
 PSYoungGen      total 8192K, used 4397K [0x00000000d5580000, 0x00000000d6380000, 0x0000000100000000)
  eden space 5632K, 40% used [0x00000000d5580000,0x00000000d57b76e8,0x00000000d5b00000)
  from space 2560K, 83% used [0x00000000d5c80000,0x00000000d5e94020,0x00000000d5f00000)
  to   space 3584K, 0% used [0x00000000d6000000,0x00000000d6000000,0x00000000d6380000)
 ParOldGen       total 645120K, used 645104K [0x0000000080000000, 0x00000000a7600000, 0x00000000d5580000)
  object space 645120K, 99% used [0x0000000080000000,0x00000000a75fc248,0x00000000a7600000)
 Metaspace       used 80115K, committed 81728K, reserved 1179648K
  class space    used 8222K, committed 8896K, reserved 1048576K

Card table byte_map: [0x000002b942430000,0x000002b942840000] _byte_map_base: 0x000002b942030000

Marking Bits: (ParMarkBitMap*) 0x00007ffdca683450
 Begin Bits: [0x000002b954f40000, 0x000002b956f40000)
 End Bits:   [0x000002b956f40000, 0x000002b958f40000)

Polling page: 0x000002b9408a0000

Metaspace:

Usage:
  Non-class:     70.21 MB used.
      Class:      8.03 MB used.
       Both:     78.24 MB used.

Virtual space:
  Non-class space:      128.00 MB reserved,      71.12 MB ( 56%) committed,  2 nodes.
      Class space:        1.00 GB reserved,       8.69 MB ( <1%) committed,  1 nodes.
             Both:        1.12 GB reserved,      79.81 MB (  7%) committed. 

Chunk freelists:
   Non-Class:  8.56 MB
       Class:  7.26 MB
        Both:  15.82 MB

MaxMetaspaceSize: unlimited
CompressedClassSpaceSize: 1.00 GB
Initial GC threshold: 21.00 MB
Current GC threshold: 123.12 MB
CDS: on
 - commit_granule_bytes: 65536.
 - commit_granule_words: 8192.
 - virtual_space_node_default_size: 8388608.
 - enlarge_chunks_in_place: 1.
 - use_allocation_guard: 0.


Internal statistics:

num_allocs_failed_limit: 11.
num_arena_births: 1516.
num_arena_deaths: 14.
num_vsnodes_births: 3.
num_vsnodes_deaths: 0.
num_space_committed: 1277.
num_space_uncommitted: 0.
num_chunks_returned_to_freelist: 25.
num_chunks_taken_from_freelist: 5698.
num_chunk_merges: 14.
num_chunk_splits: 3355.
num_chunks_enlarged: 1715.
num_inconsistent_stats: 0.

CodeHeap 'non-profiled nmethods': size=120000Kb used=15521Kb max_used=15521Kb free=104479Kb
 bounds [0x000002b94d760000, 0x000002b94e690000, 0x000002b954c90000]
CodeHeap 'profiled nmethods': size=120000Kb used=41688Kb max_used=41688Kb free=78312Kb
 bounds [0x000002b945c90000, 0x000002b948550000, 0x000002b94d1c0000]
CodeHeap 'non-nmethods': size=5760Kb used=1489Kb max_used=1574Kb free=4270Kb
 bounds [0x000002b94d1c0000, 0x000002b94d430000, 0x000002b94d760000]
CodeCache: size=245760Kb, used=58698Kb, max_used=58783Kb, free=187061Kb
 total_blobs=16603, nmethods=15810, adapters=694, full_count=0
Compilation: enabled, stopped_count=0, restarted_count=0

Compilation events (20 events):
Event: 1621.849 Thread 0x000002b942a2f290 17266       3       org.eclipse.jdt.internal.compiler.flow.FlowInfo::tagBitsToNullStatus (27 bytes)
Event: 1621.849 Thread 0x000002b942a2f290 nmethod 17266 0x000002b94852d690 code [0x000002b94852d840, 0x000002b94852da18]
Event: 1621.849 Thread 0x000002b942a2f290 17267       3       org.eclipse.jdt.internal.compiler.lookup.BlockScope::correlateTrackingVarsIfElse (492 bytes)
Event: 1621.851 Thread 0x000002b942a2f290 nmethod 17267 0x000002b94852da90 code [0x000002b94852dec0, 0x000002b948530120]
Event: 1621.851 Thread 0x000002b942a2f290 17269       3       org.eclipse.jdt.internal.compiler.codegen.CodeStream::writeSignedShort (44 bytes)
Event: 1621.852 Thread 0x000002b942a2f290 nmethod 17269 0x000002b948530890 code [0x000002b948530a40, 0x000002b948530c38]
Event: 1621.852 Thread 0x000002b942a2f290 17268       1       org.eclipse.jdt.internal.compiler.ast.Expression::nullStatus (2 bytes)
Event: 1621.852 Thread 0x000002b942a2f290 nmethod 17268 0x000002b94e684990 code [0x000002b94e684b20, 0x000002b94e684be8]
Event: 1621.860 Thread 0x000002b942a2f290 17271   !   3       org.eclipse.jdt.core.dom.IfStatement::getThenStatement (60 bytes)
Event: 1621.865 Thread 0x000002b942a2f290 nmethod 17271 0x000002b948530d90 code [0x000002b948530fe0, 0x000002b948531998]
Event: 1621.876 Thread 0x000002b942a2c9c0 nmethod 17257 0x000002b94e684c90 code [0x000002b94e684f80, 0x000002b94e686768]
Event: 1621.877 Thread 0x000002b942a2c9c0 17253       4       lombok.eclipse.EclipseAST::buildStatement (57 bytes)
Event: 1621.913 Thread 0x000002b942a2f290 17272       3       org.eclipse.core.internal.jobs.DeadlockDetector::reduceGraph (509 bytes)
Event: 1621.916 Thread 0x000002b942a2f290 nmethod 17272 0x000002b948532010 code [0x000002b9485323a0, 0x000002b948534290]
Event: 1621.916 Thread 0x000002b942a2f290 17273       3       org.eclipse.core.internal.resources.MarkerManager$$Lambda/0x000002b95b2af268::visitElement (19 bytes)
Event: 1621.916 Thread 0x000002b942a2f290 nmethod 17273 0x000002b948534e10 code [0x000002b948534fc0, 0x000002b948535130]
Event: 1621.916 Thread 0x000002b942a2f290 17274       3       org.eclipse.core.internal.resources.MarkerManager::lambda$2 (26 bytes)
Event: 1621.917 Thread 0x000002b942a2f290 nmethod 17274 0x000002b948535210 code [0x000002b9485353c0, 0x000002b948535670]
Event: 1621.917 Thread 0x000002b942a2f290 17275       3       org.eclipse.core.internal.events.NotificationManager::requestNotify (57 bytes)
Event: 1621.917 Thread 0x000002b942a2f290 nmethod 17275 0x000002b948535790 code [0x000002b9485359a0, 0x000002b948535fe8]

GC Heap History (20 events):
Event: 1620.470 GC heap before
{Heap before GC invocations=1127 (full 4):
 PSYoungGen      total 3584K, used 3008K [0x00000000d5580000, 0x00000000d5a00000, 0x0000000100000000)
  eden space 2560K, 100% used [0x00000000d5580000,0x00000000d5800000,0x00000000d5800000)
  from space 1024K, 43% used [0x00000000d5900000,0x00000000d5970000,0x00000000d5a00000)
  to   space 1024K, 0% used [0x00000000d5800000,0x00000000d5800000,0x00000000d5900000)
 ParOldGen       total 627200K, used 626830K [0x0000000080000000, 0x00000000a6480000, 0x00000000d5580000)
  object space 627200K, 99% used [0x0000000080000000,0x00000000a6423a78,0x00000000a6480000)
 Metaspace       used 80032K, committed 81600K, reserved 1179648K
  class space    used 8219K, committed 8896K, reserved 1048576K
}
Event: 1620.475 GC heap after
{Heap after GC invocations=1127 (full 4):
 PSYoungGen      total 3584K, used 1006K [0x00000000d5580000, 0x00000000d5e80000, 0x0000000100000000)
  eden space 2560K, 0% used [0x00000000d5580000,0x00000000d5580000,0x00000000d5800000)
  from space 1024K, 98% used [0x00000000d5800000,0x00000000d58fbb90,0x00000000d5900000)
  to   space 3072K, 0% used [0x00000000d5b80000,0x00000000d5b80000,0x00000000d5e80000)
 ParOldGen       total 628224K, used 628101K [0x0000000080000000, 0x00000000a6580000, 0x00000000d5580000)
  object space 628224K, 99% used [0x0000000080000000,0x00000000a6561608,0x00000000a6580000)
 Metaspace       used 80032K, committed 81600K, reserved 1179648K
  class space    used 8219K, committed 8896K, reserved 1048576K
}
Event: 1620.487 GC heap before
{Heap before GC invocations=1128 (full 4):
 PSYoungGen      total 3584K, used 3566K [0x00000000d5580000, 0x00000000d5e80000, 0x0000000100000000)
  eden space 2560K, 100% used [0x00000000d5580000,0x00000000d5800000,0x00000000d5800000)
  from space 1024K, 98% used [0x00000000d5800000,0x00000000d58fbb90,0x00000000d5900000)
  to   space 3072K, 0% used [0x00000000d5b80000,0x00000000d5b80000,0x00000000d5e80000)
 ParOldGen       total 628224K, used 628101K [0x0000000080000000, 0x00000000a6580000, 0x00000000d5580000)
  object space 628224K, 99% used [0x0000000080000000,0x00000000a6561608,0x00000000a6580000)
 Metaspace       used 80053K, committed 81664K, reserved 1179648K
  class space    used 8219K, committed 8896K, reserved 1048576K
}
Event: 1620.491 GC heap after
{Heap after GC invocations=1128 (full 4):
 PSYoungGen      total 5632K, used 2336K [0x00000000d5580000, 0x00000000d5e00000, 0x0000000100000000)
  eden space 3072K, 0% used [0x00000000d5580000,0x00000000d5580000,0x00000000d5880000)
  from space 2560K, 91% used [0x00000000d5b80000,0x00000000d5dc8000,0x00000000d5e00000)
  to   space 2560K, 0% used [0x00000000d5900000,0x00000000d5900000,0x00000000d5b80000)
 ParOldGen       total 629248K, used 629136K [0x0000000080000000, 0x00000000a6680000, 0x00000000d5580000)
  object space 629248K, 99% used [0x0000000080000000,0x00000000a6664208,0x00000000a6680000)
 Metaspace       used 80053K, committed 81664K, reserved 1179648K
  class space    used 8219K, committed 8896K, reserved 1048576K
}
Event: 1620.513 GC heap before
{Heap before GC invocations=1129 (full 4):
 PSYoungGen      total 5632K, used 5408K [0x00000000d5580000, 0x00000000d5e00000, 0x0000000100000000)
  eden space 3072K, 100% used [0x00000000d5580000,0x00000000d5880000,0x00000000d5880000)
  from space 2560K, 91% used [0x00000000d5b80000,0x00000000d5dc8000,0x00000000d5e00000)
  to   space 2560K, 0% used [0x00000000d5900000,0x00000000d5900000,0x00000000d5b80000)
 ParOldGen       total 629248K, used 629136K [0x0000000080000000, 0x00000000a6680000, 0x00000000d5580000)
  object space 629248K, 99% used [0x0000000080000000,0x00000000a6664208,0x00000000a6680000)
 Metaspace       used 80054K, committed 81664K, reserved 1179648K
  class space    used 8219K, committed 8896K, reserved 1048576K
}
Event: 1620.517 GC heap after
{Heap after GC invocations=1129 (full 4):
 PSYoungGen      total 6144K, used 1806K [0x00000000d5580000, 0x00000000d5d80000, 0x0000000100000000)
  eden space 3584K, 0% used [0x00000000d5580000,0x00000000d5580000,0x00000000d5900000)
  from space 2560K, 70% used [0x00000000d5900000,0x00000000d5ac3b90,0x00000000d5b80000)
  to   space 2048K, 0% used [0x00000000d5b80000,0x00000000d5b80000,0x00000000d5d80000)
 ParOldGen       total 631808K, used 631304K [0x0000000080000000, 0x00000000a6900000, 0x00000000d5580000)
  object space 631808K, 99% used [0x0000000080000000,0x00000000a6882208,0x00000000a6900000)
 Metaspace       used 80054K, committed 81664K, reserved 1179648K
  class space    used 8219K, committed 8896K, reserved 1048576K
}
Event: 1620.524 GC heap before
{Heap before GC invocations=1130 (full 4):
 PSYoungGen      total 6144K, used 5390K [0x00000000d5580000, 0x00000000d5d80000, 0x0000000100000000)
  eden space 3584K, 99% used [0x00000000d5580000,0x00000000d58ffff0,0x00000000d5900000)
  from space 2560K, 70% used [0x00000000d5900000,0x00000000d5ac3b90,0x00000000d5b80000)
  to   space 2048K, 0% used [0x00000000d5b80000,0x00000000d5b80000,0x00000000d5d80000)
 ParOldGen       total 631808K, used 631304K [0x0000000080000000, 0x00000000a6900000, 0x00000000d5580000)
  object space 631808K, 99% used [0x0000000080000000,0x00000000a6882208,0x00000000a6900000)
 Metaspace       used 80054K, committed 81664K, reserved 1179648K
  class space    used 8219K, committed 8896K, reserved 1048576K
}
Event: 1620.526 GC heap after
{Heap after GC invocations=1130 (full 4):
 PSYoungGen      total 6144K, used 576K [0x00000000d5580000, 0x00000000d5d00000, 0x0000000100000000)
  eden space 4608K, 0% used [0x00000000d5580000,0x00000000d5580000,0x00000000d5a00000)
  from space 1536K, 37% used [0x00000000d5b80000,0x00000000d5c10000,0x00000000d5d00000)
  to   space 1536K, 0% used [0x00000000d5a00000,0x00000000d5a00000,0x00000000d5b80000)
 ParOldGen       total 631808K, used 631368K [0x0000000080000000, 0x00000000a6900000, 0x00000000d5580000)
  object space 631808K, 99% used [0x0000000080000000,0x00000000a6892208,0x00000000a6900000)
 Metaspace       used 80054K, committed 81664K, reserved 1179648K
  class space    used 8219K, committed 8896K, reserved 1048576K
}
Event: 1620.536 GC heap before
{Heap before GC invocations=1131 (full 4):
 PSYoungGen      total 6144K, used 5183K [0x00000000d5580000, 0x00000000d5d00000, 0x0000000100000000)
  eden space 4608K, 99% used [0x00000000d5580000,0x00000000d59fffd0,0x00000000d5a00000)
  from space 1536K, 37% used [0x00000000d5b80000,0x00000000d5c10000,0x00000000d5d00000)
  to   space 1536K, 0% used [0x00000000d5a00000,0x00000000d5a00000,0x00000000d5b80000)
 ParOldGen       total 631808K, used 631368K [0x0000000080000000, 0x00000000a6900000, 0x00000000d5580000)
  object space 631808K, 99% used [0x0000000080000000,0x00000000a6892208,0x00000000a6900000)
 Metaspace       used 80054K, committed 81664K, reserved 1179648K
  class space    used 8219K, committed 8896K, reserved 1048576K
}
Event: 1620.541 GC heap after
{Heap after GC invocations=1131 (full 4):
 PSYoungGen      total 6144K, used 1518K [0x00000000d5580000, 0x00000000d6400000, 0x0000000100000000)
  eden space 4608K, 0% used [0x00000000d5580000,0x00000000d5580000,0x00000000d5a00000)
  from space 1536K, 98% used [0x00000000d5a00000,0x00000000d5b7bb90,0x00000000d5b80000)
  to   space 4608K, 0% used [0x00000000d5f80000,0x00000000d5f80000,0x00000000d6400000)
 ParOldGen       total 633856K, used 633830K [0x0000000080000000, 0x00000000a6b00000, 0x00000000d5580000)
  object space 633856K, 99% used [0x0000000080000000,0x00000000a6af9b78,0x00000000a6b00000)
 Metaspace       used 80054K, committed 81664K, reserved 1179648K
  class space    used 8219K, committed 8896K, reserved 1048576K
}
Event: 1620.562 GC heap before
{Heap before GC invocations=1132 (full 4):
 PSYoungGen      total 6144K, used 6126K [0x00000000d5580000, 0x00000000d6400000, 0x0000000100000000)
  eden space 4608K, 100% used [0x00000000d5580000,0x00000000d5a00000,0x00000000d5a00000)
  from space 1536K, 98% used [0x00000000d5a00000,0x00000000d5b7bb90,0x00000000d5b80000)
  to   space 4608K, 0% used [0x00000000d5f80000,0x00000000d5f80000,0x00000000d6400000)
 ParOldGen       total 633856K, used 633830K [0x0000000080000000, 0x00000000a6b00000, 0x00000000d5580000)
  object space 633856K, 99% used [0x0000000080000000,0x00000000a6af9b78,0x00000000a6b00000)
 Metaspace       used 80054K, committed 81664K, reserved 1179648K
  class space    used 8219K, committed 8896K, reserved 1048576K
}
Event: 1620.564 GC heap after
{Heap after GC invocations=1132 (full 4):
 PSYoungGen      total 8704K, used 2606K [0x00000000d5580000, 0x00000000d6280000, 0x0000000100000000)
  eden space 5632K, 0% used [0x00000000d5580000,0x00000000d5580000,0x00000000d5b00000)
  from space 3072K, 84% used [0x00000000d5f80000,0x00000000d620bb90,0x00000000d6280000)
  to   space 3584K, 0% used [0x00000000d5b80000,0x00000000d5b80000,0x00000000d5f00000)
 ParOldGen       total 634368K, used 634135K [0x0000000080000000, 0x00000000a6b80000, 0x00000000d5580000)
  object space 634368K, 99% used [0x0000000080000000,0x00000000a6b45c58,0x00000000a6b80000)
 Metaspace       used 80054K, committed 81664K, reserved 1179648K
  class space    used 8219K, committed 8896K, reserved 1048576K
}
Event: 1621.743 GC heap before
{Heap before GC invocations=1133 (full 4):
 PSYoungGen      total 8704K, used 8236K [0x00000000d5580000, 0x00000000d6280000, 0x0000000100000000)
  eden space 5632K, 99% used [0x00000000d5580000,0x00000000d5aff850,0x00000000d5b00000)
  from space 3072K, 84% used [0x00000000d5f80000,0x00000000d620bb90,0x00000000d6280000)
  to   space 3584K, 0% used [0x00000000d5b80000,0x00000000d5b80000,0x00000000d5f00000)
 ParOldGen       total 634368K, used 634135K [0x0000000080000000, 0x00000000a6b80000, 0x00000000d5580000)
  object space 634368K, 99% used [0x0000000080000000,0x00000000a6b45c58,0x00000000a6b80000)
 Metaspace       used 80070K, committed 81664K, reserved 1179648K
  class space    used 8220K, committed 8896K, reserved 1048576K
}
Event: 1621.746 GC heap after
{Heap after GC invocations=1133 (full 4):
 PSYoungGen      total 6144K, used 464K [0x00000000d5580000, 0x00000000d6000000, 0x0000000100000000)
  eden space 5632K, 0% used [0x00000000d5580000,0x00000000d5580000,0x00000000d5b00000)
  from space 512K, 90% used [0x00000000d5b80000,0x00000000d5bf4010,0x00000000d5c00000)
  to   space 1536K, 0% used [0x00000000d5e80000,0x00000000d5e80000,0x00000000d6000000)
 ParOldGen       total 634368K, used 634151K [0x0000000080000000, 0x00000000a6b80000, 0x00000000d5580000)
  object space 634368K, 99% used [0x0000000080000000,0x00000000a6b49c58,0x00000000a6b80000)
 Metaspace       used 80070K, committed 81664K, reserved 1179648K
  class space    used 8220K, committed 8896K, reserved 1048576K
}
Event: 1621.861 GC heap before
{Heap before GC invocations=1134 (full 4):
 PSYoungGen      total 6144K, used 5973K [0x00000000d5580000, 0x00000000d6000000, 0x0000000100000000)
  eden space 5632K, 97% used [0x00000000d5580000,0x00000000d5ae1428,0x00000000d5b00000)
  from space 512K, 90% used [0x00000000d5b80000,0x00000000d5bf4010,0x00000000d5c00000)
  to   space 1536K, 0% used [0x00000000d5e80000,0x00000000d5e80000,0x00000000d6000000)
 ParOldGen       total 634368K, used 634151K [0x0000000080000000, 0x00000000a6b80000, 0x00000000d5580000)
  object space 634368K, 99% used [0x0000000080000000,0x00000000a6b49c58,0x00000000a6b80000)
 Metaspace       used 80109K, committed 81728K, reserved 1179648K
  class space    used 8222K, committed 8896K, reserved 1048576K
}
Event: 1621.865 GC heap after
{Heap after GC invocations=1134 (full 4):
 PSYoungGen      total 7168K, used 1140K [0x00000000d5580000, 0x00000000d6000000, 0x0000000100000000)
  eden space 5632K, 0% used [0x00000000d5580000,0x00000000d5580000,0x00000000d5b00000)
  from space 1536K, 74% used [0x00000000d5e80000,0x00000000d5f9d350,0x00000000d6000000)
  to   space 1536K, 0% used [0x00000000d5d00000,0x00000000d5d00000,0x00000000d5e80000)
 ParOldGen       total 634368K, used 634205K [0x0000000080000000, 0x00000000a6b80000, 0x00000000d5580000)
  object space 634368K, 99% used [0x0000000080000000,0x00000000a6b577f8,0x00000000a6b80000)
 Metaspace       used 80109K, committed 81728K, reserved 1179648K
  class space    used 8222K, committed 8896K, reserved 1048576K
}
Event: 1621.881 GC heap before
{Heap before GC invocations=1135 (full 4):
 PSYoungGen      total 7168K, used 6663K [0x00000000d5580000, 0x00000000d6000000, 0x0000000100000000)
  eden space 5632K, 98% used [0x00000000d5580000,0x00000000d5ae4a58,0x00000000d5b00000)
  from space 1536K, 74% used [0x00000000d5e80000,0x00000000d5f9d350,0x00000000d6000000)
  to   space 1536K, 0% used [0x00000000d5d00000,0x00000000d5d00000,0x00000000d5e80000)
 ParOldGen       total 634368K, used 634205K [0x0000000080000000, 0x00000000a6b80000, 0x00000000d5580000)
  object space 634368K, 99% used [0x0000000080000000,0x00000000a6b577f8,0x00000000a6b80000)
 Metaspace       used 80109K, committed 81728K, reserved 1179648K
  class space    used 8222K, committed 8896K, reserved 1048576K
}
Event: 1621.886 GC heap after
{Heap after GC invocations=1135 (full 4):
 PSYoungGen      total 7168K, used 1529K [0x00000000d5580000, 0x00000000d6b00000, 0x0000000100000000)
  eden space 5632K, 0% used [0x00000000d5580000,0x00000000d5580000,0x00000000d5b00000)
  from space 1536K, 99% used [0x00000000d5d00000,0x00000000d5e7e6a0,0x00000000d5e80000)
  to   space 8192K, 0% used [0x00000000d6300000,0x00000000d6300000,0x00000000d6b00000)
 ParOldGen       total 640000K, used 639499K [0x0000000080000000, 0x00000000a7100000, 0x00000000d5580000)
  object space 640000K, 99% used [0x0000000080000000,0x00000000a7082ca8,0x00000000a7100000)
 Metaspace       used 80109K, committed 81728K, reserved 1179648K
  class space    used 8222K, committed 8896K, reserved 1048576K
}
Event: 1621.941 GC heap before
{Heap before GC invocations=1136 (full 4):
 PSYoungGen      total 7168K, used 7161K [0x00000000d5580000, 0x00000000d6b00000, 0x0000000100000000)
  eden space 5632K, 100% used [0x00000000d5580000,0x00000000d5b00000,0x00000000d5b00000)
  from space 1536K, 99% used [0x00000000d5d00000,0x00000000d5e7e6a0,0x00000000d5e80000)
  to   space 8192K, 0% used [0x00000000d6300000,0x00000000d6300000,0x00000000d6b00000)
 ParOldGen       total 640000K, used 639499K [0x0000000080000000, 0x00000000a7100000, 0x00000000d5580000)
  object space 640000K, 99% used [0x0000000080000000,0x00000000a7082ca8,0x00000000a7100000)
 Metaspace       used 80113K, committed 81728K, reserved 1179648K
  class space    used 8222K, committed 8896K, reserved 1048576K
}
Event: 1621.948 GC heap after
{Heap after GC invocations=1136 (full 4):
 PSYoungGen      total 10240K, used 4512K [0x00000000d5580000, 0x00000000d6780000, 0x0000000100000000)
  eden space 5632K, 0% used [0x00000000d5580000,0x00000000d5580000,0x00000000d5b00000)
  from space 4608K, 97% used [0x00000000d6300000,0x00000000d6768250,0x00000000d6780000)
  to   space 5632K, 0% used [0x00000000d5c80000,0x00000000d5c80000,0x00000000d6200000)
 ParOldGen       total 641024K, used 640695K [0x0000000080000000, 0x00000000a7200000, 0x00000000d5580000)
  object space 641024K, 99% used [0x0000000080000000,0x00000000a71adff8,0x00000000a7200000)
 Metaspace       used 80113K, committed 81728K, reserved 1179648K
  class space    used 8222K, committed 8896K, reserved 1048576K
}

Dll operation events (10 events):
Event: 0.012 Loaded shared library c:\Users\user\.vscode\extensions\redhat.java-1.53.0-win32-x64\jre\21.0.10-win32-x86_64\bin\java.dll
Event: 0.092 Loaded shared library c:\Users\user\.vscode\extensions\redhat.java-1.53.0-win32-x64\jre\21.0.10-win32-x86_64\bin\zip.dll
Event: 0.121 Loaded shared library C:\Users\user\.vscode\extensions\redhat.java-1.53.0-win32-x64\jre\21.0.10-win32-x86_64\bin\instrument.dll
Event: 0.126 Loaded shared library C:\Users\user\.vscode\extensions\redhat.java-1.53.0-win32-x64\jre\21.0.10-win32-x86_64\bin\net.dll
Event: 0.128 Loaded shared library C:\Users\user\.vscode\extensions\redhat.java-1.53.0-win32-x64\jre\21.0.10-win32-x86_64\bin\nio.dll
Event: 0.132 Loaded shared library C:\Users\user\.vscode\extensions\redhat.java-1.53.0-win32-x64\jre\21.0.10-win32-x86_64\bin\zip.dll
Event: 0.161 Loaded shared library C:\Users\user\.vscode\extensions\redhat.java-1.53.0-win32-x64\jre\21.0.10-win32-x86_64\bin\jimage.dll
Event: 0.242 Loaded shared library c:\Users\user\.vscode\extensions\redhat.java-1.53.0-win32-x64\jre\21.0.10-win32-x86_64\bin\verify.dll
Event: 1.183 Loaded shared library C:\Users\user\AppData\Roaming\Code\User\globalStorage\redhat.java\1.53.0\config_win\org.eclipse.equinox.launcher\org.eclipse.equinox.launcher.win32.win32.x86_64_1.3.0.v20260203-2149\eclipse_11919.dll
Event: 2.568 Loaded shared library C:\Users\user\AppData\Local\Temp\jna-3599307\jna18427242944225229797.dll

Deoptimization events (20 events):
Event: 1620.533 Thread 0x000002b9a43a8560 DEOPT PACKING pc=0x000002b948354c4c sp=0x000000d55defe9c0
Event: 1620.533 Thread 0x000002b9a43a8560 DEOPT UNPACKING pc=0x000002b94d2178e2 sp=0x000000d55defdf70 mode 0
Event: 1620.560 Thread 0x000002b9a43a8bf0 DEOPT PACKING pc=0x000002b948354c4c sp=0x000000d55dbfeb20
Event: 1620.560 Thread 0x000002b9a43a8bf0 DEOPT UNPACKING pc=0x000002b94d2178e2 sp=0x000000d55dbfe0d0 mode 0
Event: 1621.694 Thread 0x000002b9a1ab16d0 DEOPT PACKING pc=0x000002b948490cd2 sp=0x000000d55ebfdca0
Event: 1621.694 Thread 0x000002b9a1ab16d0 DEOPT UNPACKING pc=0x000002b94d2178e2 sp=0x000000d55ebfd1b8 mode 0
Event: 1621.802 Thread 0x000002b9a1ab16d0 DEOPT PACKING pc=0x000002b948491213 sp=0x000000d55ebfdfb0
Event: 1621.802 Thread 0x000002b9a1ab16d0 DEOPT UNPACKING pc=0x000002b94d2178e2 sp=0x000000d55ebfd4c0 mode 0
Event: 1621.914 Thread 0x000002b9a163e960 Uncommon trap: trap_request=0xffffffde fr.pc=0x000002b94dd13f34 relative=0x0000000000000c14
Event: 1621.914 Thread 0x000002b9a163e960 Uncommon trap: reason=class_check action=maybe_recompile pc=0x000002b94dd13f34 method=org.eclipse.core.internal.resources.Workspace.getResourceInfo(Lorg/eclipse/core/runtime/IPath;ZZ)Lorg/eclipse/core/internal/resources/ResourceInfo; @ 60 c2
Event: 1621.914 Thread 0x000002b9a163e960 DEOPT PACKING pc=0x000002b94dd13f34 sp=0x000000d55ddfec60
Event: 1621.914 Thread 0x000002b9a163e960 DEOPT UNPACKING pc=0x000002b94d216da2 sp=0x000000d55ddfec78 mode 2
Event: 1621.914 Thread 0x000002b9a163e960 Uncommon trap: trap_request=0xffffffde fr.pc=0x000002b94dd13f34 relative=0x0000000000000c14
Event: 1621.914 Thread 0x000002b9a163e960 Uncommon trap: reason=class_check action=maybe_recompile pc=0x000002b94dd13f34 method=org.eclipse.core.internal.resources.Workspace.getResourceInfo(Lorg/eclipse/core/runtime/IPath;ZZ)Lorg/eclipse/core/internal/resources/ResourceInfo; @ 60 c2
Event: 1621.914 Thread 0x000002b9a163e960 DEOPT PACKING pc=0x000002b94dd13f34 sp=0x000000d55ddfeb40
Event: 1621.914 Thread 0x000002b9a163e960 DEOPT UNPACKING pc=0x000002b94d216da2 sp=0x000000d55ddfeb58 mode 2
Event: 1621.914 Thread 0x000002b9a163e960 Uncommon trap: trap_request=0xffffffde fr.pc=0x000002b94dd13f34 relative=0x0000000000000c14
Event: 1621.914 Thread 0x000002b9a163e960 Uncommon trap: reason=class_check action=maybe_recompile pc=0x000002b94dd13f34 method=org.eclipse.core.internal.resources.Workspace.getResourceInfo(Lorg/eclipse/core/runtime/IPath;ZZ)Lorg/eclipse/core/internal/resources/ResourceInfo; @ 60 c2
Event: 1621.914 Thread 0x000002b9a163e960 DEOPT PACKING pc=0x000002b94dd13f34 sp=0x000000d55ddfecc0
Event: 1621.914 Thread 0x000002b9a163e960 DEOPT UNPACKING pc=0x000002b94d216da2 sp=0x000000d55ddfecb8 mode 2

Classes loaded (20 events):
Event: 303.124 Loading class java/util/stream/Nodes$AbstractConcNode done
Event: 303.124 Loading class java/util/stream/Nodes$ConcNode done
Event: 303.138 Loading class java/util/stream/Nodes$ToArrayTask$OfRef
Event: 303.138 Loading class java/util/stream/Nodes$ToArrayTask
Event: 303.138 Loading class java/util/stream/Nodes$ToArrayTask done
Event: 303.138 Loading class java/util/stream/Nodes$ToArrayTask$OfRef done
Event: 303.140 Loading class java/io/ObjectOutputStream$BlockDataOutputStream
Event: 303.141 Loading class java/io/ObjectOutputStream$BlockDataOutputStream done
Event: 303.141 Loading class java/io/ObjectOutputStream$HandleTable
Event: 303.141 Loading class java/io/ObjectOutputStream$HandleTable done
Event: 303.141 Loading class java/io/ObjectOutputStream$ReplaceTable
Event: 303.141 Loading class java/io/ObjectOutputStream$ReplaceTable done
Event: 1591.580 Loading class java/util/regex/Pattern$Behind
Event: 1591.580 Loading class java/util/regex/Pattern$Behind done
Event: 1591.580 Loading class java/util/regex/Pattern$Neg
Event: 1591.580 Loading class java/util/regex/Pattern$Neg done
Event: 1598.270 Loading class java/util/concurrent/ConcurrentHashMap$TreeNode
Event: 1598.278 Loading class java/util/concurrent/ConcurrentHashMap$TreeNode done
Event: 1598.278 Loading class java/util/concurrent/ConcurrentHashMap$TreeBin
Event: 1598.279 Loading class java/util/concurrent/ConcurrentHashMap$TreeBin done

Classes unloaded (7 events):
Event: 3.012 Thread 0x000002b9429e25d0 Unloading class 0x000002b95b1a8c00 'java/lang/invoke/LambdaForm$MH+0x000002b95b1a8c00'
Event: 3.012 Thread 0x000002b9429e25d0 Unloading class 0x000002b95b1a8800 'java/lang/invoke/LambdaForm$MH+0x000002b95b1a8800'
Event: 3.012 Thread 0x000002b9429e25d0 Unloading class 0x000002b95b1a8400 'java/lang/invoke/LambdaForm$MH+0x000002b95b1a8400'
Event: 3.012 Thread 0x000002b9429e25d0 Unloading class 0x000002b95b1a8000 'java/lang/invoke/LambdaForm$MH+0x000002b95b1a8000'
Event: 3.012 Thread 0x000002b9429e25d0 Unloading class 0x000002b95b1a7c00 'java/lang/invoke/LambdaForm$BMH+0x000002b95b1a7c00'
Event: 3.012 Thread 0x000002b9429e25d0 Unloading class 0x000002b95b1a7800 'java/lang/invoke/LambdaForm$DMH+0x000002b95b1a7800'
Event: 3.012 Thread 0x000002b9429e25d0 Unloading class 0x000002b95b1a6400 'java/lang/invoke/LambdaForm$DMH+0x000002b95b1a6400'

Classes redefined (0 events):
No events

Internal exceptions (20 events):
Event: 1582.406 Thread 0x000002b9a1ab2a80 Implicit null exception at 0x000002b94d851170 to 0x000002b94d85237c
Event: 1582.416 Thread 0x000002b9a1ab2a80 Implicit null exception at 0x000002b94dd304a6 to 0x000002b94dd31264
Event: 1582.417 Thread 0x000002b9a1ab2a80 Implicit null exception at 0x000002b94dfb7aa6 to 0x000002b94dfb8820
Event: 1591.050 Thread 0x000002b9a1ab16d0 Exception <a 'java/lang/IncompatibleClassChangeError'{0x00000000d560bbc0}: Found class java.lang.Object, but interface was expected> (0x00000000d560bbc0) 
thrown [s\src\hotspot\share\interpreter\linkResolver.cpp, line 840]
Event: 1591.231 Thread 0x000002b9a2754390 Implicit null exception at 0x000002b94e01fbc3 to 0x000002b94e020038
Event: 1591.240 Thread 0x000002b9a2754390 Implicit null exception at 0x000002b94e471557 to 0x000002b94e471888
Event: 1591.363 Thread 0x000002b9a2754390 Implicit null exception at 0x000002b94e2947e1 to 0x000002b94e29482f
Event: 1591.370 Thread 0x000002b9a2754390 Implicit null exception at 0x000002b94d8b12a5 to 0x000002b94d8b1614
Event: 1591.454 Thread 0x000002b9a2754390 Exception <a 'java/lang/NoSuchMethodError'{0x00000000d5627760}: 'java.lang.Object java.lang.invoke.DirectMethodHandle$Holder.newInvokeSpecial(java.lang.Object, java.lang.Object, java.lang.Object, java.lang.Object, int)'> (0x00000000d5627760) 
thrown [s\src\hotspot\share\interpreter\linkResolver.cpp, line 773]
Event: 1591.454 Thread 0x000002b9a2754390 Exception <a 'java/lang/NoSuchMethodError'{0x00000000d562bb20}: 'java.lang.Object java.lang.invoke.DirectMethodHandle$Holder.invokeSpecial(java.lang.Object, java.lang.Object, java.lang.Object, java.lang.Object, java.lang.Object, int)'> (0x00000000d562bb20) 
thrown [s\src\hotspot\share\interpreter\linkResolver.cpp, line 773]
Event: 1591.454 Thread 0x000002b9a2754390 Exception <a 'java/lang/NoSuchMethodError'{0x00000000d562f5b0}: 'java.lang.Object java.lang.invoke.Invokers$Holder.linkToTargetMethod(java.lang.Object, java.lang.Object, java.lang.Object, int, java.lang.Object)'> (0x00000000d562f5b0) 
thrown [s\src\hotspot\share\interpreter\linkResolver.cpp, line 773]
Event: 1591.531 Thread 0x000002b9a2754390 Exception <a 'java/lang/NoSuchMethodError'{0x00000000d56966f8}: 'void java.lang.invoke.DirectMethodHandle$Holder.invokeSpecial(java.lang.Object, java.lang.Object, int)'> (0x00000000d56966f8) 
thrown [s\src\hotspot\share\interpreter\linkResolver.cpp, line 773]
Event: 1593.916 Thread 0x000002b9a1ab16d0 Implicit null exception at 0x000002b94e24bcf4 to 0x000002b94e24d0c0
Event: 1593.929 Thread 0x000002b9a1ab16d0 Implicit null exception at 0x000002b94e428de1 to 0x000002b94e428e9a
Event: 1593.935 Thread 0x000002b9a163dc40 Exception <a 'sun/nio/fs/WindowsException'{0x00000000d57ce460}> (0x00000000d57ce460) 
thrown [s\src\hotspot\share\prims\jni.cpp, line 520]
Event: 1593.950 Thread 0x000002b9a1ab16d0 Implicit null exception at 0x000002b94dff1fcd to 0x000002b94dff60c4
Event: 1594.084 Thread 0x000002b9a163dc40 Exception <a 'sun/nio/fs/WindowsException'{0x00000000d55946c0}> (0x00000000d55946c0) 
thrown [s\src\hotspot\share\prims\jni.cpp, line 520]
Event: 1597.557 Thread 0x000002b9a2754390 Exception <a 'java/lang/NoSuchMethodError'{0x00000000d55c28a8}: 'java.lang.Object java.lang.invoke.DirectMethodHandle$Holder.invokeStatic(java.lang.Object, int, java.lang.Object, java.lang.Object, java.lang.Object, java.lang.Object)'> (0x00000000d55c28a8) 
thrown [s\src\hotspot\share\interpreter\linkResolver.cpp, line 773]
Event: 1621.850 Thread 0x000002b9a163dc40 Exception <a 'sun/nio/fs/WindowsException'{0x00000000d599bce8}> (0x00000000d599bce8) 
thrown [s\src\hotspot\share\prims\jni.cpp, line 520]
Event: 1621.909 Thread 0x000002b9a1ab3110 Exception <a 'sun/nio/fs/WindowsException'{0x00000000d5802650}> (0x00000000d5802650) 
thrown [s\src\hotspot\share\prims\jni.cpp, line 520]

ZGC Phase Switch (0 events):
No events

VM Operations (20 events):
Event: 1620.470 Executing safepoint VM operation: ParallelGCFailedAllocation (Allocation Failure)
Event: 1620.475 Executing safepoint VM operation: ParallelGCFailedAllocation (Allocation Failure) done
Event: 1620.487 Executing safepoint VM operation: ParallelGCFailedAllocation (Allocation Failure)
Event: 1620.491 Executing safepoint VM operation: ParallelGCFailedAllocation (Allocation Failure) done
Event: 1620.513 Executing safepoint VM operation: ParallelGCFailedAllocation (Allocation Failure)
Event: 1620.517 Executing safepoint VM operation: ParallelGCFailedAllocation (Allocation Failure) done
Event: 1620.524 Executing safepoint VM operation: ParallelGCFailedAllocation (Allocation Failure)
Event: 1620.526 Executing safepoint VM operation: ParallelGCFailedAllocation (Allocation Failure) done
Event: 1620.536 Executing safepoint VM operation: ParallelGCFailedAllocation (Allocation Failure)
Event: 1620.541 Executing safepoint VM operation: ParallelGCFailedAllocation (Allocation Failure) done
Event: 1620.562 Executing safepoint VM operation: ParallelGCFailedAllocation (Allocation Failure)
Event: 1620.564 Executing safepoint VM operation: ParallelGCFailedAllocation (Allocation Failure) done
Event: 1621.743 Executing safepoint VM operation: ParallelGCFailedAllocation (Allocation Failure)
Event: 1621.746 Executing safepoint VM operation: ParallelGCFailedAllocation (Allocation Failure) done
Event: 1621.861 Executing safepoint VM operation: ParallelGCFailedAllocation (Allocation Failure)
Event: 1621.865 Executing safepoint VM operation: ParallelGCFailedAllocation (Allocation Failure) done
Event: 1621.881 Executing safepoint VM operation: ParallelGCFailedAllocation (Allocation Failure)
Event: 1621.886 Executing safepoint VM operation: ParallelGCFailedAllocation (Allocation Failure) done
Event: 1621.941 Executing safepoint VM operation: ParallelGCFailedAllocation (Allocation Failure)
Event: 1621.948 Executing safepoint VM operation: ParallelGCFailedAllocation (Allocation Failure) done

Memory protections (0 events):
No events

Nmethod flushes (20 events):
Event: 111.092 Thread 0x000002b9429e25d0 flushing  nmethod 0x000002b946992990
Event: 111.092 Thread 0x000002b9429e25d0 flushing  nmethod 0x000002b9469ac810
Event: 111.092 Thread 0x000002b9429e25d0 flushing  nmethod 0x000002b9469db690
Event: 111.092 Thread 0x000002b9429e25d0 flushing  nmethod 0x000002b946a18510
Event: 111.092 Thread 0x000002b9429e25d0 flushing  nmethod 0x000002b946a39f10
Event: 111.092 Thread 0x000002b9429e25d0 flushing  nmethod 0x000002b946a85310
Event: 111.092 Thread 0x000002b9429e25d0 flushing  nmethod 0x000002b946a89690
Event: 111.092 Thread 0x000002b9429e25d0 flushing  nmethod 0x000002b946a8ad90
Event: 111.092 Thread 0x000002b9429e25d0 flushing  nmethod 0x000002b946a8d590
Event: 111.092 Thread 0x000002b9429e25d0 flushing osr nmethod 0x000002b946aa2190
Event: 111.092 Thread 0x000002b9429e25d0 flushing  nmethod 0x000002b946aee690
Event: 111.092 Thread 0x000002b9429e25d0 flushing  nmethod 0x000002b946b02110
Event: 111.092 Thread 0x000002b9429e25d0 flushing  nmethod 0x000002b946b06690
Event: 111.092 Thread 0x000002b9429e25d0 flushing  nmethod 0x000002b946b28410
Event: 111.092 Thread 0x000002b9429e25d0 flushing osr nmethod 0x000002b946b29410
Event: 111.092 Thread 0x000002b9429e25d0 flushing  nmethod 0x000002b946b58e10
Event: 111.092 Thread 0x000002b9429e25d0 flushing  nmethod 0x000002b946b5a190
Event: 111.092 Thread 0x000002b9429e25d0 flushing  nmethod 0x000002b946b7d910
Event: 111.092 Thread 0x000002b9429e25d0 flushing  nmethod 0x000002b946bf0010
Event: 111.092 Thread 0x000002b9429e25d0 flushing  nmethod 0x000002b946c0be10

Events (20 events):
Event: 1594.096 Thread 0x000002b9a2755740 Thread added: 0x000002b9a2753670
Event: 1594.106 Thread 0x000002b9a2755740 Thread added: 0x000002b9a43aa630
Event: 1594.631 Thread 0x000002b9ae2853e0 Thread exited: 0x000002b9ae2853e0
Event: 1595.159 Thread 0x000002b9a2755740 Thread added: 0x000002b9a43aacc0
Event: 1597.524 Thread 0x000002b9a1ab16d0 Thread added: 0x000002b9a43a8bf0
Event: 1597.525 Thread 0x000002b9a1ab16d0 Thread added: 0x000002b9a43a9910
Event: 1597.618 Thread 0x000002b942a2f290 Thread added: 0x000002b9a4a65900
Event: 1601.109 Thread 0x000002b9a4a65900 Thread exited: 0x000002b9a4a65900
Event: 1601.109 Thread 0x000002b9a43a9910 Thread added: 0x000002b9a43a8560
Event: 1601.109 Thread 0x000002b9a2754390 Thread added: 0x000002b9a43a9fa0
Event: 1601.336 Thread 0x000002b942a2f290 Thread added: 0x000002b9a4a65900
Event: 1601.336 Thread 0x000002b942a2f290 Thread added: 0x000002b9a0678d00
Event: 1601.360 Thread 0x000002b9a2752950 Thread added: 0x000002b9a43ac700
Event: 1602.399 Thread 0x000002b9a0678d00 Thread exited: 0x000002b9a0678d00
Event: 1607.575 Thread 0x000002b9a4a65900 Thread exited: 0x000002b9a4a65900
Event: 1620.262 Thread 0x000002b942a2c9c0 Thread added: 0x000002b9a4a65900
Event: 1620.330 Thread 0x000002b942a2f290 Thread added: 0x000002b9a0678d00
Event: 1621.908 Thread 0x000002b9a163e960 Thread added: 0x000002b9a43ab9e0
Event: 1621.908 Thread 0x000002b9a163e960 Thread added: 0x000002b9a43ac070
Event: 1621.908 Thread 0x000002b9a163e960 Thread added: 0x000002b9a1ab3110


Dynamic libraries:
0x00007ff784530000 - 0x00007ff78453e000 	c:\Users\user\.vscode\extensions\redhat.java-1.53.0-win32-x64\jre\21.0.10-win32-x86_64\bin\java.exe
0x00007ffe5ce60000 - 0x00007ffe5d0c7000 	C:\WINDOWS\SYSTEM32\ntdll.dll
0x00007ffe5aed0000 - 0x00007ffe5af99000 	C:\WINDOWS\System32\KERNEL32.DLL
0x00007ffe59c50000 - 0x00007ffe5a041000 	C:\WINDOWS\System32\KERNELBASE.dll
0x00007ffe5a080000 - 0x00007ffe5a1cb000 	C:\WINDOWS\System32\ucrtbase.dll
0x00007ffe2d160000 - 0x00007ffe2d178000 	c:\Users\user\.vscode\extensions\redhat.java-1.53.0-win32-x64\jre\21.0.10-win32-x86_64\bin\jli.dll
0x00007ffe2f5c0000 - 0x00007ffe2f5de000 	c:\Users\user\.vscode\extensions\redhat.java-1.53.0-win32-x64\jre\21.0.10-win32-x86_64\bin\VCRUNTIME140.dll
0x00007ffe5ac10000 - 0x00007ffe5add5000 	C:\WINDOWS\System32\USER32.dll
0x00007ffe58840000 - 0x00007ffe58ad3000 	C:\WINDOWS\WinSxS\amd64_microsoft.windows.common-controls_6595b64144ccf1df_6.0.26100.8037_none_3e092faae333b53b\COMCTL32.dll
0x00007ffe5b1a0000 - 0x00007ffe5b249000 	C:\WINDOWS\System32\msvcrt.dll
0x00007ffe5a050000 - 0x00007ffe5a077000 	C:\WINDOWS\System32\win32u.dll
0x00007ffe5ade0000 - 0x00007ffe5ae0b000 	C:\WINDOWS\System32\GDI32.dll
0x00007ffe5a1d0000 - 0x00007ffe5a2fb000 	C:\WINDOWS\System32\gdi32full.dll
0x00007ffe59a30000 - 0x00007ffe59ad3000 	C:\WINDOWS\System32\msvcp_win.dll
0x00007ffe5c670000 - 0x00007ffe5c6a1000 	C:\WINDOWS\System32\IMM32.DLL
0x00007ffe463d0000 - 0x00007ffe463dc000 	c:\Users\user\.vscode\extensions\redhat.java-1.53.0-win32-x64\jre\21.0.10-win32-x86_64\bin\vcruntime140_1.dll
0x00007ffe0ad00000 - 0x00007ffe0ad8d000 	c:\Users\user\.vscode\extensions\redhat.java-1.53.0-win32-x64\jre\21.0.10-win32-x86_64\bin\msvcp140.dll
0x00007ffdc99c0000 - 0x00007ffdca761000 	c:\Users\user\.vscode\extensions\redhat.java-1.53.0-win32-x64\jre\21.0.10-win32-x86_64\bin\server\jvm.dll
0x00007ffe5ae10000 - 0x00007ffe5aecb000 	C:\WINDOWS\System32\ADVAPI32.dll
0x00007ffe5c210000 - 0x00007ffe5c2b7000 	C:\WINDOWS\System32\sechost.dll
0x00007ffe5c2f0000 - 0x00007ffe5c408000 	C:\WINDOWS\System32\RPCRT4.dll
0x00007ffe5b4a0000 - 0x00007ffe5b514000 	C:\WINDOWS\System32\WS2_32.dll
0x00007ffe595c0000 - 0x00007ffe5961e000 	C:\WINDOWS\SYSTEM32\POWRPROF.dll
0x00007ffe49e90000 - 0x00007ffe49e9b000 	C:\WINDOWS\SYSTEM32\VERSION.dll
0x00007ffe443b0000 - 0x00007ffe443e5000 	C:\WINDOWS\SYSTEM32\WINMM.dll
0x00007ffe595a0000 - 0x00007ffe595b4000 	C:\WINDOWS\SYSTEM32\UMPDC.dll
0x00007ffe57ba0000 - 0x00007ffe57bbb000 	C:\WINDOWS\SYSTEM32\kernel.appcore.dll
0x00007ffe463b0000 - 0x00007ffe463ba000 	c:\Users\user\.vscode\extensions\redhat.java-1.53.0-win32-x64\jre\21.0.10-win32-x86_64\bin\jimage.dll
0x00007ffe58ef0000 - 0x00007ffe59132000 	C:\WINDOWS\SYSTEM32\DBGHELP.DLL
0x00007ffe5bc70000 - 0x00007ffe5bff2000 	C:\WINDOWS\System32\combase.dll
0x00007ffe5b6a0000 - 0x00007ffe5b777000 	C:\WINDOWS\System32\OLEAUT32.dll
0x00007ffe58de0000 - 0x00007ffe58e1b000 	C:\WINDOWS\SYSTEM32\dbgcore.DLL
0x00007ffe598c0000 - 0x00007ffe59965000 	C:\WINDOWS\System32\bcryptPrimitives.dll
0x00007ffe45300000 - 0x00007ffe4530f000 	c:\Users\user\.vscode\extensions\redhat.java-1.53.0-win32-x64\jre\21.0.10-win32-x86_64\bin\instrument.dll
0x00007ffe2b450000 - 0x00007ffe2b470000 	c:\Users\user\.vscode\extensions\redhat.java-1.53.0-win32-x64\jre\21.0.10-win32-x86_64\bin\java.dll
0x00007ffe5c6b0000 - 0x00007ffe5ce0f000 	C:\WINDOWS\System32\SHELL32.dll
0x00007ffe59ae0000 - 0x00007ffe59c4a000 	C:\WINDOWS\System32\wintypes.dll
0x00007ffe5a300000 - 0x00007ffe5ab64000 	C:\WINDOWS\System32\windows.storage.dll
0x00007ffe5b5a0000 - 0x00007ffe5b697000 	C:\WINDOWS\System32\SHCORE.dll
0x00007ffe5c1a0000 - 0x00007ffe5c207000 	C:\WINDOWS\System32\shlwapi.dll
0x00007ffe59660000 - 0x00007ffe59689000 	C:\WINDOWS\SYSTEM32\profapi.dll
0x00007ffe280b0000 - 0x00007ffe280c8000 	c:\Users\user\.vscode\extensions\redhat.java-1.53.0-win32-x64\jre\21.0.10-win32-x86_64\bin\zip.dll
0x00007ffe45000000 - 0x00007ffe45010000 	C:\Users\user\.vscode\extensions\redhat.java-1.53.0-win32-x64\jre\21.0.10-win32-x86_64\bin\net.dll
0x00007ffe4b240000 - 0x00007ffe4b367000 	C:\WINDOWS\SYSTEM32\WINHTTP.dll
0x00007ffe580d0000 - 0x00007ffe5813b000 	C:\WINDOWS\system32\mswsock.dll
0x00007ffe29070000 - 0x00007ffe29086000 	C:\Users\user\.vscode\extensions\redhat.java-1.53.0-win32-x64\jre\21.0.10-win32-x86_64\bin\nio.dll
0x00007ffe44930000 - 0x00007ffe44940000 	c:\Users\user\.vscode\extensions\redhat.java-1.53.0-win32-x64\jre\21.0.10-win32-x86_64\bin\verify.dll
0x00007ffe11010000 - 0x00007ffe11055000 	C:\Users\user\AppData\Roaming\Code\User\globalStorage\redhat.java\1.53.0\config_win\org.eclipse.equinox.launcher\org.eclipse.equinox.launcher.win32.win32.x86_64_1.3.0.v20260203-2149\eclipse_11919.dll
0x00007ffe5c000000 - 0x00007ffe5c195000 	C:\WINDOWS\System32\ole32.dll
0x00007ffe59260000 - 0x00007ffe5927b000 	C:\WINDOWS\SYSTEM32\CRYPTSP.dll
0x00007ffe58210000 - 0x00007ffe58249000 	C:\WINDOWS\system32\rsaenh.dll
0x00007ffe58140000 - 0x00007ffe58172000 	C:\WINDOWS\SYSTEM32\USERENV.dll
0x00007ffe59630000 - 0x00007ffe5965a000 	C:\WINDOWS\SYSTEM32\bcrypt.dll
0x00007ffe583f0000 - 0x00007ffe583fc000 	C:\WINDOWS\SYSTEM32\CRYPTBASE.dll
0x00007ffe575f0000 - 0x00007ffe57623000 	C:\WINDOWS\SYSTEM32\IPHLPAPI.DLL
0x00007ffe5b490000 - 0x00007ffe5b49a000 	C:\WINDOWS\System32\NSI.dll
0x00007ffe2d2a0000 - 0x00007ffe2d2e9000 	C:\Users\user\AppData\Local\Temp\jna-3599307\jna18427242944225229797.dll
0x00007ffe5ac00000 - 0x00007ffe5ac08000 	C:\WINDOWS\System32\PSAPI.DLL
0x00007ffe4b6e0000 - 0x00007ffe4b6fd000 	C:\WINDOWS\SYSTEM32\dhcpcsvc6.DLL
0x00007ffe4b560000 - 0x00007ffe4b583000 	C:\WINDOWS\SYSTEM32\dhcpcsvc.DLL

JVMTI agents:
c:\Users\user\.vscode\extensions\redhat.java-1.53.0-win32-x64\lombok\lombok-1.18.39-4050.jar path:c:\Users\user\.vscode\extensions\redhat.java-1.53.0-win32-x64\jre\21.0.10-win32-x86_64\bin\instrument.dll, loaded, initialized, instrumentlib options:none

dbghelp: loaded successfully - version: 4.0.5 - missing functions: none
symbol engine: initialized successfully - sym options: 0x614 - pdb path: .;c:\Users\user\.vscode\extensions\redhat.java-1.53.0-win32-x64\jre\21.0.10-win32-x86_64\bin;C:\WINDOWS\SYSTEM32;C:\WINDOWS\WinSxS\amd64_microsoft.windows.common-controls_6595b64144ccf1df_6.0.26100.8037_none_3e092faae333b53b;c:\Users\user\.vscode\extensions\redhat.java-1.53.0-win32-x64\jre\21.0.10-win32-x86_64\bin\server;C:\Users\user\AppData\Roaming\Code\User\globalStorage\redhat.java\1.53.0\config_win\org.eclipse.equinox.launcher\org.eclipse.equinox.launcher.win32.win32.x86_64_1.3.0.v20260203-2149;C:\Users\user\AppData\Local\Temp\jna-3599307

VM Arguments:
jvm_args: --add-modules=ALL-SYSTEM --add-opens=java.base/java.util=ALL-UNNAMED --add-opens=java.base/java.lang=ALL-UNNAMED --add-opens=java.base/sun.nio.fs=ALL-UNNAMED -Declipse.application=org.eclipse.jdt.ls.core.id1 -Dosgi.bundles.defaultStartLevel=4 -Declipse.product=org.eclipse.jdt.ls.core.product -Djava.import.generatesMetadataFilesAtProjectRoot=false -DDetectVMInstallationsJob.disabled=true -Dfile.encoding=utf8 -XX:+UseParallelGC -XX:GCTimeRatio=4 -XX:AdaptiveSizePolicyWeight=90 -Dsun.zip.disableMemoryMapping=true -Xmx2G -Xms100m -Xlog:disable -javaagent:c:\Users\user\.vscode\extensions\redhat.java-1.53.0-win32-x64\lombok\lombok-1.18.39-4050.jar -XX:+HeapDumpOnOutOfMemoryError -XX:HeapDumpPath=c:\Users\user\AppData\Roaming\Code\User\workspaceStorage\67230564ebbaacde8c83c45484b6110f\redhat.java -Daether.dependencyCollector.impl=bf 
java_command: c:\Users\user\.vscode\extensions\redhat.java-1.53.0-win32-x64\server\plugins\org.eclipse.equinox.launcher_1.7.100.v20251111-0406.jar -configuration c:\Users\user\AppData\Roaming\Code\User\globalStorage\redhat.java\1.53.0\config_win -data c:\Users\user\AppData\Roaming\Code\User\workspaceStorage\67230564ebbaacde8c83c45484b6110f\redhat.java\jdt_ws --pipe=\\.\pipe\lsp-36d7a8e4550184bf2b0660b6e6352d67-sock
java_class_path (initial): c:\Users\user\.vscode\extensions\redhat.java-1.53.0-win32-x64\server\plugins\org.eclipse.equinox.launcher_1.7.100.v20251111-0406.jar
Launcher Type: SUN_STANDARD

[Global flags]
    uintx AdaptiveSizePolicyWeight                 = 90                                        {product} {command line}
     intx CICompilerCount                          = 4                                         {product} {ergonomic}
    uintx GCTimeRatio                              = 4                                         {product} {command line}
     bool HeapDumpOnOutOfMemoryError               = true                                   {manageable} {command line}
    ccstr HeapDumpPath                             = c:\Users\user\AppData\Roaming\Code\User\workspaceStorage\67230564ebbaacde8c83c45484b6110f\redhat.java         {manageable} {command line}
   size_t InitialHeapSize                          = 104857600                                 {product} {command line}
   size_t MaxHeapSize                              = 2147483648                                {product} {command line}
   size_t MaxNewSize                               = 715653120                                 {product} {ergonomic}
   size_t MinHeapDeltaBytes                        = 524288                                    {product} {ergonomic}
   size_t MinHeapSize                              = 104857600                                 {product} {command line}
   size_t NewSize                                  = 34603008                                  {product} {ergonomic}
    uintx NonNMethodCodeHeapSize                   = 5839372                                {pd product} {ergonomic}
    uintx NonProfiledCodeHeapSize                  = 122909434                              {pd product} {ergonomic}
   size_t OldSize                                  = 70254592                                  {product} {ergonomic}
    uintx ProfiledCodeHeapSize                     = 122909434                              {pd product} {ergonomic}
    uintx ReservedCodeCacheSize                    = 251658240                              {pd product} {ergonomic}
     bool SegmentedCodeCache                       = true                                      {product} {ergonomic}
   size_t SoftMaxHeapSize                          = 2147483648                             {manageable} {ergonomic}
     bool UseCompressedOops                        = true                           {product lp64_product} {ergonomic}
     bool UseLargePagesIndividualAllocation        = false                                  {pd product} {ergonomic}
     bool UseParallelGC                            = true                                      {product} {command line}

Logging:
Log output configuration:
 #0: stdout all=off uptime,level,tags foldmultilines=false
 #1: stderr all=off uptime,level,tags foldmultilines=false

Release file:
JAVA_VERSION="21.0.10" 
MODULES="java.base java.compiler java.datatransfer java.xml java.prefs java.desktop java.instrument java.logging java.management java.security.sasl java.naming java.rmi java.management.rmi java.net.http java.scripting java.security.jgss java.transaction.xa java.sql java.sql.rowset java.xml.crypto java.se java.smartcardio jdk.accessibility jdk.internal.jvmstat jdk.attach jdk.charsets jdk.internal.opt jdk.zipfs jdk.compiler jdk.crypto.ec jdk.crypto.cryptoki jdk.crypto.mscapi jdk.dynalink jdk.internal.ed jdk.editpad jdk.hotspot.agent jdk.httpserver jdk.internal.le jdk.internal.vm.ci jdk.internal.vm.compiler jdk.internal.vm.compiler.management jdk.jartool jdk.javadoc jdk.jcmd jdk.management jdk.management.agent jdk.jconsole jdk.jdeps jdk.jdwp.agent jdk.jdi jdk.jfr jdk.jshell jdk.jsobject jdk.jstatd jdk.localedata jdk.management.jfr jdk.naming.dns jdk.naming.rmi jdk.net jdk.nio.mapmode jdk.random jdk.sctp jdk.security.auth jdk.security.jgss jdk.unsupported jdk.unsupported.desktop jdk.xml.dom" 

Environment Variables:
PATH=C:\Program Files\Microsoft VS Code;C:\Program Files\Common Files\Oracle\Java\javapath;C:\WINDOWS\system32;C:\WINDOWS;C:\WINDOWS\System32\Wbem;C:\WINDOWS\System32\WindowsPowerShell\v1.0\;C:\WINDOWS\System32\OpenSSH\;C:\Program Files\Microsoft VS Code\bin;C:\Program Files (x86)\Microsoft SQL Server\170\Tools\Binn\;C:\Program Files\Microsoft SQL Server\170\Tools\Binn\;C:\Program Files\Microsoft SQL Server\Client SDK\ODBC\180\Tools\Binn\;C:\Program Files\Microsoft SQL Server\170\DTS\Binn\;C:\Program Files\Git\cmd;%NVM_HOME%;%NVM_SYMLINK%;C:\Users\user\AppData\Local\Microsoft\WindowsApps;C:\Users\user\AppData\Local\nvm;C:\nvm4w\nodejs
USERNAME=user
OS=Windows_NT
PROCESSOR_IDENTIFIER=Intel64 Family 6 Model 126 Stepping 5, GenuineIntel
TMP=C:\Users\user\AppData\Local\Temp
TEMP=C:\Users\user\AppData\Local\Temp




Periodic native trim disabled

---------------  S Y S T E M  ---------------

OS:
 Windows 11 , 64 bit Build 26100 (10.0.26100.7920)
OS uptime: 5 days 10:31 hours

CPU: total 8 (initial active 8) (4 cores per cpu, 2 threads per core) family 6 model 126 stepping 5 microcode 0xb0, cx8, cmov, fxsr, ht, mmx, 3dnowpref, sse, sse2, sse3, ssse3, sse4.1, sse4.2, popcnt, lzcnt, tsc, tscinvbit, avx, avx2, aes, erms, clmul, bmi1, bmi2, adx, avx512f, avx512dq, avx512cd, avx512bw, avx512vl, sha, fma, vzeroupper, avx512_vpopcntdq, avx512_vpclmulqdq, avx512_vaes, avx512_vnni, clflush, clflushopt, avx512_vbmi2, avx512_vbmi, rdtscp, rdpid, fsrm, gfni, avx512_bitalg, f16c, pku, avx512_ifma
Processor Information for the first 8 processors :
  Max Mhz: 1498, Current Mhz: 1098, Mhz Limit: 1093

Memory: 4k page, system-wide physical 7987M (588M free)
TotalPageFile size 14422M (AvailPageFile size 986M)
current process WorkingSet (physical memory assigned to process): 882M, peak: 885M
current process commit charge ("private bytes"): 1521M, peak: 1524M

vm_info: OpenJDK 64-Bit Server VM (21.0.10+7-LTS) for windows-amd64 JRE (21.0.10+7-LTS), built on 2026-01-20T00:00:00Z by "admin" with MS VC++ 17.12 (VS2022)

END.
