#
# A fatal error has been detected by the Java Runtime Environment:
#
#  EXCEPTION_ACCESS_VIOLATION (0xc0000005) at pc=0x00007ffc9e071894, pid=8360, tid=20440
#
# JRE version: OpenJDK Runtime Environment Temurin-21.0.10+7 (21.0.10+7) (build 21.0.10+7-LTS)
# Java VM: OpenJDK 64-Bit Server VM Temurin-21.0.10+7 (21.0.10+7-LTS, mixed mode, sharing, tiered, compressed oops, compressed class ptrs, parallel gc, windows-amd64)
# Problematic frame:
# V  [jvm.dll+0x6e1894]
#
# No core dump will be written. Minidumps are not enabled by default on client versions of Windows
#
# If you would like to submit a bug report, please visit:
#   https://github.com/adoptium/adoptium-support/issues
#

---------------  S U M M A R Y ------------

Command Line: --add-modules=ALL-SYSTEM --add-opens=java.base/java.util=ALL-UNNAMED --add-opens=java.base/java.lang=ALL-UNNAMED --add-opens=java.base/sun.nio.fs=ALL-UNNAMED -Declipse.application=org.eclipse.jdt.ls.core.id1 -Dosgi.bundles.defaultStartLevel=4 -Declipse.product=org.eclipse.jdt.ls.core.product -Djava.import.generatesMetadataFilesAtProjectRoot=false -DDetectVMInstallationsJob.disabled=true -Dfile.encoding=utf8 -XX:+UseParallelGC -XX:GCTimeRatio=4 -XX:AdaptiveSizePolicyWeight=90 -Dsun.zip.disableMemoryMapping=true -Xmx2G -Xms100m -Xlog:disable -javaagent:c:\Users\user\.vscode\extensions\redhat.java-1.54.0-win32-x64\lombok\lombok-1.18.39-4050.jar -XX:+HeapDumpOnOutOfMemoryError -XX:HeapDumpPath=c:\Users\user\AppData\Roaming\Code\User\workspaceStorage\67230564ebbaacde8c83c45484b6110f\redhat.java -Daether.dependencyCollector.impl=bf c:\Users\user\.vscode\extensions\redhat.java-1.54.0-win32-x64\server\plugins\org.eclipse.equinox.launcher_1.7.100.v20251111-0406.jar -configuration c:\Users\user\AppData\Roaming\Code\User\globalStorage\redhat.java\1.54.0\config_win -data c:\Users\user\AppData\Roaming\Code\User\workspaceStorage\67230564ebbaacde8c83c45484b6110f\redhat.java\jdt_ws --pipe=\\.\pipe\lsp-3743d4873578250f0b82f5f9657879da-sock

Host: Intel(R) Core(TM) i5-1035G4 CPU @ 1.10GHz, 8 cores, 7G,  Windows 11 , 64 bit Build 26100 (10.0.26100.7920)
Time: Fri Apr 17 22:11:33 2026 Hora est. Pacífico, Sudamérica elapsed time: 983.715246 seconds (0d 0h 16m 23s)

---------------  T H R E A D  ---------------

Current thread (0x00000299d66396d0):  WorkerThread "GC Thread#0"    [id=20440, stack(0x000000b3f2b00000,0x000000b3f2c00000) (1024K)]

Stack: [0x000000b3f2b00000,0x000000b3f2c00000],  sp=0x000000b3f2bff5a0,  free space=1021k
Native frames: (J=compiled Java code, j=interpreted, Vv=VM code, C=native code)
V  [jvm.dll+0x6e1894]
V  [jvm.dll+0x6e215e]
V  [jvm.dll+0x70cb9f]
V  [jvm.dll+0x70c2ad]
V  [jvm.dll+0x71341d]
V  [jvm.dll+0x71425c]
V  [jvm.dll+0x8e2b41]
V  [jvm.dll+0x85f59d]
V  [jvm.dll+0x6d626d]
C  [ucrtbase.dll+0x37b0]
C  [KERNEL32.DLL+0x2e8d7]
C  [ntdll.dll+0x8c48c]


siginfo: EXCEPTION_ACCESS_VIOLATION (0xc0000005), reading address 0xffffffffffffffff


Registers:
RAX=0x1ffffffff0000020, RBX=0x0000000000000100, RCX=0x0000000000000020, RDX=0x00000299e8ad0000
RSP=0x000000b3f2bff5a0, RBP=0x000000b3f2bff630, RSI=0x00000000a90db1f4, RDI=0x00000299d66dc280
R8 =0x007fffffffc00000, R9 =0x0000000000000109, R10=0x00000000a90db1f8, R11=0x0000000000000521
R12=0x00007ffc9e5d8250, R13=0x000000b3f2dfeb80, R14=0x00000299815f5970, R15=0x00000000a90db1c0
RIP=0x00007ffc9e071894, EFLAGS=0x0000000000010207

XMM[0]=0x0000000000001000 0x00000000a8ec8ae8
XMM[1]=0x0000000000000000 0x000000b3f49ff3c0
XMM[2]=0x0000000000000000 0x0000000000000000
XMM[3]=0x0000000000000000 0x0000000000000000
XMM[4]=0x0000000000000000 0x0000000000000000
XMM[5]=0x0000000000000000 0x0000000000000000
XMM[6]=0x0000000000000000 0x0000000000000000
XMM[7]=0x0000000000000000 0x0000000000000000
XMM[8]=0x0000000000000000 0x0000000000000000
XMM[9]=0x0000000000000000 0x0000000000000000
XMM[10]=0x0000000000000000 0x0000000000000000
XMM[11]=0x0000000000000000 0x0000000000000000
XMM[12]=0x0000000000000000 0x0000000000000000
XMM[13]=0x0000000000000000 0x0000000000000000
XMM[14]=0x0000000000000000 0x0000000000000000
XMM[15]=0x0000000000000000 0x0000000000000000
  MXCSR=0x00001fa0


Register to memory mapping:

RAX=0x1ffffffff0000020 is an unknown value
RBX=0x0000000000000100 is an unknown value
RCX=0x0000000000000020 is an unknown value
RDX=0x00000299e8ad0000 points into unknown readable memory: 0x4925000000000001 | 01 00 00 00 00 00 25 49
RSP=0x000000b3f2bff5a0 points into unknown readable memory: 0x00007ffc9e4295a0 | a0 95 42 9e fc 7f 00 00
RBP=0x000000b3f2bff630 points into unknown readable memory: 0x00007ffc9e4295a0 | a0 95 42 9e fc 7f 00 00
RSI=0x00000000a90db1f4 is pointing into object: org.eclipse.jdt.internal.core.BinaryMethod 
{0x00000000a90db1c0} - klass: 'org/eclipse/jdt/internal/core/BinaryMethod'
 - ---- fields (total size 7 words):
 - private 'hashCode' 'I' @12  528127923 (0x1f7a97b3)
 - private final 'parent' 'Lorg/eclipse/jdt/internal/core/JavaElement;' @16  a 'org/eclipse/jdt/internal/core/BinaryType'{0x00000000a90196f8} (0xa90196f8)
 - private final 'project' 'Lorg/eclipse/jdt/internal/core/JavaProject;' @20  a 'org/eclipse/jdt/internal/core/JavaProject'{0x000000008176f398} (0x8176f398)
 - private 'occurrenceCount' 'I' @24  1 (0x00000001)
 - protected final 'name' 'Ljava/lang/String;' @28  "setDouble"{0x00000000a8f860f0} (0xa8f860f0)
 - protected final 'parameterTypes' '[Ljava/lang/String;' @32  a 'java/lang/String'[2] {0x00000000a90db1f8} (0xa90db1f8)
 - protected 'erasedParamaterTypes' '[Ljava/lang/String;' @36  a 'java/lang/String'[2] {0x00000000a90db1f8} (0xa90db1f8)
 - protected 'parameterNames' '[Ljava/lang/String;' @40  null (0x00000000)
 - protected 'exceptionTypes' '[Ljava/lang/String;' @44  null (0x00000000)
 - protected 'returnType' 'Ljava/lang/String;' @48  
[error occurred during error reporting (printing register info), id 0xc0000005, EXCEPTION_ACCESS_VIOLATION (0xc0000005) at pc=0x00007ffc9e0527ad]
RDI=0x00000299d66dc280 points into unknown readable memory: 0x00000299d654f270 | 70 f2 54 d6 99 02 00 00
R8 =0x007fffffffc00000 is an unknown value
R9 =0x0000000000000109 is an unknown value
R10=0x00000000a90db1f8 is an oop: [Ljava.lang.String; 
{0x00000000a90db1f8} - klass: 'java/lang/String'[]
 - length: 2
R11=0x0000000000000521 is an unknown value
R12=0x00007ffc9e5d8250 jvm.dll
R13=0x000000b3f2dfeb80 points into unknown readable memory: 0x00007ffc9e42a000 | 00 a0 42 9e fc 7f 00 00
R14=0x00000299815f5970 is a pointer to class: 
org.eclipse.jdt.core.ILocalVariable {0x00000299815f5978}
 - instance size:     2
 - klass size:        64
 - access:            public interface abstract 
 - flags:             rewritten should_verify_class has_miranda_methods 
 - state:             linked
 - name:              'org/eclipse/jdt/core/ILocalVariable'
 - super:             'java/lang/Object'
 - sub:               
 - nof implementors:  1
 - implementor:    
   'org/eclipse/jdt/internal/core/LocalVariable'
 - arrays:            'org/eclipse/jdt/core/ILocalVariable'[]
 - methods:           Array<T>(0x00000299f1d24dc0)
 - method ordering:   Array<T>(0x0000029980a80370)
 - local interfaces:  Array<T>(0x00000299f1d24da0)
 - trans. interfaces: Array<T>(0x00000299f1d251f0)
 - secondary supers: Array<T>(0x00000299f1d25238)
 - hash_slot:         54
 - bitmap:            0x0000840001080000
 - constants:         constant pool [26] {0x00000299f1d24c60} for 'org/eclipse/jdt/core/ILocalVariable' cache=0x00000299f20e44d0
 - class loader data:  loader data: 0x00000299f3fded80 for instance a 'org/eclipse/osgi/internal/loader/EquinoxClassLoader'{0x000000008052c6d8}
 - source file:       'ILocalVariable.java'
 - inner classes:     Array<T>(0x0000029980611238)
 - nest members:     Array<T>(0x0000029980611238)
 - permitted subclasses:     Array<T>(0x0000029980611238)
 - java mirror:       a 'java/lang/Class'{0x0000000081b17258} = 'org/eclipse/jdt/core/ILocalVariable'
 - vtable length      5  (start addr: 0x00000299815f5b40)
 - itable length      0 (start addr: 0x00000299815f5b68)
 - ---- static fields (0 words):
 - ---- non-static fields (0 words):
 - non-static oop maps: 
R15=0x00000000a90db1c0 is an oop: org.eclipse.jdt.internal.core.BinaryMethod 
{0x00000000a90db1c0} - klass: 'org/eclipse/jdt/internal/core/BinaryMethod'
 - ---- fields (total size 7 words):
 - private 'hashCode' 'I' @12  528127923 (0x1f7a97b3)
 - private final 'parent' 'Lorg/eclipse/jdt/internal/core/JavaElement;' @16  a 'org/eclipse/jdt/internal/core/BinaryType'{0x00000000a90196f8} (0xa90196f8)
 - private final 'project' 'Lorg/eclipse/jdt/internal/core/JavaProject;' @20  a 'org/eclipse/jdt/internal/core/JavaProject'{0x000000008176f398} (0x8176f398)
 - private 'occurrenceCount' 'I' @24  1 (0x00000001)
 - protected final 'name' 'Ljava/lang/String;' @28  "setDouble"{0x00000000a8f860f0} (0xa8f860f0)
 - protected final 'parameterTypes' '[Ljava/lang/String;' @32  a 'java/lang/String'[2] {0x00000000a90db1f8} (0xa90db1f8)
 - protected 'erasedParamaterTypes' '[Ljava/lang/String;' @36  a 'java/lang/String'[2] {0x00000000a90db1f8} (0xa90db1f8)
 - protected 'parameterNames' '[Ljava/lang/String;' @40  null (0x00000000)
 - protected 'exceptionTypes' '[Ljava/lang/String;' @44  null (0x00000000)
 - protected 'returnType' 'Ljava/lang/String;' @48  
[error occurred during error reporting (printing register info, attempt 2), id 0xc0000005, EXCEPTION_ACCESS_VIOLATION (0xc0000005) at pc=0x00007ffc9e0527ad]

Top of Stack: (sp=0x000000b3f2bff5a0)
0x000000b3f2bff5a0:   00007ffc9e4295a0 00007ffc9e07417a
0x000000b3f2bff5b0:   00000000a9274830 00000000a9274828
0x000000b3f2bff5c0:   00000299815f5968 00007ffc9e07215e
0x000000b3f2bff5d0:   00000000a90db1f0 00007ffc9e09c0ea
0x000000b3f2bff5e0:   0000000000000000 00007ffc9e5d8250
0x000000b3f2bff5f0:   00007ffc9e4295a0 0000000000000000
0x000000b3f2bff600:   00000000a90db1c0 00007ffc9e09cb9f
0x000000b3f2bff610:   0000000000000108 00000299d66dc280
0x000000b3f2bff620:   00007ffc9e3877e0 0000000082351ccc
0x000000b3f2bff630:   00007ffc9e4295a0 00000299d6633830
0x000000b3f2bff640:   000000b300000004 00000299d66dc280
0x000000b3f2bff650:   0000000000000000 00000299d66dc548
0x000000b3f2bff660:   00007ffc9e5d8250 0000000000000007
0x000000b3f2bff670:   00000299d66dc280 00007ffc9e09c2ad
0x000000b3f2bff680:   00000000a89a0338 00000000a8eccaf0
0x000000b3f2bff690:   00000299d66dc548 0000000000000005
0x000000b3f2bff6a0:   0000000000000000 0000000000000000
0x000000b3f2bff6b0:   00007ffc9e4295a0 0000000000000000
0x000000b3f2bff6c0:   00000299d66dc280 0000000000000007
0x000000b3f2bff6d0:   000000b3f2dfecc0 00007ffc9e0a341d
0x000000b3f2bff6e0:   0000000000000005 000000b3f2dfecc0
0x000000b3f2bff6f0:   0000000000000005 00007ffc9e09c2ad
0x000000b3f2bff700:   00000000a8ec8ae8 00007ffc00000800
0x000000b3f2bff710:   00000299d66dc548 0000000000000005
0x000000b3f2bff720:   0000000000000000 0000000000000000
0x000000b3f2bff730:   000000b3f2dfec88 0000000000000020
0x000000b3f2bff740:   00000299d66dc280 0000000000000000
0x000000b3f2bff750:   00000299d657a980 00007ffc9e0a425c
0x000000b3f2bff760:   0000000000000005 0000000000000001
0x000000b3f2bff770:   0000000000000000 000000b3f2dff398
0x000000b3f2bff780:   000000b300000007 00007ffc9e429e10
0x000000b3f2bff790:   00000299d66dc280 00007ffc9e429ff0 

Instructions: (pc=0x00007ffc9e071894)
0x00007ffc9e071794:   84 9a 00 00 00 48 8b 15 e0 1a 5e 00 48 8b c3 8b
0x00007ffc9e0717a4:   0d 03 8a 55 00 48 2b 02 48 8b 52 10 48 c1 e8 03
0x00007ffc9e0717b4:   48 d3 e8 4c 8b c0 24 3f 49 c1 e8 06 0f b6 c8 4a
0x00007ffc9e0717c4:   8b 04 c2 48 0f a3 c8 72 66 48 8b cb e8 bb 28 00
0x00007ffc9e0717d4:   00 84 c0 74 5a 48 8b d3 48 8b cf e8 cc 2a 00 00
0x00007ffc9e0717e4:   80 3d 16 2b 5e 00 00 74 46 80 3d 6b 8d 55 00 00
0x00007ffc9e0717f4:   74 15 8b 43 08 8b 0d 39 78 55 00 48 d3 e0 48 03
0x00007ffc9e071804:   05 27 78 55 00 eb 04 48 8b 43 08 48 3b 05 a2 17
0x00007ffc9e071814:   60 00 75 1b 48 8b cb e8 b0 23 00 00 84 c0 74 0f
0x00007ffc9e071824:   48 8d 8f 80 08 00 00 48 8b d3 e8 fd fc 0c 00 48
0x00007ffc9e071834:   8b 5c 24 30 48 83 c4 20 5f c3 cc cc 40 57 48 83
0x00007ffc9e071844:   ec 20 8b 02 48 8b f9 85 c0 0f 84 bb 00 00 00 8b
0x00007ffc9e071854:   0d cf 77 55 00 48 8b 15 20 1a 5e 00 48 89 5c 24
0x00007ffc9e071864:   30 8b d8 48 d3 e3 48 03 1d af 77 55 00 8b 0d 35
0x00007ffc9e071874:   89 55 00 48 8b c3 48 2b 02 48 8b 52 10 48 c1 e8
0x00007ffc9e071884:   03 48 d3 e8 4c 8b c0 24 3f 49 c1 e8 06 0f b6 c8
0x00007ffc9e071894:   4a 8b 04 c2 48 0f a3 c8 72 6b 48 8b cb e8 ea 27
0x00007ffc9e0718a4:   00 00 84 c0 74 5f 48 8b d3 48 8b cf e8 fb 29 00
0x00007ffc9e0718b4:   00 80 3d 45 2a 5e 00 00 74 4b 48 85 db 74 46 80
0x00007ffc9e0718c4:   3d 95 8c 55 00 00 74 15 8b 43 08 8b 0d 63 77 55
0x00007ffc9e0718d4:   00 48 d3 e0 48 03 05 51 77 55 00 eb 04 48 8b 43
0x00007ffc9e0718e4:   08 48 3b 05 cc 16 60 00 75 1b 48 8b cb e8 da 22
0x00007ffc9e0718f4:   00 00 84 c0 74 0f 48 8d 8f 80 08 00 00 48 8b d3
0x00007ffc9e071904:   e8 27 fc 0c 00 48 8b 5c 24 30 48 83 c4 20 5f c3
0x00007ffc9e071914:   cc cc cc cc cc cc cc cc cc cc cc cc 48 89 5c 24
0x00007ffc9e071924:   18 56 57 41 55 41 56 41 57 48 83 ec 20 4c 63 91
0x00007ffc9e071934:   ac 00 00 00 4d 8b f0 4c 63 89 24 01 00 00 49 83
0x00007ffc9e071944:   c2 3a 8b 81 20 01 00 00 4d 03 d1 48 89 6c 24 50
0x00007ffc9e071954:   49 03 c2 4c 89 64 24 58 4c 8b fa 4c 8b e9 4a 8d
0x00007ffc9e071964:   2c d5 00 00 00 00 4c 8d 24 c5 00 00 00 00 48 03
0x00007ffc9e071974:   e9 4c 03 e1 49 3b ec 73 4b 0f 1f 00 48 63 5d 00
0x00007ffc9e071984:   8b 45 04 49 03 df 48 8d 34 c3 48 3b de 73 2c 48 


Stack slot to memory mapping:

stack at sp + 0 slots: 0x00007ffc9e4295a0 jvm.dll
stack at sp + 1 slots: 0x00007ffc9e07417a jvm.dll
stack at sp + 2 slots: 0x00000000a9274830 is an oop: [C 
{0x00000000a9274830} - klass: {type array char}
 - length: 19
stack at sp + 3 slots: 0x00000000a9274828 is pointing into object: [[C 
{0x00000000a9274818} - klass: {type array char}[]
 - length: 1
stack at sp + 4 slots: 0x00000299815f5968 is pointing into metadata
stack at sp + 5 slots: 0x00007ffc9e07215e jvm.dll
stack at sp + 6 slots: 0x00000000a90db1f0 is pointing into object: org.eclipse.jdt.internal.core.BinaryMethod 
{0x00000000a90db1c0} - klass: 'org/eclipse/jdt/internal/core/BinaryMethod'
 - ---- fields (total size 7 words):
 - private 'hashCode' 'I' @12  528127923 (0x1f7a97b3)
 - private final 'parent' 'Lorg/eclipse/jdt/internal/core/JavaElement;' @16  a 'org/eclipse/jdt/internal/core/BinaryType'{0x00000000a90196f8} (0xa90196f8)
 - private final 'project' 'Lorg/eclipse/jdt/internal/core/JavaProject;' @20  a 'org/eclipse/jdt/internal/core/JavaProject'{0x000000008176f398} (0x8176f398)
 - private 'occurrenceCount' 'I' @24  1 (0x00000001)
 - protected final 'name' 'Ljava/lang/String;' @28  "setDouble"{0x00000000a8f860f0} (0xa8f860f0)
 - protected final 'parameterTypes' '[Ljava/lang/String;' @32  a 'java/lang/String'[2] {0x00000000a90db1f8} (0xa90db1f8)
 - protected 'erasedParamaterTypes' '[Ljava/lang/String;' @36  a 'java/lang/String'[2] {0x00000000a90db1f8} (0xa90db1f8)
 - protected 'parameterNames' '[Ljava/lang/String;' @40  null (0x00000000)
 - protected 'exceptionTypes' '[Ljava/lang/String;' @44  null (0x00000000)
 - protected 'returnType' 'Ljava/lang/String;' @48  
[error occurred during error reporting (inspecting top of stack), id 0xc0000005, EXCEPTION_ACCESS_VIOLATION (0xc0000005) at pc=0x00007ffc9e0527ad]
stack at sp + 7 slots: 0x00007ffc9e09c0ea jvm.dll


---------------  P R O C E S S  ---------------

Threads class SMR info:
_java_thread_list=0x00000299f77ac620, length=48, elements={
0x00000299d661a3c0, 0x00000299d658d3a0, 0x00000299d658f4c0, 0x00000299d6595de0,
0x00000299d6596840, 0x00000299d659b6c0, 0x00000299d659c120, 0x00000299d659cf60,
0x00000299ee860060, 0x00000299eea15460, 0x00000299eea8cc30, 0x00000299f37a3f20,
0x00000299f38b4cf0, 0x00000299f392f890, 0x00000299f39265c0, 0x00000299f36d6b40,
0x00000299f3d58310, 0x00000299f3fd8650, 0x00000299ee92ec60, 0x00000299ee92d220,
0x00000299ee92df40, 0x00000299f5f02150, 0x00000299f5f027e0, 0x00000299f5f04220,
0x00000299f5f048b0, 0x00000299f5f03b90, 0x00000299f5f04f40, 0x00000299f5f055d0,
0x00000299f5f02e70, 0x00000299f5f03500, 0x00000299f5903340, 0x00000299f58ffec0,
0x00000299f59039d0, 0x00000299f5901270, 0x00000299f5901f90, 0x00000299f5902cb0,
0x00000299f5900be0, 0x00000299f5905aa0, 0x00000299f5904d80, 0x00000299f5906130,
0x00000299f59067c0, 0x00000299f59074e0, 0x00000299f94c2ea0, 0x00000299f94c2180,
0x00000299f94c5600, 0x00000299f33f9850, 0x00000299f33f63d0, 0x00000299f33f84a0
}

Java Threads: ( => current thread )
  0x00000299d661a3c0 JavaThread "main"                              [_thread_blocked, id=17792, stack(0x000000b3f2a00000,0x000000b3f2b00000) (1024K)]
  0x00000299d658d3a0 JavaThread "Reference Handler"          daemon [_thread_blocked, id=1640, stack(0x000000b3f2e00000,0x000000b3f2f00000) (1024K)]
  0x00000299d658f4c0 JavaThread "Finalizer"                  daemon [_thread_blocked, id=3724, stack(0x000000b3f2f00000,0x000000b3f3000000) (1024K)]
  0x00000299d6595de0 JavaThread "Signal Dispatcher"          daemon [_thread_blocked, id=20292, stack(0x000000b3f3000000,0x000000b3f3100000) (1024K)]
  0x00000299d6596840 JavaThread "Attach Listener"            daemon [_thread_blocked, id=19816, stack(0x000000b3f3100000,0x000000b3f3200000) (1024K)]
  0x00000299d659b6c0 JavaThread "Service Thread"             daemon [_thread_blocked, id=9464, stack(0x000000b3f3200000,0x000000b3f3300000) (1024K)]
  0x00000299d659c120 JavaThread "Monitor Deflation Thread"   daemon [_thread_blocked, id=18956, stack(0x000000b3f3300000,0x000000b3f3400000) (1024K)]
  0x00000299d659cf60 JavaThread "C2 CompilerThread0"         daemon [_thread_blocked, id=14704, stack(0x000000b3f3400000,0x000000b3f3500000) (1024K)]
  0x00000299ee860060 JavaThread "C1 CompilerThread0"         daemon [_thread_blocked, id=18152, stack(0x000000b3f3500000,0x000000b3f3600000) (1024K)]
  0x00000299eea15460 JavaThread "Common-Cleaner"             daemon [_thread_blocked, id=19260, stack(0x000000b3f3600000,0x000000b3f3700000) (1024K)]
  0x00000299eea8cc30 JavaThread "Notification Thread"        daemon [_thread_blocked, id=4036, stack(0x000000b3f3700000,0x000000b3f3800000) (1024K)]
  0x00000299f37a3f20 JavaThread "Active Thread: Equinox Container: 85dcb8a9-0f0b-408b-81d3-a6834831ca19"        [_thread_blocked, id=11932, stack(0x000000b3f4000000,0x000000b3f4100000) (1024K)]
  0x00000299f38b4cf0 JavaThread "Refresh Thread: Equinox Container: 85dcb8a9-0f0b-408b-81d3-a6834831ca19" daemon [_thread_blocked, id=8208, stack(0x000000b3f4200000,0x000000b3f4300000) (1024K)]
  0x00000299f392f890 JavaThread "Framework Event Dispatcher: Equinox Container: 85dcb8a9-0f0b-408b-81d3-a6834831ca19" daemon [_thread_blocked, id=11532, stack(0x000000b3f4300000,0x000000b3f4400000) (1024K)]
  0x00000299f39265c0 JavaThread "Start Level: Equinox Container: 85dcb8a9-0f0b-408b-81d3-a6834831ca19" daemon [_thread_blocked, id=7864, stack(0x000000b3f4400000,0x000000b3f4500000) (1024K)]
  0x00000299f36d6b40 JavaThread "Bundle File Closer"         daemon [_thread_blocked, id=19636, stack(0x000000b3f4500000,0x000000b3f4600000) (1024K)]
  0x00000299f3d58310 JavaThread "SCR Component Actor"        daemon [_thread_blocked, id=6288, stack(0x000000b3f3900000,0x000000b3f3a00000) (1024K)]
  0x00000299f3fd8650 JavaThread "Worker-JM"                         [_thread_blocked, id=19516, stack(0x000000b3f4700000,0x000000b3f4800000) (1024K)]
  0x00000299ee92ec60 JavaThread "JNA Cleaner"                daemon [_thread_blocked, id=20172, stack(0x000000b3f3800000,0x000000b3f3900000) (1024K)]
  0x00000299ee92d220 JavaThread "Java indexing"              daemon [_thread_blocked, id=6752, stack(0x000000b3f4d00000,0x000000b3f4e00000) (1024K)]
  0x00000299ee92df40 JavaThread "Thread-1"                   daemon [_thread_in_native, id=14160, stack(0x000000b3f5200000,0x000000b3f5300000) (1024K)]
  0x00000299f5f02150 JavaThread "Thread-2"                   daemon [_thread_blocked, id=10864, stack(0x000000b3f5300000,0x000000b3f5400000) (1024K)]
  0x00000299f5f027e0 JavaThread "Thread-3"                   daemon [_thread_in_native, id=19368, stack(0x000000b3f5400000,0x000000b3f5500000) (1024K)]
  0x00000299f5f04220 JavaThread "Thread-4"                   daemon [_thread_in_native, id=14004, stack(0x000000b3f5500000,0x000000b3f5600000) (1024K)]
  0x00000299f5f048b0 JavaThread "Thread-5"                   daemon [_thread_in_native, id=20360, stack(0x000000b3f5600000,0x000000b3f5700000) (1024K)]
  0x00000299f5f03b90 JavaThread "Thread-6"                   daemon [_thread_in_native, id=10640, stack(0x000000b3f5700000,0x000000b3f5800000) (1024K)]
  0x00000299f5f04f40 JavaThread "Thread-7"                   daemon [_thread_in_native, id=16896, stack(0x000000b3f5800000,0x000000b3f5900000) (1024K)]
  0x00000299f5f055d0 JavaThread "Thread-8"                   daemon [_thread_in_native, id=12392, stack(0x000000b3f5900000,0x000000b3f5a00000) (1024K)]
  0x00000299f5f02e70 JavaThread "Thread-9"                   daemon [_thread_in_native, id=2900, stack(0x000000b3f5a00000,0x000000b3f5b00000) (1024K)]
  0x00000299f5f03500 JavaThread "pool-2-thread-1"                   [_thread_blocked, id=14488, stack(0x000000b3f5b00000,0x000000b3f5c00000) (1024K)]
  0x00000299f5903340 JavaThread "WorkspaceEventsHandler"            [_thread_blocked, id=15560, stack(0x000000b3f5c00000,0x000000b3f5d00000) (1024K)]
  0x00000299f58ffec0 JavaThread "pool-1-thread-1"                   [_thread_blocked, id=16540, stack(0x000000b3f5d00000,0x000000b3f5e00000) (1024K)]
  0x00000299f59039d0 JavaThread "ForkJoinPool.commonPool-worker-1" daemon [_thread_blocked, id=10408, stack(0x000000b3f5e00000,0x000000b3f5f00000) (1024K)]
  0x00000299f5901270 JavaThread "ForkJoinPool.commonPool-worker-2" daemon [_thread_blocked, id=18632, stack(0x000000b3f5f00000,0x000000b3f6000000) (1024K)]
  0x00000299f5901f90 JavaThread "ForkJoinPool.commonPool-worker-4" daemon [_thread_blocked, id=16912, stack(0x000000b3f6100000,0x000000b3f6200000) (1024K)]
  0x00000299f5902cb0 JavaThread "ForkJoinPool.commonPool-worker-5" daemon [_thread_blocked, id=14952, stack(0x000000b3f6200000,0x000000b3f6300000) (1024K)]
  0x00000299f5900be0 JavaThread "ForkJoinPool.commonPool-worker-7" daemon [_thread_blocked, id=5124, stack(0x000000b3f6400000,0x000000b3f6500000) (1024K)]
  0x00000299f5905aa0 JavaThread "Compiler Source File Reader" daemon [_thread_blocked, id=17996, stack(0x000000b3f4c00000,0x000000b3f4d00000) (1024K)]
  0x00000299f5904d80 JavaThread "Compiler Source File Reader" daemon [_thread_blocked, id=13380, stack(0x000000b3f6600000,0x000000b3f6700000) (1024K)]
  0x00000299f5906130 JavaThread "Compiler Source File Reader" daemon [_thread_blocked, id=17092, stack(0x000000b3f6700000,0x000000b3f6800000) (1024K)]
  0x00000299f59067c0 JavaThread "Cleaner-0"                  daemon [_thread_blocked, id=12308, stack(0x000000b3f6800000,0x000000b3f6900000) (1024K)]
  0x00000299f59074e0 JavaThread "Compiler Source File Reader" daemon [_thread_blocked, id=14296, stack(0x000000b3f6900000,0x000000b3f6a00000) (1024K)]
  0x00000299f94c2ea0 JavaThread "Compiler Source File Reader" daemon [_thread_blocked, id=1624, stack(0x000000b3f6a00000,0x000000b3f6b00000) (1024K)]
  0x00000299f94c2180 JavaThread "Compiler Source File Reader" daemon [_thread_blocked, id=7452, stack(0x000000b3f2800000,0x000000b3f2900000) (1024K)]
  0x00000299f94c5600 JavaThread "Worker-12"                         [_thread_blocked, id=19108, stack(0x000000b3f4800000,0x000000b3f4900000) (1024K)]
  0x00000299f33f9850 JavaThread "Worker-14"                         [_thread_blocked, id=20164, stack(0x000000b3f2700000,0x000000b3f2800000) (1024K)]
  0x00000299f33f63d0 JavaThread "Worker-16"                         [_thread_blocked, id=17440, stack(0x000000b3f4600000,0x000000b3f4700000) (1024K)]
  0x00000299f33f84a0 JavaThread "Compiler Processing Task"   daemon [_thread_blocked, id=8932, stack(0x000000b3f4900000,0x000000b3f4a00000) (1024K)]
Total: 48

Other Threads:
  0x00000299d66debc0 VMThread "VM Thread"                           [id=13080, stack(0x000000b3f2d00000,0x000000b3f2e00000) (1024K)]
  0x00000299d6689040 WatcherThread "VM Periodic Task Thread"        [id=6176, stack(0x000000b3f2c00000,0x000000b3f2d00000) (1024K)]
=>0x00000299d66396d0 WorkerThread "GC Thread#0"                     [id=20440, stack(0x000000b3f2b00000,0x000000b3f2c00000) (1024K)]
  0x00000299f34d7210 WorkerThread "GC Thread#1"                     [id=4396, stack(0x000000b3f3a00000,0x000000b3f3b00000) (1024K)]
  0x00000299f3893330 WorkerThread "GC Thread#2"                     [id=5412, stack(0x000000b3f3b00000,0x000000b3f3c00000) (1024K)]
  0x00000299f38936e0 WorkerThread "GC Thread#3"                     [id=9952, stack(0x000000b3f3c00000,0x000000b3f3d00000) (1024K)]
  0x00000299f3893a90 WorkerThread "GC Thread#4"                     [id=20304, stack(0x000000b3f3d00000,0x000000b3f3e00000) (1024K)]
  0x00000299f35bb3a0 WorkerThread "GC Thread#5"                     [id=20240, stack(0x000000b3f3e00000,0x000000b3f3f00000) (1024K)]
  0x00000299f35bb750 WorkerThread "GC Thread#6"                     [id=20268, stack(0x000000b3f3f00000,0x000000b3f4000000) (1024K)]
  0x00000299f3880530 WorkerThread "GC Thread#7"                     [id=2956, stack(0x000000b3f4100000,0x000000b3f4200000) (1024K)]
Total: 10

Threads with active compile tasks:
C2 CompilerThread0  983790 21008   !   4       org.eclipse.jdt.internal.core.NameLookup::seekTypesInBinaryPackage (399 bytes)
Total: 1

VM state: at safepoint (normal execution)

VM Mutex/Monitor currently owned by a thread:  ([mutex/lock_event])
[0x00007ffc9e64e560] Threads_lock - owner thread: 0x00000299d66debc0
[0x00007ffc9e64e660] Heap_lock - owner thread: 0x00000299d659cf60

Heap address: 0x0000000080000000, size: 2048 MB, Compressed Oops mode: 32-bit

CDS archive(s) mapped at: [0x0000029980000000-0x0000029980ba0000-0x0000029980ba0000), size 12189696, SharedBaseAddress: 0x0000029980000000, ArchiveRelocationMode: 1.
Compressed class space mapped at: 0x0000029981000000-0x00000299c1000000, reserved size: 1073741824
Narrow klass base: 0x0000029980000000, Narrow klass shift: 0, Narrow klass range: 0x100000000

GC Precious Log:
 CardTable entry size: 512
 CPUs: 8 total, 8 available
 Memory: 7987M
 Large Page Support: Disabled
 NUMA Support: Disabled
 Compressed Oops: Enabled (32-bit)
 Alignments: Space 512K, Generation 512K, Heap 2M
 Heap Min Capacity: 100M
 Heap Initial Capacity: 100M
 Heap Max Capacity: 2G
 Pre-touch: Disabled
 Parallel Workers: 8

Heap:
 PSYoungGen      total 3584K, used 320K [0x00000000d5580000, 0x00000000d5980000, 0x0000000100000000)
  eden space 2560K, 0% used [0x00000000d5580000,0x00000000d5580000,0x00000000d5800000)
  from space 1024K, 31% used [0x00000000d5800000,0x00000000d5850000,0x00000000d5900000)
  to   space 512K, 0% used [0x00000000d5900000,0x00000000d5900000,0x00000000d5980000)
 ParOldGen       total 1007104K, used 1006876K [0x0000000080000000, 0x00000000bd780000, 0x00000000d5580000)
  object space 1007104K, 99% used [0x0000000080000000,0x00000000bd747218,0x00000000bd780000)
 Metaspace       used 87345K, committed 89088K, reserved 1179648K
  class space    used 8924K, committed 9728K, reserved 1048576K

Card table byte_map: [0x00000299d5fc0000,0x00000299d63d0000] _byte_map_base: 0x00000299d5bc0000

Marking Bits: (ParMarkBitMap*) 0x00007ffc9e653450
 Begin Bits: [0x00000299e8ad0000, 0x00000299eaad0000)
 End Bits:   [0x00000299eaad0000, 0x00000299ecad0000)

Polling page: 0x00000299d4400000

Metaspace:

Usage:
  Non-class:     76.58 MB used.
      Class:      8.72 MB used.
       Both:     85.30 MB used.

Virtual space:
  Non-class space:      128.00 MB reserved,      77.50 MB ( 61%) committed,  2 nodes.
      Class space:        1.00 GB reserved,       9.50 MB ( <1%) committed,  1 nodes.
             Both:        1.12 GB reserved,      87.00 MB (  8%) committed. 

Chunk freelists:
   Non-Class:  2.20 MB
       Class:  6.36 MB
        Both:  8.57 MB

MaxMetaspaceSize: unlimited
CompressedClassSpaceSize: 1.00 GB
Initial GC threshold: 21.00 MB
Current GC threshold: 135.12 MB
CDS: on
 - commit_granule_bytes: 65536.
 - commit_granule_words: 8192.
 - virtual_space_node_default_size: 8388608.
 - enlarge_chunks_in_place: 1.
 - use_allocation_guard: 0.


Internal statistics:

num_allocs_failed_limit: 11.
num_arena_births: 1556.
num_arena_deaths: 22.
num_vsnodes_births: 3.
num_vsnodes_deaths: 0.
num_space_committed: 1392.
num_space_uncommitted: 0.
num_chunks_returned_to_freelist: 37.
num_chunks_taken_from_freelist: 5850.
num_chunk_merges: 19.
num_chunk_splits: 3477.
num_chunks_enlarged: 1867.
num_inconsistent_stats: 0.

CodeHeap 'non-profiled nmethods': size=120000Kb used=22040Kb max_used=22040Kb free=97959Kb
 bounds [0x00000299e12f0000, 0x00000299e2880000, 0x00000299e8820000]
CodeHeap 'profiled nmethods': size=120000Kb used=50062Kb max_used=50062Kb free=69937Kb
 bounds [0x00000299d9820000, 0x00000299dc910000, 0x00000299e0d50000]
CodeHeap 'non-nmethods': size=5760Kb used=1576Kb max_used=1600Kb free=4183Kb
 bounds [0x00000299e0d50000, 0x00000299e0fc0000, 0x00000299e12f0000]
CodeCache: size=245760Kb, used=73678Kb, max_used=73702Kb, free=172079Kb
 total_blobs=20312, nmethods=19483, adapters=730, full_count=0
Compilation: enabled, stopped_count=0, restarted_count=0

Compilation events (20 events):
Event: 982.911 Thread 0x00000299d659cf60 nmethod 20999 0x00000299e286c090 code [0x00000299e286c360, 0x00000299e286d498]
Event: 983.042 Thread 0x00000299d659cf60 21000       4       org.eclipse.jdt.internal.compiler.lookup.ClassScope::buildMemberTypes (355 bytes)
Event: 983.044 Thread 0x00000299ee860060 21002       3       java.util.HashMap$HashIterator::remove (75 bytes)
Event: 983.044 Thread 0x00000299ee860060 nmethod 21002 0x00000299dc8fee10 code [0x00000299dc8ff000, 0x00000299dc8ff3b8]
Event: 983.044 Thread 0x00000299ee860060 21003       2       org.eclipse.jdt.internal.compiler.codegen.CodeStream::exitUserScope (81 bytes)
Event: 983.045 Thread 0x00000299ee860060 nmethod 21003 0x00000299dc8ff590 code [0x00000299dc8ff760, 0x00000299dc8ffa38]
Event: 983.052 Thread 0x00000299d659cf60 nmethod 21000 0x00000299e286e290 code [0x00000299e286e4e0, 0x00000299e286f0d8]
Event: 983.052 Thread 0x00000299d659cf60 21001       4       org.eclipse.jdt.internal.compiler.lookup.SourceTypeBinding::<init> (140 bytes)
Event: 983.054 Thread 0x00000299d659cf60 nmethod 21001 0x00000299e286f810 code [0x00000299e286f9c0, 0x00000299e286fbb8]
Event: 983.226 Thread 0x00000299d659cf60 21004       4       org.eclipse.jdt.internal.compiler.lookup.ClassScope::buildTypeVariables (86 bytes)
Event: 983.227 Thread 0x00000299d659cf60 nmethod 21004 0x00000299e286fe10 code [0x00000299e286ffa0, 0x00000299e2870100]
Event: 983.227 Thread 0x00000299d659cf60 21005       4       org.eclipse.jdt.internal.compiler.lookup.SourceTypeBinding::setPermittedTypes (88 bytes)
Event: 983.228 Thread 0x00000299d659cf60 nmethod 21005 0x00000299e2870290 code [0x00000299e2870420, 0x00000299e2870530]
Event: 983.230 Thread 0x00000299d659cf60 21006       4       org.eclipse.jdt.internal.compiler.lookup.ReferenceBinding::applyCloseableClassWhitelists (406 bytes)
Event: 983.238 Thread 0x00000299d659cf60 nmethod 21006 0x00000299e2870610 code [0x00000299e2870840, 0x00000299e28714d0]
Event: 983.238 Thread 0x00000299d659cf60 21007       4       org.eclipse.jdt.core.dom.ASTConverter::convert (115 bytes)
Event: 983.275 Thread 0x00000299d659cf60 nmethod 21007 0x00000299e2871a10 code [0x00000299e2871dc0, 0x00000299e2874778]
Event: 983.404 Thread 0x00000299d659cf60 21008   !   4       org.eclipse.jdt.internal.core.NameLookup::seekTypesInBinaryPackage (399 bytes)
Event: 983.412 Thread 0x00000299ee860060 21010   !   3       org.eclipse.jdt.internal.core.JavaElement::openWhenClosed (172 bytes)
Event: 983.414 Thread 0x00000299ee860060 nmethod 21010 0x00000299dc8ffc10 code [0x00000299dc900080, 0x00000299dc9029d8]

GC Heap History (20 events):
Event: 982.249 GC heap after
{Heap after GC invocations=1638 (full 4):
 PSYoungGen      total 3072K, used 128K [0x00000000d5580000, 0x00000000d5980000, 0x0000000100000000)
  eden space 2560K, 0% used [0x00000000d5580000,0x00000000d5580000,0x00000000d5800000)
  from space 512K, 25% used [0x00000000d5880000,0x00000000d58a0000,0x00000000d5900000)
  to   space 512K, 0% used [0x00000000d5800000,0x00000000d5800000,0x00000000d5880000)
 ParOldGen       total 1005056K, used 1004972K [0x0000000080000000, 0x00000000bd580000, 0x00000000d5580000)
  object space 1005056K, 99% used [0x0000000080000000,0x00000000bd56b328,0x00000000bd580000)
 Metaspace       used 87345K, committed 89088K, reserved 1179648K
  class space    used 8924K, committed 9728K, reserved 1048576K
}
Event: 982.458 GC heap before
{Heap before GC invocations=1639 (full 4):
 PSYoungGen      total 3072K, used 2688K [0x00000000d5580000, 0x00000000d5980000, 0x0000000100000000)
  eden space 2560K, 100% used [0x00000000d5580000,0x00000000d5800000,0x00000000d5800000)
  from space 512K, 25% used [0x00000000d5880000,0x00000000d58a0000,0x00000000d5900000)
  to   space 512K, 0% used [0x00000000d5800000,0x00000000d5800000,0x00000000d5880000)
 ParOldGen       total 1005056K, used 1004972K [0x0000000080000000, 0x00000000bd580000, 0x00000000d5580000)
  object space 1005056K, 99% used [0x0000000080000000,0x00000000bd56b328,0x00000000bd580000)
 Metaspace       used 87345K, committed 89088K, reserved 1179648K
  class space    used 8924K, committed 9728K, reserved 1048576K
}
Event: 982.463 GC heap after
{Heap after GC invocations=1639 (full 4):
 PSYoungGen      total 3072K, used 512K [0x00000000d5580000, 0x00000000d5a00000, 0x0000000100000000)
  eden space 2560K, 0% used [0x00000000d5580000,0x00000000d5580000,0x00000000d5800000)
  from space 512K, 100% used [0x00000000d5800000,0x00000000d5880000,0x00000000d5880000)
  to   space 1024K, 0% used [0x00000000d5900000,0x00000000d5900000,0x00000000d5a00000)
 ParOldGen       total 1005568K, used 1005096K [0x0000000080000000, 0x00000000bd600000, 0x00000000d5580000)
  object space 1005568K, 99% used [0x0000000080000000,0x00000000bd58a1a8,0x00000000bd600000)
 Metaspace       used 87345K, committed 89088K, reserved 1179648K
  class space    used 8924K, committed 9728K, reserved 1048576K
}
Event: 982.645 GC heap before
{Heap before GC invocations=1640 (full 4):
 PSYoungGen      total 3072K, used 3072K [0x00000000d5580000, 0x00000000d5a00000, 0x0000000100000000)
  eden space 2560K, 100% used [0x00000000d5580000,0x00000000d5800000,0x00000000d5800000)
  from space 512K, 100% used [0x00000000d5800000,0x00000000d5880000,0x00000000d5880000)
  to   space 1024K, 0% used [0x00000000d5900000,0x00000000d5900000,0x00000000d5a00000)
 ParOldGen       total 1005568K, used 1005096K [0x0000000080000000, 0x00000000bd600000, 0x00000000d5580000)
  object space 1005568K, 99% used [0x0000000080000000,0x00000000bd58a1a8,0x00000000bd600000)
 Metaspace       used 87345K, committed 89088K, reserved 1179648K
  class space    used 8924K, committed 9728K, reserved 1048576K
}
Event: 982.647 GC heap after
{Heap after GC invocations=1640 (full 4):
 PSYoungGen      total 3072K, used 352K [0x00000000d5580000, 0x00000000d5980000, 0x0000000100000000)
  eden space 2560K, 0% used [0x00000000d5580000,0x00000000d5580000,0x00000000d5800000)
  from space 512K, 68% used [0x00000000d5900000,0x00000000d5958000,0x00000000d5980000)
  to   space 512K, 0% used [0x00000000d5800000,0x00000000d5800000,0x00000000d5880000)
 ParOldGen       total 1006080K, used 1005644K [0x0000000080000000, 0x00000000bd680000, 0x00000000d5580000)
  object space 1006080K, 99% used [0x0000000080000000,0x00000000bd613240,0x00000000bd680000)
 Metaspace       used 87345K, committed 89088K, reserved 1179648K
  class space    used 8924K, committed 9728K, reserved 1048576K
}
Event: 982.886 GC heap before
{Heap before GC invocations=1641 (full 4):
 PSYoungGen      total 3072K, used 2912K [0x00000000d5580000, 0x00000000d5980000, 0x0000000100000000)
  eden space 2560K, 100% used [0x00000000d5580000,0x00000000d5800000,0x00000000d5800000)
  from space 512K, 68% used [0x00000000d5900000,0x00000000d5958000,0x00000000d5980000)
  to   space 512K, 0% used [0x00000000d5800000,0x00000000d5800000,0x00000000d5880000)
 ParOldGen       total 1006080K, used 1005644K [0x0000000080000000, 0x00000000bd680000, 0x00000000d5580000)
  object space 1006080K, 99% used [0x0000000080000000,0x00000000bd613240,0x00000000bd680000)
 Metaspace       used 87345K, committed 89088K, reserved 1179648K
  class space    used 8924K, committed 9728K, reserved 1048576K
}
Event: 982.888 GC heap after
{Heap after GC invocations=1641 (full 4):
 PSYoungGen      total 3072K, used 288K [0x00000000d5580000, 0x00000000d5980000, 0x0000000100000000)
  eden space 2560K, 0% used [0x00000000d5580000,0x00000000d5580000,0x00000000d5800000)
  from space 512K, 56% used [0x00000000d5800000,0x00000000d5848000,0x00000000d5880000)
  to   space 512K, 0% used [0x00000000d5900000,0x00000000d5900000,0x00000000d5980000)
 ParOldGen       total 1006080K, used 1005724K [0x0000000080000000, 0x00000000bd680000, 0x00000000d5580000)
  object space 1006080K, 99% used [0x0000000080000000,0x00000000bd627240,0x00000000bd680000)
 Metaspace       used 87345K, committed 89088K, reserved 1179648K
  class space    used 8924K, committed 9728K, reserved 1048576K
}
Event: 983.038 GC heap before
{Heap before GC invocations=1642 (full 4):
 PSYoungGen      total 3072K, used 2848K [0x00000000d5580000, 0x00000000d5980000, 0x0000000100000000)
  eden space 2560K, 100% used [0x00000000d5580000,0x00000000d5800000,0x00000000d5800000)
  from space 512K, 56% used [0x00000000d5800000,0x00000000d5848000,0x00000000d5880000)
  to   space 512K, 0% used [0x00000000d5900000,0x00000000d5900000,0x00000000d5980000)
 ParOldGen       total 1006080K, used 1005724K [0x0000000080000000, 0x00000000bd680000, 0x00000000d5580000)
  object space 1006080K, 99% used [0x0000000080000000,0x00000000bd627240,0x00000000bd680000)
 Metaspace       used 87345K, committed 89088K, reserved 1179648K
  class space    used 8924K, committed 9728K, reserved 1048576K
}
Event: 983.040 GC heap after
{Heap after GC invocations=1642 (full 4):
 PSYoungGen      total 3072K, used 288K [0x00000000d5580000, 0x00000000d5980000, 0x0000000100000000)
  eden space 2560K, 0% used [0x00000000d5580000,0x00000000d5580000,0x00000000d5800000)
  from space 512K, 56% used [0x00000000d5900000,0x00000000d5948000,0x00000000d5980000)
  to   space 512K, 0% used [0x00000000d5800000,0x00000000d5800000,0x00000000d5880000)
 ParOldGen       total 1006080K, used 1005755K [0x0000000080000000, 0x00000000bd680000, 0x00000000d5580000)
  object space 1006080K, 99% used [0x0000000080000000,0x00000000bd62ee48,0x00000000bd680000)
 Metaspace       used 87345K, committed 89088K, reserved 1179648K
  class space    used 8924K, committed 9728K, reserved 1048576K
}
Event: 983.223 GC heap before
{Heap before GC invocations=1643 (full 4):
 PSYoungGen      total 3072K, used 2848K [0x00000000d5580000, 0x00000000d5980000, 0x0000000100000000)
  eden space 2560K, 100% used [0x00000000d5580000,0x00000000d5800000,0x00000000d5800000)
  from space 512K, 56% used [0x00000000d5900000,0x00000000d5948000,0x00000000d5980000)
  to   space 512K, 0% used [0x00000000d5800000,0x00000000d5800000,0x00000000d5880000)
 ParOldGen       total 1006080K, used 1005755K [0x0000000080000000, 0x00000000bd680000, 0x00000000d5580000)
  object space 1006080K, 99% used [0x0000000080000000,0x00000000bd62ee48,0x00000000bd680000)
 Metaspace       used 87345K, committed 89088K, reserved 1179648K
  class space    used 8924K, committed 9728K, reserved 1048576K
}
Event: 983.224 GC heap after
{Heap after GC invocations=1643 (full 4):
 PSYoungGen      total 3072K, used 192K [0x00000000d5580000, 0x00000000d5980000, 0x0000000100000000)
  eden space 2560K, 0% used [0x00000000d5580000,0x00000000d5580000,0x00000000d5800000)
  from space 512K, 37% used [0x00000000d5800000,0x00000000d5830000,0x00000000d5880000)
  to   space 512K, 0% used [0x00000000d5900000,0x00000000d5900000,0x00000000d5980000)
 ParOldGen       total 1006080K, used 1005763K [0x0000000080000000, 0x00000000bd680000, 0x00000000d5580000)
  object space 1006080K, 99% used [0x0000000080000000,0x00000000bd630e48,0x00000000bd680000)
 Metaspace       used 87345K, committed 89088K, reserved 1179648K
  class space    used 8924K, committed 9728K, reserved 1048576K
}
Event: 983.285 GC heap before
{Heap before GC invocations=1644 (full 4):
 PSYoungGen      total 3072K, used 2752K [0x00000000d5580000, 0x00000000d5980000, 0x0000000100000000)
  eden space 2560K, 100% used [0x00000000d5580000,0x00000000d5800000,0x00000000d5800000)
  from space 512K, 37% used [0x00000000d5800000,0x00000000d5830000,0x00000000d5880000)
  to   space 512K, 0% used [0x00000000d5900000,0x00000000d5900000,0x00000000d5980000)
 ParOldGen       total 1006080K, used 1005763K [0x0000000080000000, 0x00000000bd680000, 0x00000000d5580000)
  object space 1006080K, 99% used [0x0000000080000000,0x00000000bd630e48,0x00000000bd680000)
 Metaspace       used 87345K, committed 89088K, reserved 1179648K
  class space    used 8924K, committed 9728K, reserved 1048576K
}
Event: 983.287 GC heap after
{Heap after GC invocations=1644 (full 4):
 PSYoungGen      total 3072K, used 512K [0x00000000d5580000, 0x00000000d5a00000, 0x0000000100000000)
  eden space 2560K, 0% used [0x00000000d5580000,0x00000000d5580000,0x00000000d5800000)
  from space 512K, 100% used [0x00000000d5900000,0x00000000d5980000,0x00000000d5980000)
  to   space 1024K, 0% used [0x00000000d5800000,0x00000000d5800000,0x00000000d5900000)
 ParOldGen       total 1006080K, used 1005907K [0x0000000080000000, 0x00000000bd680000, 0x00000000d5580000)
  object space 1006080K, 99% used [0x0000000080000000,0x00000000bd654e58,0x00000000bd680000)
 Metaspace       used 87345K, committed 89088K, reserved 1179648K
  class space    used 8924K, committed 9728K, reserved 1048576K
}
Event: 983.408 GC heap before
{Heap before GC invocations=1645 (full 4):
 PSYoungGen      total 3072K, used 3072K [0x00000000d5580000, 0x00000000d5a00000, 0x0000000100000000)
  eden space 2560K, 100% used [0x00000000d5580000,0x00000000d5800000,0x00000000d5800000)
  from space 512K, 100% used [0x00000000d5900000,0x00000000d5980000,0x00000000d5980000)
  to   space 1024K, 0% used [0x00000000d5800000,0x00000000d5800000,0x00000000d5900000)
 ParOldGen       total 1006080K, used 1005907K [0x0000000080000000, 0x00000000bd680000, 0x00000000d5580000)
  object space 1006080K, 99% used [0x0000000080000000,0x00000000bd654e58,0x00000000bd680000)
 Metaspace       used 87345K, committed 89088K, reserved 1179648K
  class space    used 8924K, committed 9728K, reserved 1048576K
}
Event: 983.411 GC heap after
{Heap after GC invocations=1645 (full 4):
 PSYoungGen      total 3584K, used 736K [0x00000000d5580000, 0x00000000d5a00000, 0x0000000100000000)
  eden space 2560K, 0% used [0x00000000d5580000,0x00000000d5580000,0x00000000d5800000)
  from space 1024K, 71% used [0x00000000d5800000,0x00000000d58b8000,0x00000000d5900000)
  to   space 1024K, 0% used [0x00000000d5900000,0x00000000d5900000,0x00000000d5a00000)
 ParOldGen       total 1006592K, used 1006332K [0x0000000080000000, 0x00000000bd700000, 0x00000000d5580000)
  object space 1006592K, 99% used [0x0000000080000000,0x00000000bd6bf318,0x00000000bd700000)
 Metaspace       used 87345K, committed 89088K, reserved 1179648K
  class space    used 8924K, committed 9728K, reserved 1048576K
}
Event: 983.581 GC heap before
{Heap before GC invocations=1646 (full 4):
 PSYoungGen      total 3584K, used 3296K [0x00000000d5580000, 0x00000000d5a00000, 0x0000000100000000)
  eden space 2560K, 100% used [0x00000000d5580000,0x00000000d5800000,0x00000000d5800000)
  from space 1024K, 71% used [0x00000000d5800000,0x00000000d58b8000,0x00000000d5900000)
  to   space 1024K, 0% used [0x00000000d5900000,0x00000000d5900000,0x00000000d5a00000)
 ParOldGen       total 1006592K, used 1006332K [0x0000000080000000, 0x00000000bd700000, 0x00000000d5580000)
  object space 1006592K, 99% used [0x0000000080000000,0x00000000bd6bf318,0x00000000bd700000)
 Metaspace       used 87345K, committed 89088K, reserved 1179648K
  class space    used 8924K, committed 9728K, reserved 1048576K
}
Event: 983.584 GC heap after
{Heap after GC invocations=1646 (full 4):
 PSYoungGen      total 3584K, used 624K [0x00000000d5580000, 0x00000000d5a00000, 0x0000000100000000)
  eden space 2560K, 0% used [0x00000000d5580000,0x00000000d5580000,0x00000000d5800000)
  from space 1024K, 60% used [0x00000000d5900000,0x00000000d599c010,0x00000000d5a00000)
  to   space 1024K, 0% used [0x00000000d5800000,0x00000000d5800000,0x00000000d5900000)
 ParOldGen       total 1006592K, used 1006364K [0x0000000080000000, 0x00000000bd700000, 0x00000000d5580000)
  object space 1006592K, 99% used [0x0000000080000000,0x00000000bd6c7318,0x00000000bd700000)
 Metaspace       used 87345K, committed 89088K, reserved 1179648K
  class space    used 8924K, committed 9728K, reserved 1048576K
}
Event: 983.679 GC heap before
{Heap before GC invocations=1647 (full 4):
 PSYoungGen      total 3584K, used 1502K [0x00000000d5580000, 0x00000000d5a00000, 0x0000000100000000)
  eden space 2560K, 34% used [0x00000000d5580000,0x00000000d565ba60,0x00000000d5800000)
  from space 1024K, 60% used [0x00000000d5900000,0x00000000d599c010,0x00000000d5a00000)
  to   space 1024K, 0% used [0x00000000d5800000,0x00000000d5800000,0x00000000d5900000)
 ParOldGen       total 1006592K, used 1006364K [0x0000000080000000, 0x00000000bd700000, 0x00000000d5580000)
  object space 1006592K, 99% used [0x0000000080000000,0x00000000bd6c7318,0x00000000bd700000)
 Metaspace       used 87345K, committed 89088K, reserved 1179648K
  class space    used 8924K, committed 9728K, reserved 1048576K
}
Event: 983.680 GC heap after
{Heap after GC invocations=1647 (full 4):
 PSYoungGen      total 3584K, used 320K [0x00000000d5580000, 0x00000000d5980000, 0x0000000100000000)
  eden space 2560K, 0% used [0x00000000d5580000,0x00000000d5580000,0x00000000d5800000)
  from space 1024K, 31% used [0x00000000d5800000,0x00000000d5850000,0x00000000d5900000)
  to   space 512K, 0% used [0x00000000d5900000,0x00000000d5900000,0x00000000d5980000)
 ParOldGen       total 1007104K, used 1006876K [0x0000000080000000, 0x00000000bd780000, 0x00000000d5580000)
  object space 1007104K, 99% used [0x0000000080000000,0x00000000bd747218,0x00000000bd780000)
 Metaspace       used 87345K, committed 89088K, reserved 1179648K
  class space    used 8924K, committed 9728K, reserved 1048576K
}
Event: 983.680 GC heap before
{Heap before GC invocations=1648 (full 5):
 PSYoungGen      total 3584K, used 320K [0x00000000d5580000, 0x00000000d5980000, 0x0000000100000000)
  eden space 2560K, 0% used [0x00000000d5580000,0x00000000d5580000,0x00000000d5800000)
  from space 1024K, 31% used [0x00000000d5800000,0x00000000d5850000,0x00000000d5900000)
  to   space 512K, 0% used [0x00000000d5900000,0x00000000d5900000,0x00000000d5980000)
 ParOldGen       total 1007104K, used 1006876K [0x0000000080000000, 0x00000000bd780000, 0x00000000d5580000)
  object space 1007104K, 99% used [0x0000000080000000,0x00000000bd747218,0x00000000bd780000)
 Metaspace       used 87345K, committed 89088K, reserved 1179648K
  class space    used 8924K, committed 9728K, reserved 1048576K
}

Dll operation events (12 events):
Event: 0.015 Loaded shared library c:\Users\user\.vscode\extensions\redhat.java-1.54.0-win32-x64\jre\21.0.10-win32-x86_64\bin\java.dll
Event: 0.112 Loaded shared library c:\Users\user\.vscode\extensions\redhat.java-1.54.0-win32-x64\jre\21.0.10-win32-x86_64\bin\zip.dll
Event: 0.187 Loaded shared library C:\Users\user\.vscode\extensions\redhat.java-1.54.0-win32-x64\jre\21.0.10-win32-x86_64\bin\instrument.dll
Event: 0.195 Loaded shared library C:\Users\user\.vscode\extensions\redhat.java-1.54.0-win32-x64\jre\21.0.10-win32-x86_64\bin\net.dll
Event: 0.198 Loaded shared library C:\Users\user\.vscode\extensions\redhat.java-1.54.0-win32-x64\jre\21.0.10-win32-x86_64\bin\nio.dll
Event: 0.202 Loaded shared library C:\Users\user\.vscode\extensions\redhat.java-1.54.0-win32-x64\jre\21.0.10-win32-x86_64\bin\zip.dll
Event: 0.230 Loaded shared library C:\Users\user\.vscode\extensions\redhat.java-1.54.0-win32-x64\jre\21.0.10-win32-x86_64\bin\jimage.dll
Event: 0.457 Loaded shared library c:\Users\user\.vscode\extensions\redhat.java-1.54.0-win32-x64\jre\21.0.10-win32-x86_64\bin\verify.dll
Event: 2.552 Loaded shared library C:\Users\user\AppData\Roaming\Code\User\globalStorage\redhat.java\1.54.0\config_win\org.eclipse.equinox.launcher\org.eclipse.equinox.launcher.win32.win32.x86_64_1.3.0.v20260203-2149\eclipse_11919.dll
Event: 6.557 Loaded shared library C:\Users\user\AppData\Local\Temp\jna-3599307\jna4071422309913511954.dll
Event: 214.160 Loaded shared library C:\Users\user\.vscode\extensions\redhat.java-1.54.0-win32-x64\jre\21.0.10-win32-x86_64\bin\sunmscapi.dll
Event: 214.574 Loaded shared library C:\Users\user\.vscode\extensions\redhat.java-1.54.0-win32-x64\jre\21.0.10-win32-x86_64\bin\extnet.dll

Deoptimization events (20 events):
Event: 982.305 Thread 0x00000299f59039d0 Uncommon trap: trap_request=0xffffffc6 fr.pc=0x00000299e1534d98 relative=0x0000000000002998
Event: 982.305 Thread 0x00000299f59039d0 Uncommon trap: reason=bimorphic_or_optimized_type_check action=maybe_recompile pc=0x00000299e1534d98 method=org.eclipse.jdt.internal.compiler.lookup.Scope.findField(Lorg/eclipse/jdt/internal/compiler/lookup/TypeBinding;[CLorg/eclipse/jdt/internal/compiler
Event: 982.305 Thread 0x00000299f59039d0 DEOPT PACKING pc=0x00000299e1534d98 sp=0x000000b3f5efdb00
Event: 982.305 Thread 0x00000299f59039d0 DEOPT UNPACKING pc=0x00000299e0da6da2 sp=0x000000b3f5efda70 mode 2
Event: 982.305 Thread 0x00000299f59039d0 Uncommon trap: trap_request=0xffffffc6 fr.pc=0x00000299e263acd0 relative=0x0000000000000bd0
Event: 982.305 Thread 0x00000299f59039d0 Uncommon trap: reason=bimorphic_or_optimized_type_check action=maybe_recompile pc=0x00000299e263acd0 method=org.eclipse.jdt.internal.compiler.ast.QualifiedNameReference.getOtherFieldBindings(Lorg/eclipse/jdt/internal/compiler/lookup/BlockScope;)Lorg/eclip
Event: 982.305 Thread 0x00000299f59039d0 DEOPT PACKING pc=0x00000299e263acd0 sp=0x000000b3f5efdd10
Event: 982.305 Thread 0x00000299f59039d0 DEOPT UNPACKING pc=0x00000299e0da6da2 sp=0x000000b3f5efdc70 mode 2
Event: 982.305 Thread 0x00000299f59039d0 Uncommon trap: trap_request=0xffffffc6 fr.pc=0x00000299e1534d98 relative=0x0000000000002998
Event: 982.305 Thread 0x00000299f59039d0 Uncommon trap: reason=bimorphic_or_optimized_type_check action=maybe_recompile pc=0x00000299e1534d98 method=org.eclipse.jdt.internal.compiler.lookup.Scope.findField(Lorg/eclipse/jdt/internal/compiler/lookup/TypeBinding;[CLorg/eclipse/jdt/internal/compiler
Event: 982.305 Thread 0x00000299f59039d0 DEOPT PACKING pc=0x00000299e1534d98 sp=0x000000b3f5efdb00
Event: 982.305 Thread 0x00000299f59039d0 DEOPT UNPACKING pc=0x00000299e0da6da2 sp=0x000000b3f5efda70 mode 2
Event: 982.305 Thread 0x00000299f59039d0 Uncommon trap: trap_request=0xffffffc6 fr.pc=0x00000299e263acd0 relative=0x0000000000000bd0
Event: 982.305 Thread 0x00000299f59039d0 Uncommon trap: reason=bimorphic_or_optimized_type_check action=maybe_recompile pc=0x00000299e263acd0 method=org.eclipse.jdt.internal.compiler.ast.QualifiedNameReference.getOtherFieldBindings(Lorg/eclipse/jdt/internal/compiler/lookup/BlockScope;)Lorg/eclip
Event: 982.305 Thread 0x00000299f59039d0 DEOPT PACKING pc=0x00000299e263acd0 sp=0x000000b3f5efdd10
Event: 982.305 Thread 0x00000299f59039d0 DEOPT UNPACKING pc=0x00000299e0da6da2 sp=0x000000b3f5efdc70 mode 2
Event: 982.305 Thread 0x00000299f59039d0 Uncommon trap: trap_request=0xffffffc6 fr.pc=0x00000299e1534d98 relative=0x0000000000002998
Event: 982.305 Thread 0x00000299f59039d0 Uncommon trap: reason=bimorphic_or_optimized_type_check action=maybe_recompile pc=0x00000299e1534d98 method=org.eclipse.jdt.internal.compiler.lookup.Scope.findField(Lorg/eclipse/jdt/internal/compiler/lookup/TypeBinding;[CLorg/eclipse/jdt/internal/compiler
Event: 982.305 Thread 0x00000299f59039d0 DEOPT PACKING pc=0x00000299e1534d98 sp=0x000000b3f5efdb00
Event: 982.305 Thread 0x00000299f59039d0 DEOPT UNPACKING pc=0x00000299e0da6da2 sp=0x000000b3f5efda70 mode 2

Classes loaded (20 events):
Event: 323.782 Loading class java/util/function/LongFunction
Event: 323.782 Loading class java/util/function/LongFunction done
Event: 323.783 Loading class java/util/stream/Nodes$ConcNode
Event: 323.783 Loading class java/util/stream/Nodes$AbstractConcNode
Event: 323.783 Loading class java/util/stream/Nodes$AbstractConcNode done
Event: 323.783 Loading class java/util/stream/Nodes$ConcNode done
Event: 323.801 Loading class java/util/stream/Nodes$ToArrayTask$OfRef
Event: 323.801 Loading class java/util/stream/Nodes$ToArrayTask
Event: 323.801 Loading class java/util/stream/Nodes$ToArrayTask done
Event: 323.802 Loading class java/util/stream/Nodes$ToArrayTask$OfRef done
Event: 323.804 Loading class java/io/ObjectOutputStream$BlockDataOutputStream
Event: 323.804 Loading class java/io/ObjectOutputStream$BlockDataOutputStream done
Event: 323.804 Loading class java/io/ObjectOutputStream$HandleTable
Event: 323.804 Loading class java/io/ObjectOutputStream$HandleTable done
Event: 323.804 Loading class java/io/ObjectOutputStream$ReplaceTable
Event: 323.804 Loading class java/io/ObjectOutputStream$ReplaceTable done
Event: 487.474 Loading class java/lang/StringLatin1$CharsSpliterator
Event: 487.482 Loading class java/lang/StringLatin1$CharsSpliterator done
Event: 564.936 Loading class java/nio/channels/CompletionHandler
Event: 564.936 Loading class java/nio/channels/CompletionHandler done

Classes unloaded (11 events):
Event: 8.174 Thread 0x00000299d66debc0 Unloading class 0x00000299811aac00 'java/lang/invoke/LambdaForm$MH+0x00000299811aac00'
Event: 8.174 Thread 0x00000299d66debc0 Unloading class 0x00000299811aa800 'java/lang/invoke/LambdaForm$MH+0x00000299811aa800'
Event: 8.174 Thread 0x00000299d66debc0 Unloading class 0x00000299811aa400 'java/lang/invoke/LambdaForm$MH+0x00000299811aa400'
Event: 8.174 Thread 0x00000299d66debc0 Unloading class 0x00000299811aa000 'java/lang/invoke/LambdaForm$MH+0x00000299811aa000'
Event: 8.174 Thread 0x00000299d66debc0 Unloading class 0x00000299811a9c00 'java/lang/invoke/LambdaForm$BMH+0x00000299811a9c00'
Event: 8.174 Thread 0x00000299d66debc0 Unloading class 0x00000299811a9800 'java/lang/invoke/LambdaForm$DMH+0x00000299811a9800'
Event: 8.174 Thread 0x00000299d66debc0 Unloading class 0x00000299811a8400 'java/lang/invoke/LambdaForm$DMH+0x00000299811a8400'
Event: 10.815 Thread 0x00000299d66debc0 Unloading class 0x000002998130b400 'java/lang/invoke/LambdaForm$MH+0x000002998130b400'
Event: 10.815 Thread 0x00000299d66debc0 Unloading class 0x000002998130a000 'java/lang/invoke/LambdaForm$MH+0x000002998130a000'
Event: 10.815 Thread 0x00000299d66debc0 Unloading class 0x0000029981309800 'java/lang/invoke/LambdaForm$MH+0x0000029981309800'
Event: 10.815 Thread 0x00000299d66debc0 Unloading class 0x0000029981309400 'java/lang/invoke/LambdaForm$DMH+0x0000029981309400'

Classes redefined (0 events):
No events

Internal exceptions (20 events):
Event: 712.846 Thread 0x00000299ee92d220 Exception <a 'sun/nio/fs/WindowsException'{0x00000000d559a030}> (0x00000000d559a030) 
thrown [s\src\hotspot\share\prims\jni.cpp, line 520]
Event: 715.422 Thread 0x00000299f5902cb0 Implicit null exception at 0x00000299e1ece81e to 0x00000299e1ed0a18
Event: 721.400 Thread 0x00000299ee92d220 Exception <a 'sun/nio/fs/WindowsException'{0x00000000d5632ae8}> (0x00000000d5632ae8) 
thrown [s\src\hotspot\share\prims\jni.cpp, line 520]
Event: 721.513 Thread 0x00000299ee92d220 Exception <a 'sun/nio/fs/WindowsException'{0x00000000d560bf58}> (0x00000000d560bf58) 
thrown [s\src\hotspot\share\prims\jni.cpp, line 520]
Event: 731.889 Thread 0x00000299f59039d0 Implicit null exception at 0x00000299e1ece81e to 0x00000299e1ed0a18
Event: 742.147 Thread 0x00000299ee92d220 Exception <a 'sun/nio/fs/WindowsException'{0x00000000d597f110}> (0x00000000d597f110) 
thrown [s\src\hotspot\share\prims\jni.cpp, line 520]
Event: 742.255 Thread 0x00000299ee92d220 Exception <a 'sun/nio/fs/WindowsException'{0x00000000d55e1ab8}> (0x00000000d55e1ab8) 
thrown [s\src\hotspot\share\prims\jni.cpp, line 520]
Event: 747.849 Thread 0x00000299ee92d220 Exception <a 'sun/nio/fs/WindowsException'{0x00000000d56484d8}> (0x00000000d56484d8) 
thrown [s\src\hotspot\share\prims\jni.cpp, line 520]
Event: 747.940 Thread 0x00000299ee92d220 Exception <a 'sun/nio/fs/WindowsException'{0x00000000d5676c58}> (0x00000000d5676c58) 
thrown [s\src\hotspot\share\prims\jni.cpp, line 520]
Event: 752.846 Thread 0x00000299ee92d220 Exception <a 'sun/nio/fs/WindowsException'{0x00000000d55c3718}> (0x00000000d55c3718) 
thrown [s\src\hotspot\share\prims\jni.cpp, line 520]
Event: 752.972 Thread 0x00000299ee92d220 Exception <a 'sun/nio/fs/WindowsException'{0x00000000d5676c70}> (0x00000000d5676c70) 
thrown [s\src\hotspot\share\prims\jni.cpp, line 520]
Event: 767.991 Thread 0x00000299ee92d220 Exception <a 'sun/nio/fs/WindowsException'{0x00000000d57526f8}> (0x00000000d57526f8) 
thrown [s\src\hotspot\share\prims\jni.cpp, line 520]
Event: 768.103 Thread 0x00000299ee92d220 Exception <a 'sun/nio/fs/WindowsException'{0x00000000d55a20a0}> (0x00000000d55a20a0) 
thrown [s\src\hotspot\share\prims\jni.cpp, line 520]
Event: 827.160 Thread 0x00000299f5902620 Exception <a 'sun/nio/fs/WindowsException'{0x00000000d579b620}> (0x00000000d579b620) 
thrown [s\src\hotspot\share\prims\jni.cpp, line 520]
Event: 827.160 Thread 0x00000299f5904060 Exception <a 'sun/nio/fs/WindowsException'{0x00000000d57a47b0}> (0x00000000d57a47b0) 
thrown [s\src\hotspot\share\prims\jni.cpp, line 520]
Event: 827.161 Thread 0x00000299f5904060 Exception <a 'sun/nio/fs/WindowsException'{0x00000000d57a5080}> (0x00000000d57a5080) 
thrown [s\src\hotspot\share\prims\jni.cpp, line 520]
Event: 827.161 Thread 0x00000299f5902620 Exception <a 'sun/nio/fs/WindowsException'{0x00000000d579bef0}> (0x00000000d579bef0) 
thrown [s\src\hotspot\share\prims\jni.cpp, line 520]
Event: 966.794 Thread 0x00000299ee92d220 Exception <a 'sun/nio/fs/WindowsException'{0x00000000d562aa00}> (0x00000000d562aa00) 
thrown [s\src\hotspot\share\prims\jni.cpp, line 520]
Event: 966.927 Thread 0x00000299ee92d220 Exception <a 'sun/nio/fs/WindowsException'{0x00000000d565adc8}> (0x00000000d565adc8) 
thrown [s\src\hotspot\share\prims\jni.cpp, line 520]
Event: 981.898 Thread 0x00000299f58ffec0 Exception <a 'java/lang/ArrayIndexOutOfBoundsException'{0x00000000d56e7ad0}: Index 3577 out of bounds for length 3577> (0x00000000d56e7ad0) 
thrown [s\src\hotspot\share\interpreter\interpreterRuntime.cpp, line 439]

ZGC Phase Switch (0 events):
No events

VM Operations (20 events):
Event: 982.089 Executing safepoint VM operation: ParallelGCFailedAllocation (Allocation Failure) done
Event: 982.245 Executing safepoint VM operation: ParallelGCFailedAllocation (Allocation Failure)
Event: 982.249 Executing safepoint VM operation: ParallelGCFailedAllocation (Allocation Failure) done
Event: 982.458 Executing safepoint VM operation: ParallelGCFailedAllocation (Allocation Failure)
Event: 982.463 Executing safepoint VM operation: ParallelGCFailedAllocation (Allocation Failure) done
Event: 982.645 Executing safepoint VM operation: ParallelGCFailedAllocation (Allocation Failure)
Event: 982.647 Executing safepoint VM operation: ParallelGCFailedAllocation (Allocation Failure) done
Event: 982.886 Executing safepoint VM operation: ParallelGCFailedAllocation (Allocation Failure)
Event: 982.888 Executing safepoint VM operation: ParallelGCFailedAllocation (Allocation Failure) done
Event: 983.038 Executing safepoint VM operation: ParallelGCFailedAllocation (Allocation Failure)
Event: 983.040 Executing safepoint VM operation: ParallelGCFailedAllocation (Allocation Failure) done
Event: 983.223 Executing safepoint VM operation: ParallelGCFailedAllocation (Allocation Failure)
Event: 983.224 Executing safepoint VM operation: ParallelGCFailedAllocation (Allocation Failure) done
Event: 983.285 Executing safepoint VM operation: ParallelGCFailedAllocation (Allocation Failure)
Event: 983.287 Executing safepoint VM operation: ParallelGCFailedAllocation (Allocation Failure) done
Event: 983.408 Executing safepoint VM operation: ParallelGCFailedAllocation (Allocation Failure)
Event: 983.411 Executing safepoint VM operation: ParallelGCFailedAllocation (Allocation Failure) done
Event: 983.581 Executing safepoint VM operation: ParallelGCFailedAllocation (Allocation Failure)
Event: 983.584 Executing safepoint VM operation: ParallelGCFailedAllocation (Allocation Failure) done
Event: 983.679 Executing safepoint VM operation: ParallelGCSystemGC (CodeCache GC Threshold)

Memory protections (0 events):
No events

Nmethod flushes (20 events):
Event: 219.626 Thread 0x00000299d66debc0 flushing  nmethod 0x00000299da645c10
Event: 219.626 Thread 0x00000299d66debc0 flushing  nmethod 0x00000299da65ac90
Event: 219.626 Thread 0x00000299d66debc0 flushing  nmethod 0x00000299da65ee10
Event: 219.626 Thread 0x00000299d66debc0 flushing  nmethod 0x00000299da660010
Event: 219.626 Thread 0x00000299d66debc0 flushing  nmethod 0x00000299da662610
Event: 219.626 Thread 0x00000299d66debc0 flushing  nmethod 0x00000299da662d90
Event: 219.626 Thread 0x00000299d66debc0 flushing  nmethod 0x00000299da665d10
Event: 219.626 Thread 0x00000299d66debc0 flushing osr nmethod 0x00000299da676f90
Event: 219.626 Thread 0x00000299d66debc0 flushing  nmethod 0x00000299da681210
Event: 219.626 Thread 0x00000299d66debc0 flushing  nmethod 0x00000299da690a10
Event: 219.626 Thread 0x00000299d66debc0 flushing  nmethod 0x00000299da6af990
Event: 219.626 Thread 0x00000299d66debc0 flushing  nmethod 0x00000299da6b0290
Event: 219.626 Thread 0x00000299d66debc0 flushing  nmethod 0x00000299da6b2110
Event: 219.626 Thread 0x00000299d66debc0 flushing  nmethod 0x00000299da6c5610
Event: 219.626 Thread 0x00000299d66debc0 flushing  nmethod 0x00000299da6d8190
Event: 219.626 Thread 0x00000299d66debc0 flushing  nmethod 0x00000299da6eb010
Event: 219.626 Thread 0x00000299d66debc0 flushing  nmethod 0x00000299da6fbc10
Event: 219.626 Thread 0x00000299d66debc0 flushing  nmethod 0x00000299da705690
Event: 219.626 Thread 0x00000299d66debc0 flushing  nmethod 0x00000299da770c90
Event: 219.626 Thread 0x00000299d66debc0 flushing  nmethod 0x00000299da7b2690

Events (20 events):
Event: 639.598 Thread 0x00000299f33f84a0 Thread exited: 0x00000299f33f84a0
Event: 639.599 Thread 0x00000299f33f8b30 Thread exited: 0x00000299f33f8b30
Event: 680.127 Thread 0x00000299f94c5c90 Thread exited: 0x00000299f94c5c90
Event: 699.604 Thread 0x00000299ee92f980 Thread exited: 0x00000299ee92f980
Event: 699.604 Thread 0x00000299ee92d8b0 Thread exited: 0x00000299ee92d8b0
Event: 699.729 Thread 0x00000299ee9306a0 Thread exited: 0x00000299ee9306a0
Event: 709.596 Thread 0x00000299f94c5600 Thread added: 0x00000299f33f9850
Event: 710.312 Thread 0x00000299f94c7040 Thread added: 0x00000299f33f84a0
Event: 720.052 Thread 0x00000299ee860060 Thread added: 0x00000299f9ed4ff0
Event: 720.307 Thread 0x00000299f9ed4ff0 Thread exited: 0x00000299f9ed4ff0
Event: 767.974 Thread 0x00000299f33f9850 Thread added: 0x00000299f33f91c0
Event: 827.157 Thread 0x00000299ee860060 Thread added: 0x00000299f9ed4ff0
Event: 828.114 Thread 0x00000299f33f84a0 Thread exited: 0x00000299f33f84a0
Event: 828.129 Thread 0x00000299f33f91c0 Thread exited: 0x00000299f33f91c0
Event: 829.623 Thread 0x00000299f94c7040 Thread exited: 0x00000299f94c7040
Event: 832.225 Thread 0x00000299f9ed4ff0 Thread exited: 0x00000299f9ed4ff0
Event: 887.215 Thread 0x00000299f5902620 Thread exited: 0x00000299f5902620
Event: 947.220 Thread 0x00000299f5904060 Thread exited: 0x00000299f5904060
Event: 966.774 Thread 0x00000299f94c5600 Thread added: 0x00000299f33f63d0
Event: 966.934 Thread 0x00000299f33f63d0 Thread added: 0x00000299f33f84a0


Dynamic libraries:
0x00007ff6b2ed0000 - 0x00007ff6b2ede000 	c:\Users\user\.vscode\extensions\redhat.java-1.54.0-win32-x64\jre\21.0.10-win32-x86_64\bin\java.exe
0x00007ffd882e0000 - 0x00007ffd88547000 	C:\WINDOWS\SYSTEM32\ntdll.dll
0x00007ffd86700000 - 0x00007ffd867c9000 	C:\WINDOWS\System32\KERNEL32.DLL
0x00007ffd85c80000 - 0x00007ffd86071000 	C:\WINDOWS\System32\KERNELBASE.dll
0x00007ffd85910000 - 0x00007ffd85a5b000 	C:\WINDOWS\System32\ucrtbase.dll
0x00007ffd62030000 - 0x00007ffd62048000 	c:\Users\user\.vscode\extensions\redhat.java-1.54.0-win32-x64\jre\21.0.10-win32-x86_64\bin\jli.dll
0x00007ffd61680000 - 0x00007ffd6169e000 	c:\Users\user\.vscode\extensions\redhat.java-1.54.0-win32-x64\jre\21.0.10-win32-x86_64\bin\VCRUNTIME140.dll
0x00007ffd86080000 - 0x00007ffd86245000 	C:\WINDOWS\System32\USER32.dll
0x00007ffd83cc0000 - 0x00007ffd83f53000 	C:\WINDOWS\WinSxS\amd64_microsoft.windows.common-controls_6595b64144ccf1df_6.0.26100.8037_none_3e092faae333b53b\COMCTL32.dll
0x00007ffd85a60000 - 0x00007ffd85a87000 	C:\WINDOWS\System32\win32u.dll
0x00007ffd87330000 - 0x00007ffd873d9000 	C:\WINDOWS\System32\msvcrt.dll
0x00007ffd86610000 - 0x00007ffd8663b000 	C:\WINDOWS\System32\GDI32.dll
0x00007ffd85a90000 - 0x00007ffd85bbb000 	C:\WINDOWS\System32\gdi32full.dll
0x00007ffd856f0000 - 0x00007ffd85793000 	C:\WINDOWS\System32\msvcp_win.dll
0x00007ffd87b20000 - 0x00007ffd87b51000 	C:\WINDOWS\System32\IMM32.DLL
0x00007ffd6bf30000 - 0x00007ffd6bf3c000 	c:\Users\user\.vscode\extensions\redhat.java-1.54.0-win32-x64\jre\21.0.10-win32-x86_64\bin\vcruntime140_1.dll
0x00007ffd32360000 - 0x00007ffd323ed000 	c:\Users\user\.vscode\extensions\redhat.java-1.54.0-win32-x64\jre\21.0.10-win32-x86_64\bin\msvcp140.dll
0x00007ffc9d990000 - 0x00007ffc9e731000 	c:\Users\user\.vscode\extensions\redhat.java-1.54.0-win32-x64\jre\21.0.10-win32-x86_64\bin\server\jvm.dll
0x00007ffd875b0000 - 0x00007ffd8766b000 	C:\WINDOWS\System32\ADVAPI32.dll
0x00007ffd86250000 - 0x00007ffd862f7000 	C:\WINDOWS\System32\sechost.dll
0x00007ffd87670000 - 0x00007ffd87788000 	C:\WINDOWS\System32\RPCRT4.dll
0x00007ffd87470000 - 0x00007ffd874e4000 	C:\WINDOWS\System32\WS2_32.dll
0x00007ffd84a40000 - 0x00007ffd84a9e000 	C:\WINDOWS\SYSTEM32\POWRPROF.dll
0x00007ffd71090000 - 0x00007ffd710c5000 	C:\WINDOWS\SYSTEM32\WINMM.dll
0x00007ffd760a0000 - 0x00007ffd760ab000 	C:\WINDOWS\SYSTEM32\VERSION.dll
0x00007ffd84a20000 - 0x00007ffd84a34000 	C:\WINDOWS\SYSTEM32\UMPDC.dll
0x00007ffd83020000 - 0x00007ffd8303b000 	C:\WINDOWS\SYSTEM32\kernel.appcore.dll
0x00007ffd6bd00000 - 0x00007ffd6bd0a000 	c:\Users\user\.vscode\extensions\redhat.java-1.54.0-win32-x64\jre\21.0.10-win32-x86_64\bin\jimage.dll
0x00007ffd84370000 - 0x00007ffd845b2000 	C:\WINDOWS\SYSTEM32\DBGHELP.DLL
0x00007ffd87790000 - 0x00007ffd87b12000 	C:\WINDOWS\System32\combase.dll
0x00007ffd870d0000 - 0x00007ffd871a7000 	C:\WINDOWS\System32\OLEAUT32.dll
0x00007ffd84260000 - 0x00007ffd8429b000 	C:\WINDOWS\SYSTEM32\dbgcore.DLL
0x00007ffd84bc0000 - 0x00007ffd84c65000 	C:\WINDOWS\System32\bcryptPrimitives.dll
0x00007ffd6b8e0000 - 0x00007ffd6b8ef000 	c:\Users\user\.vscode\extensions\redhat.java-1.54.0-win32-x64\jre\21.0.10-win32-x86_64\bin\instrument.dll
0x00007ffd614a0000 - 0x00007ffd614c0000 	c:\Users\user\.vscode\extensions\redhat.java-1.54.0-win32-x64\jre\21.0.10-win32-x86_64\bin\java.dll
0x00007ffd86960000 - 0x00007ffd870bf000 	C:\WINDOWS\System32\SHELL32.dll
0x00007ffd857a0000 - 0x00007ffd8590a000 	C:\WINDOWS\System32\wintypes.dll
0x00007ffd84e80000 - 0x00007ffd856e4000 	C:\WINDOWS\System32\windows.storage.dll
0x00007ffd86860000 - 0x00007ffd86957000 	C:\WINDOWS\System32\SHCORE.dll
0x00007ffd867f0000 - 0x00007ffd86857000 	C:\WINDOWS\System32\shlwapi.dll
0x00007ffd84ae0000 - 0x00007ffd84b09000 	C:\WINDOWS\SYSTEM32\profapi.dll
0x00007ffd55a90000 - 0x00007ffd55aa8000 	c:\Users\user\.vscode\extensions\redhat.java-1.54.0-win32-x64\jre\21.0.10-win32-x86_64\bin\zip.dll
0x00007ffd695b0000 - 0x00007ffd695c0000 	C:\Users\user\.vscode\extensions\redhat.java-1.54.0-win32-x64\jre\21.0.10-win32-x86_64\bin\net.dll
0x00007ffd768c0000 - 0x00007ffd769e7000 	C:\WINDOWS\SYSTEM32\WINHTTP.dll
0x00007ffd83740000 - 0x00007ffd837ab000 	C:\WINDOWS\system32\mswsock.dll
0x00007ffd505c0000 - 0x00007ffd505d6000 	C:\Users\user\.vscode\extensions\redhat.java-1.54.0-win32-x64\jre\21.0.10-win32-x86_64\bin\nio.dll
0x00007ffd654d0000 - 0x00007ffd654e0000 	c:\Users\user\.vscode\extensions\redhat.java-1.54.0-win32-x64\jre\21.0.10-win32-x86_64\bin\verify.dll
0x00007ffd496e0000 - 0x00007ffd49725000 	C:\Users\user\AppData\Roaming\Code\User\globalStorage\redhat.java\1.54.0\config_win\org.eclipse.equinox.launcher\org.eclipse.equinox.launcher.win32.win32.x86_64_1.3.0.v20260203-2149\eclipse_11919.dll
0x00007ffd86300000 - 0x00007ffd86495000 	C:\WINDOWS\System32\ole32.dll
0x00007ffd846e0000 - 0x00007ffd846fb000 	C:\WINDOWS\SYSTEM32\CRYPTSP.dll
0x00007ffd83140000 - 0x00007ffd83179000 	C:\WINDOWS\system32\rsaenh.dll
0x00007ffd837f0000 - 0x00007ffd83822000 	C:\WINDOWS\SYSTEM32\USERENV.dll
0x00007ffd84ab0000 - 0x00007ffd84ada000 	C:\WINDOWS\SYSTEM32\bcrypt.dll
0x00007ffd83ab0000 - 0x00007ffd83abc000 	C:\WINDOWS\SYSTEM32\CRYPTBASE.dll
0x00007ffd82a70000 - 0x00007ffd82aa3000 	C:\WINDOWS\SYSTEM32\IPHLPAPI.DLL
0x00007ffd864a0000 - 0x00007ffd864aa000 	C:\WINDOWS\System32\NSI.dll
0x00007ffd322c0000 - 0x00007ffd32309000 	C:\Users\user\AppData\Local\Temp\jna-3599307\jna4071422309913511954.dll
0x00007ffd86670000 - 0x00007ffd86678000 	C:\WINDOWS\System32\PSAPI.DLL
0x00007ffd79840000 - 0x00007ffd7985d000 	C:\WINDOWS\SYSTEM32\dhcpcsvc6.DLL
0x00007ffd767d0000 - 0x00007ffd767f3000 	C:\WINDOWS\SYSTEM32\dhcpcsvc.DLL
0x00007ffd7f5c0000 - 0x00007ffd7f5ce000 	C:\Users\user\.vscode\extensions\redhat.java-1.54.0-win32-x64\jre\21.0.10-win32-x86_64\bin\sunmscapi.dll
0x00007ffd84c70000 - 0x00007ffd84de7000 	C:\WINDOWS\System32\CRYPT32.dll
0x00007ffd83c80000 - 0x00007ffd83cb0000 	C:\WINDOWS\SYSTEM32\ncrypt.dll
0x00007ffd83c30000 - 0x00007ffd83c6f000 	C:\WINDOWS\SYSTEM32\NTASN1.dll
0x00007ffd82b00000 - 0x00007ffd82c2a000 	C:\WINDOWS\SYSTEM32\DNSAPI.dll
0x00007ffd73f70000 - 0x00007ffd73f7b000 	C:\Windows\System32\rasadhlp.dll
0x00007ffd76100000 - 0x00007ffd76186000 	C:\WINDOWS\System32\fwpuclnt.dll
0x00007ffd654f0000 - 0x00007ffd654f9000 	C:\Users\user\.vscode\extensions\redhat.java-1.54.0-win32-x64\jre\21.0.10-win32-x86_64\bin\extnet.dll

JVMTI agents:
c:\Users\user\.vscode\extensions\redhat.java-1.54.0-win32-x64\lombok\lombok-1.18.39-4050.jar path:c:\Users\user\.vscode\extensions\redhat.java-1.54.0-win32-x64\jre\21.0.10-win32-x86_64\bin\instrument.dll, loaded, initialized, instrumentlib options:none

dbghelp: loaded successfully - version: 4.0.5 - missing functions: none
symbol engine: initialized successfully - sym options: 0x614 - pdb path: .;c:\Users\user\.vscode\extensions\redhat.java-1.54.0-win32-x64\jre\21.0.10-win32-x86_64\bin;C:\WINDOWS\SYSTEM32;C:\WINDOWS\WinSxS\amd64_microsoft.windows.common-controls_6595b64144ccf1df_6.0.26100.8037_none_3e092faae333b53b;c:\Users\user\.vscode\extensions\redhat.java-1.54.0-win32-x64\jre\21.0.10-win32-x86_64\bin\server;C:\Users\user\AppData\Roaming\Code\User\globalStorage\redhat.java\1.54.0\config_win\org.eclipse.equinox.launcher\org.eclipse.equinox.launcher.win32.win32.x86_64_1.3.0.v20260203-2149;C:\Users\user\AppData\Local\Temp\jna-3599307

VM Arguments:
jvm_args: --add-modules=ALL-SYSTEM --add-opens=java.base/java.util=ALL-UNNAMED --add-opens=java.base/java.lang=ALL-UNNAMED --add-opens=java.base/sun.nio.fs=ALL-UNNAMED -Declipse.application=org.eclipse.jdt.ls.core.id1 -Dosgi.bundles.defaultStartLevel=4 -Declipse.product=org.eclipse.jdt.ls.core.product -Djava.import.generatesMetadataFilesAtProjectRoot=false -DDetectVMInstallationsJob.disabled=true -Dfile.encoding=utf8 -XX:+UseParallelGC -XX:GCTimeRatio=4 -XX:AdaptiveSizePolicyWeight=90 -Dsun.zip.disableMemoryMapping=true -Xmx2G -Xms100m -Xlog:disable -javaagent:c:\Users\user\.vscode\extensions\redhat.java-1.54.0-win32-x64\lombok\lombok-1.18.39-4050.jar -XX:+HeapDumpOnOutOfMemoryError -XX:HeapDumpPath=c:\Users\user\AppData\Roaming\Code\User\workspaceStorage\67230564ebbaacde8c83c45484b6110f\redhat.java -Daether.dependencyCollector.impl=bf 
java_command: c:\Users\user\.vscode\extensions\redhat.java-1.54.0-win32-x64\server\plugins\org.eclipse.equinox.launcher_1.7.100.v20251111-0406.jar -configuration c:\Users\user\AppData\Roaming\Code\User\globalStorage\redhat.java\1.54.0\config_win -data c:\Users\user\AppData\Roaming\Code\User\workspaceStorage\67230564ebbaacde8c83c45484b6110f\redhat.java\jdt_ws --pipe=\\.\pipe\lsp-3743d4873578250f0b82f5f9657879da-sock
java_class_path (initial): c:\Users\user\.vscode\extensions\redhat.java-1.54.0-win32-x64\server\plugins\org.eclipse.equinox.launcher_1.7.100.v20251111-0406.jar
Launcher Type: SUN_STANDARD

[Global flags]
    uintx AdaptiveSizePolicyWeight                 = 90                                        {product} {command line}
     intx CICompilerCount                          = 4                                         {product} {ergonomic}
    uintx GCTimeRatio                              = 4                                         {product} {command line}
     bool HeapDumpOnOutOfMemoryError               = true                                   {manageable} {command line}
    ccstr HeapDumpPath                             = c:\Users\user\AppData\Roaming\Code\User\workspaceStorage\67230564ebbaacde8c83c45484b6110f\redhat.java         {manageable} {command line}
   size_t InitialHeapSize                          = 104857600                                 {product} {command line}
   size_t MaxHeapSize                              = 2147483648                                {product} {command line}
   size_t MaxNewSize                               = 715653120                                 {product} {ergonomic}
   size_t MinHeapDeltaBytes                        = 524288                                    {product} {ergonomic}
   size_t MinHeapSize                              = 104857600                                 {product} {command line}
   size_t NewSize                                  = 34603008                                  {product} {ergonomic}
    uintx NonNMethodCodeHeapSize                   = 5839372                                {pd product} {ergonomic}
    uintx NonProfiledCodeHeapSize                  = 122909434                              {pd product} {ergonomic}
   size_t OldSize                                  = 70254592                                  {product} {ergonomic}
    uintx ProfiledCodeHeapSize                     = 122909434                              {pd product} {ergonomic}
    uintx ReservedCodeCacheSize                    = 251658240                              {pd product} {ergonomic}
     bool SegmentedCodeCache                       = true                                      {product} {ergonomic}
   size_t SoftMaxHeapSize                          = 2147483648                             {manageable} {ergonomic}
     bool UseCompressedOops                        = true                           {product lp64_product} {ergonomic}
     bool UseLargePagesIndividualAllocation        = false                                  {pd product} {ergonomic}
     bool UseParallelGC                            = true                                      {product} {command line}

Logging:
Log output configuration:
 #0: stdout all=off uptime,level,tags foldmultilines=false
 #1: stderr all=off uptime,level,tags foldmultilines=false

Release file:
JAVA_VERSION="21.0.10" 
MODULES="java.base java.compiler java.datatransfer java.xml java.prefs java.desktop java.instrument java.logging java.management java.security.sasl java.naming java.rmi java.management.rmi java.net.http java.scripting java.security.jgss java.transaction.xa java.sql java.sql.rowset java.xml.crypto java.se java.smartcardio jdk.accessibility jdk.internal.jvmstat jdk.attach jdk.charsets jdk.internal.opt jdk.zipfs jdk.compiler jdk.crypto.ec jdk.crypto.cryptoki jdk.crypto.mscapi jdk.dynalink jdk.internal.ed jdk.editpad jdk.hotspot.agent jdk.httpserver jdk.internal.le jdk.internal.vm.ci jdk.internal.vm.compiler jdk.internal.vm.compiler.management jdk.jartool jdk.javadoc jdk.jcmd jdk.management jdk.management.agent jdk.jconsole jdk.jdeps jdk.jdwp.agent jdk.jdi jdk.jfr jdk.jshell jdk.jsobject jdk.jstatd jdk.localedata jdk.management.jfr jdk.naming.dns jdk.naming.rmi jdk.net jdk.nio.mapmode jdk.random jdk.sctp jdk.security.auth jdk.security.jgss jdk.unsupported jdk.unsupported.desktop jdk.xml.dom" 

Environment Variables:
PATH=C:\Program Files\Microsoft VS Code;C:\Program Files\Common Files\Oracle\Java\javapath;C:\WINDOWS\system32;C:\WINDOWS;C:\WINDOWS\System32\Wbem;C:\WINDOWS\System32\WindowsPowerShell\v1.0\;C:\WINDOWS\System32\OpenSSH\;C:\Program Files\Microsoft VS Code\bin;C:\Program Files (x86)\Microsoft SQL Server\170\Tools\Binn\;C:\Program Files\Microsoft SQL Server\170\Tools\Binn\;C:\Program Files\Microsoft SQL Server\Client SDK\ODBC\180\Tools\Binn\;C:\Program Files\Microsoft SQL Server\170\DTS\Binn\;C:\Program Files\Git\cmd;%NVM_HOME%;%NVM_SYMLINK%;C:\Users\user\AppData\Local\Microsoft\WindowsApps;C:\Users\user\AppData\Local\nvm;C:\nvm4w\nodejs
USERNAME=user
OS=Windows_NT
PROCESSOR_IDENTIFIER=Intel64 Family 6 Model 126 Stepping 5, GenuineIntel
TMP=C:\Users\user\AppData\Local\Temp
TEMP=C:\Users\user\AppData\Local\Temp




Periodic native trim disabled

---------------  S Y S T E M  ---------------

OS:
 Windows 11 , 64 bit Build 26100 (10.0.26100.7920)
OS uptime: 1 days 3:31 hours

CPU: total 8 (initial active 8) (4 cores per cpu, 2 threads per core) family 6 model 126 stepping 5 microcode 0xb0, cx8, cmov, fxsr, ht, mmx, 3dnowpref, sse, sse2, sse3, ssse3, sse4.1, sse4.2, popcnt, lzcnt, tsc, tscinvbit, avx, avx2, aes, erms, clmul, bmi1, bmi2, adx, avx512f, avx512dq, avx512cd, avx512bw, avx512vl, sha, fma, vzeroupper, avx512_vpopcntdq, avx512_vpclmulqdq, avx512_vaes, avx512_vnni, clflush, clflushopt, avx512_vbmi2, avx512_vbmi, rdtscp, rdpid, fsrm, gfni, avx512_bitalg, f16c, pku, avx512_ifma
Processor Information for the first 8 processors :
  Max Mhz: 1498, Current Mhz: 1098, Mhz Limit: 1093

Memory: 4k page, system-wide physical 7987M (1021M free)
TotalPageFile size 13549M (AvailPageFile size 1502M)
current process WorkingSet (physical memory assigned to process): 1252M, peak: 1263M
current process commit charge ("private bytes"): 1354M, peak: 1359M

vm_info: OpenJDK 64-Bit Server VM (21.0.10+7-LTS) for windows-amd64 JRE (21.0.10+7-LTS), built on 2026-01-20T00:00:00Z by "admin" with MS VC++ 17.12 (VS2022)

END.
